Archive member included to satisfy reference by file (symbol)

/usr/lib/gcc/arm-none-eabi/9.2.1/../../../arm-none-eabi/lib/thumb/v6-m/nofp/libc_nano.a(lib_a-atexit.o)
                              /usr/lib/gcc/arm-none-eabi/9.2.1/../../../arm-none-eabi/lib/thumb/v6-m/nofp/crt0.o (atexit)
/usr/lib/gcc/arm-none-eabi/9.2.1/../../../arm-none-eabi/lib/thumb/v6-m/nofp/libc_nano.a(lib_a-ctype_.o)
                              build/lexer.o (_ctype_)
/usr/lib/gcc/arm-none-eabi/9.2.1/../../../arm-none-eabi/lib/thumb/v6-m/nofp/libc_nano.a(lib_a-exit.o)
                              /usr/lib/gcc/arm-none-eabi/9.2.1/../../../arm-none-eabi/lib/thumb/v6-m/nofp/crt0.o (exit)
/usr/lib/gcc/arm-none-eabi/9.2.1/../../../arm-none-eabi/lib/thumb/v6-m/nofp/libc_nano.a(lib_a-fini.o)
                              /usr/lib/gcc/arm-none-eabi/9.2.1/../../../arm-none-eabi/lib/thumb/v6-m/nofp/crt0.o (__libc_fini_array)
/usr/lib/gcc/arm-none-eabi/9.2.1/../../../arm-none-eabi/lib/thumb/v6-m/nofp/libc_nano.a(lib_a-impure.o)
                              /usr/lib/gcc/arm-none-eabi/9.2.1/../../../arm-none-eabi/lib/thumb/v6-m/nofp/libc_nano.a(lib_a-exit.o) (_global_impure_ptr)
/usr/lib/gcc/arm-none-eabi/9.2.1/../../../arm-none-eabi/lib/thumb/v6-m/nofp/libc_nano.a(lib_a-init.o)
                              /usr/lib/gcc/arm-none-eabi/9.2.1/../../../arm-none-eabi/lib/thumb/v6-m/nofp/crt0.o (__libc_init_array)
/usr/lib/gcc/arm-none-eabi/9.2.1/../../../arm-none-eabi/lib/thumb/v6-m/nofp/libc_nano.a(lib_a-memcpy-stub.o)
                              build/usbd_cdc_if.o (memcpy)
/usr/lib/gcc/arm-none-eabi/9.2.1/../../../arm-none-eabi/lib/thumb/v6-m/nofp/libc_nano.a(lib_a-memmove.o)
                              build/parser.o (memmove)
/usr/lib/gcc/arm-none-eabi/9.2.1/../../../arm-none-eabi/lib/thumb/v6-m/nofp/libc_nano.a(lib_a-memset.o)
                              /usr/lib/gcc/arm-none-eabi/9.2.1/../../../arm-none-eabi/lib/thumb/v6-m/nofp/crt0.o (memset)
/usr/lib/gcc/arm-none-eabi/9.2.1/../../../arm-none-eabi/lib/thumb/v6-m/nofp/libc_nano.a(lib_a-nano-vfprintf_float.o)
                              (_printf_float)
/usr/lib/gcc/arm-none-eabi/9.2.1/../../../arm-none-eabi/lib/thumb/v6-m/nofp/libc_nano.a(lib_a-nano-vfprintf_i.o)
                              /usr/lib/gcc/arm-none-eabi/9.2.1/../../../arm-none-eabi/lib/thumb/v6-m/nofp/libc_nano.a(lib_a-nano-vfprintf_float.o) (_printf_common)
/usr/lib/gcc/arm-none-eabi/9.2.1/../../../arm-none-eabi/lib/thumb/v6-m/nofp/libc_nano.a(lib_a-s_frexp.o)
                              build/utils.o (frexp)
/usr/lib/gcc/arm-none-eabi/9.2.1/../../../arm-none-eabi/lib/thumb/v6-m/nofp/libc_nano.a(lib_a-s_modf.o)
                              build/utils.o (modf)
/usr/lib/gcc/arm-none-eabi/9.2.1/../../../arm-none-eabi/lib/thumb/v6-m/nofp/libc_nano.a(lib_a-snprintf.o)
                              build/utils.o (snprintf)
/usr/lib/gcc/arm-none-eabi/9.2.1/../../../arm-none-eabi/lib/thumb/v6-m/nofp/libc_nano.a(lib_a-sprintf.o)
                              build/scpi-def.o (sprintf)
/usr/lib/gcc/arm-none-eabi/9.2.1/../../../arm-none-eabi/lib/thumb/v6-m/nofp/libc_nano.a(lib_a-strlen-stub.o)
                              build/ieee488.o (strlen)
/usr/lib/gcc/arm-none-eabi/9.2.1/../../../arm-none-eabi/lib/thumb/v6-m/nofp/libc_nano.a(lib_a-strncasecmp.o)
                              build/utils.o (strncasecmp)
/usr/lib/gcc/arm-none-eabi/9.2.1/../../../arm-none-eabi/lib/thumb/v6-m/nofp/libc_nano.a(lib_a-strncat.o)
                              build/units.o (strncat)
/usr/lib/gcc/arm-none-eabi/9.2.1/../../../arm-none-eabi/lib/thumb/v6-m/nofp/libc_nano.a(lib_a-strncpy.o)
                              build/units.o (strncpy)
/usr/lib/gcc/arm-none-eabi/9.2.1/../../../arm-none-eabi/lib/thumb/v6-m/nofp/libc_nano.a(lib_a-strnlen.o)
                              build/error.o (strnlen)
/usr/lib/gcc/arm-none-eabi/9.2.1/../../../arm-none-eabi/lib/thumb/v6-m/nofp/libc_nano.a(lib_a-strtod.o)
                              build/utils.o (strtod)
/usr/lib/gcc/arm-none-eabi/9.2.1/../../../arm-none-eabi/lib/thumb/v6-m/nofp/libc_nano.a(lib_a-strtol.o)
                              build/utils.o (strtol)
/usr/lib/gcc/arm-none-eabi/9.2.1/../../../arm-none-eabi/lib/thumb/v6-m/nofp/libc_nano.a(lib_a-strtoll.o)
                              build/utils.o (strtoll)
/usr/lib/gcc/arm-none-eabi/9.2.1/../../../arm-none-eabi/lib/thumb/v6-m/nofp/libc_nano.a(lib_a-strtoul.o)
                              build/utils.o (strtoul)
/usr/lib/gcc/arm-none-eabi/9.2.1/../../../arm-none-eabi/lib/thumb/v6-m/nofp/libc_nano.a(lib_a-strtoull.o)
                              build/utils.o (strtoull)
/usr/lib/gcc/arm-none-eabi/9.2.1/../../../arm-none-eabi/lib/thumb/v6-m/nofp/libc_nano.a(lib_a-__atexit.o)
                              /usr/lib/gcc/arm-none-eabi/9.2.1/../../../arm-none-eabi/lib/thumb/v6-m/nofp/libc_nano.a(lib_a-atexit.o) (__register_exitproc)
/usr/lib/gcc/arm-none-eabi/9.2.1/../../../arm-none-eabi/lib/thumb/v6-m/nofp/libc_nano.a(lib_a-__call_atexit.o)
[...]
Memory Configuration

Name             Origin             Length             Attributes
RAM              0x0000000020000000 0x0000000000004000 xrw
FLASH            0x0000000008000000 0x0000000000020000 xr
*default*        0x0000000000000000 0xffffffffffffffff

Linker script and memory map

LOAD /usr/lib/gcc/arm-none-eabi/9.2.1/thumb/v6-m/nofp/crti.o
LOAD /usr/lib/gcc/arm-none-eabi/9.2.1/thumb/v6-m/nofp/crtbegin.o
LOAD /usr/lib/gcc/arm-none-eabi/9.2.1/../../../arm-none-eabi/lib/thumb/v6-m/nofp/crt0.o
LOAD build/main.o
LOAD build/MP8862.o
LOAD build/stm32f0xx_it.o
LOAD build/stm32f0xx_hal_msp.o
LOAD build/usb_device.o
LOAD build/usbd_desc.o
LOAD build/usbd_cdc_if.o
LOAD build/usbd_conf.o
LOAD build/stm32f0xx_ll_usb.o
LOAD build/stm32f0xx_hal_pcd.o
LOAD build/stm32f0xx_hal_pcd_ex.o
LOAD build/stm32f0xx_hal_rcc.o
LOAD build/stm32f0xx_hal_rcc_ex.o
LOAD build/stm32f0xx_hal.o
LOAD build/stm32f0xx_hal_i2c.o
LOAD build/stm32f0xx_hal_i2c_ex.o
LOAD build/stm32f0xx_hal_gpio.o
LOAD build/stm32f0xx_hal_dma.o
LOAD build/stm32f0xx_hal_cortex.o
LOAD build/stm32f0xx_hal_pwr.o
LOAD build/stm32f0xx_hal_pwr_ex.o
LOAD build/stm32f0xx_hal_flash.o
LOAD build/stm32f0xx_hal_flash_ex.o
LOAD build/stm32f0xx_hal_exti.o
LOAD build/stm32f0xx_hal_adc.o
LOAD build/stm32f0xx_hal_adc_ex.o
LOAD build/stm32f0xx_hal_tim.o
LOAD build/stm32f0xx_hal_tim_ex.o
LOAD build/system_stm32f0xx.o
LOAD build/usbd_core.o
LOAD build/usbd_ctlreq.o
LOAD build/usbd_ioreq.o
LOAD build/usbd_cdc.o
LOAD build/scpi-def.o
LOAD build/error.o
LOAD build/expression.o
LOAD build/fifo.o
LOAD build/ieee488.o
LOAD build/lexer.o
LOAD build/minimal.o
LOAD build/parser.o
LOAD build/units.o
LOAD build/utils.o
LOAD build/scpi-com.o
LOAD build/startup_stm32f072xb.o
LOAD /usr/lib/gcc/arm-none-eabi/9.2.1/../../../arm-none-eabi/lib/thumb/v6-m/nofp/libc_nano.a
LOAD /usr/lib/gcc/arm-none-eabi/9.2.1/../../../arm-none-eabi/lib/thumb/v6-m/nofp/libm.a
LOAD /usr/lib/gcc/arm-none-eabi/9.2.1/../../../arm-none-eabi/lib/thumb/v6-m/nofp/libnosys.a
START GROUP
LOAD /usr/lib/gcc/arm-none-eabi/9.2.1/thumb/v6-m/nofp/libgcc.a
LOAD /usr/lib/gcc/arm-none-eabi/9.2.1/../../../arm-none-eabi/lib/thumb/v6-m/nofp/libc_nano.a
END GROUP
START GROUP
LOAD /usr/lib/gcc/arm-none-eabi/9.2.1/thumb/v6-m/nofp/libgcc.a
LOAD /usr/lib/gcc/arm-none-eabi/9.2.1/../../../arm-none-eabi/lib/thumb/v6-m/nofp/libc_nano.a
END GROUP
LOAD /usr/lib/gcc/arm-none-eabi/9.2.1/thumb/v6-m/nofp/crtend.o
LOAD /usr/lib/gcc/arm-none-eabi/9.2.1/thumb/v6-m/nofp/crtn.o
                0x0000000020004000                _estack = 0x20004000
                0x0000000000000200                _Min_Heap_Size = 0x200
                0x0000000000000400                _Min_Stack_Size = 0x400

.isr_vector     0x0000000008000000       0xc0
                0x0000000008000000                . = ALIGN (0x4)
 *(.isr_vector)
 .isr_vector    0x0000000008000000       0xc0 build/startup_stm32f072xb.o
                0x0000000008000000                g_pfnVectors
                0x00000000080000c0                . = ALIGN (0x4)

.text           0x00000000080000c0    0x10fec
                0x00000000080000c0                . = ALIGN (0x4)
 *(.text)
 .text          0x00000000080000c0       0x98 /usr/lib/gcc/arm-none-eabi/9.2.1/thumb/v6-m/nofp/crtbegin.o
 .text          0x0000000008000158       0x44 /usr/lib/gcc/arm-none-eabi/9.2.1/../../../arm-none-eabi/lib/thumb/v6-m/nofp/libc_nano.a(lib_a-init.o)
                0x0000000008000158                __libc_init_array
 .text          0x000000000800019c       0xa8 /usr/lib/gcc/arm-none-eabi/9.2.1/../../../arm-none-eabi/lib/thumb/v6-m/nofp/libc_nano.a(lib_a-memcpy-stub.o)
                0x000000000800019c                memcpy
 .text          0x0000000008000244       0xbc /usr/lib/gcc/arm-none-eabi/9.2.1/../../../arm-none-eabi/lib/thumb/v6-m/nofp/libc_nano.a(lib_a-memmove.o)
                0x0000000008000244                memmove
 .text          0x0000000008000300       0xa8 /usr/lib/gcc/arm-none-eabi/9.2.1/../../../arm-none-eabi/lib/thumb/v6-m/nofp/libc_nano.a(lib_a-memset.o)
                0x0000000008000300                memset
 .text          0x00000000080003a8      0x7b8 /usr/lib/gcc/arm-none-eabi/9.2.1/../../../arm-none-eabi/lib/thumb/v6-m/nofp/libc_nano.a(lib_a-nano-vfprintf_float.o)
                0x00000000080003a8                __cvt
                0x00000000080004b8                __exponent
                0x000000000800054c                _printf_float
 .text          0x0000000008000b60      0x3d8 /usr/lib/gcc/arm-none-eabi/9.2.1/../../../arm-none-eabi/lib/thumb/v6-m/nofp/libc_nano.a(lib_a-nano-vfprintf_i.o)
                0x0000000008000b60                _printf_common
                0x0000000008000c90                _printf_i
 .text          0x0000000008000f38       0xfc /usr/lib/gcc/arm-none-eabi/9.2.1/../../../arm-none-eabi/lib/thumb/v6-m/nofp/libc_nano.a(lib_a-snprintf.o)
                0x0000000008000f38                _sniprintf_r
                0x0000000008000f38                _snprintf_r
                0x0000000008000fb4                snprintf
                0x0000000008000fb4                sniprintf
 .text          0x0000000008001034       0x78 /usr/lib/gcc/arm-none-eabi/9.2.1/../../../arm-none-eabi/lib/thumb/v6-m/nofp/libc_nano.a(lib_a-sprintf.o)
                0x0000000008001034                _siprintf_r
                0x0000000008001034                _sprintf_r
                0x000000000800106c                sprintf
                0x000000000800106c                siprintf
 .text          0x00000000080010ac       0x68 /usr/lib/gcc/arm-none-eabi/9.2.1/../../../arm-none-eabi/lib/thumb/v6-m/nofp/libc_nano.a(lib_a-strlen-stub.o)
                0x00000000080010ac                strlen
 .text          0x0000000008001114       0x4c /usr/lib/gcc/arm-none-eabi/9.2.1/../../../arm-none-eabi/lib/thumb/v6-m/nofp/libc_nano.a(lib_a-strncasecmp.o)
                0x0000000008001114                strncasecmp
 .text          0x0000000008001160       0x2c /usr/lib/gcc/arm-none-eabi/9.2.1/../../../arm-none-eabi/lib/thumb/v6-m/nofp/libc_nano.a(lib_a-strnlen.o)
                0x0000000008001160                strnlen
 .text          0x000000000800118c     0x10b8 /usr/lib/gcc/arm-none-eabi/9.2.1/../../../arm-none-eabi/lib/thumb/v6-m/nofp/libc_nano.a(lib_a-strtod.o)
                0x00000000080011bc                _strtod_l
                0x000000000800209c                _strtod_r
                0x00000000080020ac                strtod_l
                0x00000000080020c4                strtod
                0x00000000080020e0                strtof_l
                0x0000000008002190                strtof
 .text          0x0000000008002244      0x184 /usr/lib/gcc/arm-none-eabi/9.2.1/../../../arm-none-eabi/lib/thumb/v6-m/nofp/libc_nano.a(lib_a-strtol.o)
                0x0000000008002390                _strtol_r
                0x0000000008002398                strtol_l
                0x00000000080023b0                strtol
 .text          0x00000000080023c8      0x1d8 /usr/lib/gcc/arm-none-eabi/9.2.1/../../../arm-none-eabi/lib/thumb/v6-m/nofp/libc_nano.a(lib_a-strtoll.o)
                0x0000000008002568                _strtoll_r
                0x0000000008002570                strtoll_l
                0x0000000008002588                strtoll
 .text          0x00000000080025a0      0x180 /usr/lib/gcc/arm-none-eabi/9.2.1/../../../arm-none-eabi/lib/thumb/v6-m/nofp/libc_nano.a(lib_a-strtoul.o)
                0x00000000080026e8                _strtoul_r
                0x00000000080026f0                strtoul_l
                0x0000000008002708                strtoul
 .text          0x0000000008002720      0x1f4 /usr/lib/gcc/arm-none-eabi/9.2.1/../../../arm-none-eabi/lib/thumb/v6-m/nofp/libc_nano.a(lib_a-strtoull.o)
                0x00000000080028dc                _strtoull_r
                0x00000000080028e4                strtoull_l
                0x00000000080028fc                strtoull
 .text          0x0000000008002914     0x116c /usr/lib/gcc/arm-none-eabi/9.2.1/../../../arm-none-eabi/lib/thumb/v6-m/nofp/libc_nano.a(lib_a-dtoa.o)
                0x0000000008002a68                _dtoa_r
 .text          0x0000000008003a80        0xc /usr/lib/gcc/arm-none-eabi/9.2.1/../../../arm-none-eabi/lib/thumb/v6-m/nofp/libc_nano.a(lib_a-errno.o)
                0x0000000008003a80                __errno
 .text          0x0000000008003a8c      0x634 /usr/lib/gcc/arm-none-eabi/9.2.1/../../../arm-none-eabi/lib/thumb/v6-m/nofp/libc_nano.a(lib_a-gdtoa-gethex.o)
                0x0000000008003b30                __gethex
 .text          0x00000000080040c0      0x1d8 /usr/lib/gcc/arm-none-eabi/9.2.1/../../../arm-none-eabi/lib/thumb/v6-m/nofp/libc_nano.a(lib_a-gdtoa-hexnan.o)
                0x00000000080040c0                __match
                0x00000000080040ec                __hexnan
 .text          0x0000000008004298       0x14 /usr/lib/gcc/arm-none-eabi/9.2.1/../../../arm-none-eabi/lib/thumb/v6-m/nofp/libc_nano.a(lib_a-localeconv.o)
                0x0000000008004298                __localeconv_l
                0x000000000800429c                _localeconv_r
                0x00000000080042a4                localeconv
 .text          0x00000000080042ac       0x28 /usr/lib/gcc/arm-none-eabi/9.2.1/../../../arm-none-eabi/lib/thumb/v6-m/nofp/libc_nano.a(lib_a-malloc.o)
                0x00000000080042ac                malloc
                0x00000000080042c0                free
 .text          0x00000000080042d4       0x44 /usr/lib/gcc/arm-none-eabi/9.2.1/../../../arm-none-eabi/lib/thumb/v6-m/nofp/libc_nano.a(lib_a-mbtowc_r.o)
                0x00000000080042d4                _mbtowc_r
                0x00000000080042ec                __ascii_mbtowc
 .text          0x0000000008004318       0x80 /usr/lib/gcc/arm-none-eabi/9.2.1/../../../arm-none-eabi/lib/thumb/v6-m/nofp/libc_nano.a(lib_a-memchr-stub.o)
                0x0000000008004318                memchr
 .text          0x0000000008004398      0xac4 /usr/lib/gcc/arm-none-eabi/9.2.1/../../../arm-none-eabi/lib/thumb/v6-m/nofp/libc_nano.a(lib_a-mprec.o)
                0x0000000008004398                _Balloc
                0x000000000800441c                _Bfree
                0x0000000008004468                __multadd
                0x0000000008004510                __s2b
                0x00000000080045bc                __hi0bits
                0x00000000080045f4                __lo0bits
                0x0000000008004650                __i2b
                0x000000000800467c                __multiply
                0x0000000008004808                __pow5mult
                0x00000000080048e8                __lshift
                0x00000000080049c8                __mcmp
                0x00000000080049fc                __mdiff
                0x0000000008004b44                __ulp
                0x0000000008004b8c                __b2d
                0x0000000008004c44                __d2b
                0x0000000008004d1c                __ratio
                0x0000000008004d90                _mprec_log10
                0x0000000008004dc4                __copybits
                0x0000000008004e04                __any_on
 .text          0x0000000008004e5c       0x1c /usr/lib/gcc/arm-none-eabi/9.2.1/../../../arm-none-eabi/lib/thumb/v6-m/nofp/libc_nano.a(lib_a-nano-callocr.o)
                0x0000000008004e5c                _calloc_r
 .text          0x0000000008004e78       0xac /usr/lib/gcc/arm-none-eabi/9.2.1/../../../arm-none-eabi/lib/thumb/v6-m/nofp/libc_nano.a(lib_a-nano-freer.o)
                0x0000000008004e78                _free_r
 .text          0x0000000008004f24       0xcc /usr/lib/gcc/arm-none-eabi/9.2.1/../../../arm-none-eabi/lib/thumb/v6-m/nofp/libc_nano.a(lib_a-nano-mallocr.o)
                0x0000000008004f24                _malloc_r
 .text          0x0000000008004ff0      0x480 /usr/lib/gcc/arm-none-eabi/9.2.1/../../../arm-none-eabi/lib/thumb/v6-m/nofp/libc_nano.a(lib_a-nano-svfprintf.o)
                0x0000000008004ff0                __ssputs_r
                0x00000000080050c0                __ssprint_r
                0x00000000080051d4                _svfprintf_r
                0x00000000080051d4                _svfiprintf_r
 .text          0x0000000008005470        0xc /usr/lib/gcc/arm-none-eabi/9.2.1/../../../arm-none-eabi/lib/thumb/v6-m/nofp/libc_nano.a(lib_a-s_nan.o)
                0x0000000008005470                nan
 .text          0x000000000800547c       0x24 /usr/lib/gcc/arm-none-eabi/9.2.1/../../../arm-none-eabi/lib/thumb/v6-m/nofp/libc_nano.a(lib_a-sbrkr.o)
                0x000000000800547c                _sbrk_r
 .text          0x00000000080054a0        0x8 /usr/lib/gcc/arm-none-eabi/9.2.1/../../../arm-none-eabi/lib/thumb/v6-m/nofp/libc_nano.a(lib_a-sf_nan.o)
                0x00000000080054a0                nanf
 .text          0x00000000080054a8       0x94 /usr/lib/gcc/arm-none-eabi/9.2.1/../../../arm-none-eabi/lib/thumb/v6-m/nofp/libc_nano.a(lib_a-strncmp.o)
                0x00000000080054a8                strncmp
 .text          0x000000000800553c       0x2c /usr/lib/gcc/arm-none-eabi/9.2.1/../../../arm-none-eabi/lib/thumb/v6-m/nofp/libc_nano.a(lib_a-wctomb_r.o)
                0x000000000800553c                _wctomb_r
                0x000000000800554c                __ascii_wctomb
 .text          0x0000000008005568       0x4c /usr/lib/gcc/arm-none-eabi/9.2.1/../../../arm-none-eabi/lib/thumb/v6-m/nofp/libc_nano.a(lib_a-assert.o)
                0x0000000008005568                __assert_func
                0x00000000080055a8                __assert
 .text          0x00000000080055b4       0x3c /usr/lib/gcc/arm-none-eabi/9.2.1/../../../arm-none-eabi/lib/thumb/v6-m/nofp/libc_nano.a(lib_a-fprintf.o)
                0x00000000080055b4                _fprintf_r
                0x00000000080055b4                _fiprintf_r
                0x00000000080055cc                fprintf
                0x00000000080055cc                fiprintf
 .text          0x00000000080055f0        0x8 /usr/lib/gcc/arm-none-eabi/9.2.1/../../../arm-none-eabi/lib/thumb/v6-m/nofp/libc_nano.a(lib_a-mlock.o)
                0x00000000080055f0                __malloc_lock
                0x00000000080055f4                __malloc_unlock
 .text          0x00000000080055f8       0x50 /usr/lib/gcc/arm-none-eabi/9.2.1/../../../arm-none-eabi/lib/thumb/v6-m/nofp/libc_nano.a(lib_a-nano-reallocr.o)
                0x00000000080055f8                _realloc_r
 .text          0x0000000008005648      0x384 /usr/lib/gcc/arm-none-eabi/9.2.1/../../../arm-none-eabi/lib/thumb/v6-m/nofp/libc_nano.a(lib_a-nano-vfprintf.o)
                0x0000000008005670                __sfputs_r
                0x000000000800569c                __sprint_r
                0x00000000080056b8                _vfiprintf_r
                0x00000000080056b8                _vfprintf_r
                0x00000000080059b4                vfiprintf
                0x00000000080059b4                vfprintf
 .text          0x00000000080059cc       0xec /usr/lib/gcc/arm-none-eabi/9.2.1/../../../arm-none-eabi/lib/thumb/v6-m/nofp/libc_nano.a(lib_a-wbuf.o)
                0x00000000080059cc                __swbuf_r
                0x0000000008005aa0                __swbuf
 .text          0x0000000008005ab8      0x10c /usr/lib/gcc/arm-none-eabi/9.2.1/../../../arm-none-eabi/lib/thumb/v6-m/nofp/libc_nano.a(lib_a-wsetup.o)
                0x0000000008005ab8                __swsetup_r
 .text          0x0000000008005bc4       0x10 /usr/lib/gcc/arm-none-eabi/9.2.1/../../../arm-none-eabi/lib/thumb/v6-m/nofp/libc_nano.a(lib_a-abort.o)
                0x0000000008005bc4                abort
 .text          0x0000000008005bd4      0x1b8 /usr/lib/gcc/arm-none-eabi/9.2.1/../../../arm-none-eabi/lib/thumb/v6-m/nofp/libc_nano.a(lib_a-fflush.o)
                0x0000000008005bd4                __sflush_r
                0x0000000008005d08                _fflush_r
                0x0000000008005d64                fflush
 .text          0x0000000008005d8c      0x240 /usr/lib/gcc/arm-none-eabi/9.2.1/../../../arm-none-eabi/lib/thumb/v6-m/nofp/libc_nano.a(lib_a-findfp.o)
                0x0000000008005d90                _cleanup_r
                0x0000000008005da4                __sfmoreglue
                0x0000000008005dd4                __sfp
                0x0000000008005f64                _cleanup
                0x0000000008005f7c                __sinit
                0x0000000008005f8c                __sfp_lock_acquire
                0x0000000008005f90                __sfp_lock_release
                0x0000000008005f94                __sinit_lock_acquire
                0x0000000008005f98                __sinit_lock_release
                0x0000000008005f9c                __fp_lock_all
                0x0000000008005fb4                __fp_unlock_all
 .text          0x0000000008005fcc      0x320 /usr/lib/gcc/arm-none-eabi/9.2.1/../../../arm-none-eabi/lib/thumb/v6-m/nofp/libc_nano.a(lib_a-fvwrite.o)
                0x0000000008005fcc                __sfvwrite_r
 .text          0x00000000080062ec       0x90 /usr/lib/gcc/arm-none-eabi/9.2.1/../../../arm-none-eabi/lib/thumb/v6-m/nofp/libc_nano.a(lib_a-fwalk.o)
                0x00000000080062ec                _fwalk
                0x0000000008006330                _fwalk_reent
 .text          0x000000000800637c       0xe0 /usr/lib/gcc/arm-none-eabi/9.2.1/../../../arm-none-eabi/lib/thumb/v6-m/nofp/libc_nano.a(lib_a-makebuf.o)
                0x000000000800637c                __swhatbuf_r
                0x00000000080063cc                __smakebuf_r
 .text          0x000000000800645c       0x14 /usr/lib/gcc/arm-none-eabi/9.2.1/../../../arm-none-eabi/lib/thumb/v6-m/nofp/libc_nano.a(lib_a-nano-msizer.o)
                0x000000000800645c                _malloc_usable_size_r
 .text          0x0000000008006470      0x178 /usr/lib/gcc/arm-none-eabi/9.2.1/../../../arm-none-eabi/lib/thumb/v6-m/nofp/libc_nano.a(lib_a-signal.o)
                0x0000000008006498                _init_signal_r
                0x00000000080064b0                _signal_r
                0x00000000080064e8                _raise_r
                0x0000000008006540                __sigtramp_r
                0x000000000800658c                raise
                0x00000000080065a0                signal
                0x00000000080065b8                _init_signal
                0x00000000080065d4                __sigtramp
 .text          0x00000000080065e8       0x30 /usr/lib/gcc/arm-none-eabi/9.2.1/../../../arm-none-eabi/lib/thumb/v6-m/nofp/libc_nano.a(lib_a-signalr.o)
                0x00000000080065e8                _kill_r
                0x0000000008006610                _getpid_r
 .text          0x0000000008006618       0xa4 /usr/lib/gcc/arm-none-eabi/9.2.1/../../../arm-none-eabi/lib/thumb/v6-m/nofp/libc_nano.a(lib_a-stdio.o)
                0x0000000008006618                __sread
                0x0000000008006640                __seofread
                0x0000000008006644                __swrite
                0x0000000008006684                __sseek
                0x00000000080066b0                __sclose
 .text          0x00000000080066bc       0x28 /usr/lib/gcc/arm-none-eabi/9.2.1/../../../arm-none-eabi/lib/thumb/v6-m/nofp/libc_nano.a(lib_a-writer.o)
                0x00000000080066bc                _write_r
 .text          0x00000000080066e4       0x24 /usr/lib/gcc/arm-none-eabi/9.2.1/../../../arm-none-eabi/lib/thumb/v6-m/nofp/libc_nano.a(lib_a-closer.o)
                0x00000000080066e4                _close_r
 .text          0x0000000008006708       0x28 /usr/lib/gcc/arm-none-eabi/9.2.1/../../../arm-none-eabi/lib/thumb/v6-m/nofp/libc_nano.a(lib_a-fstatr.o)
                0x0000000008006708                _fstat_r
 .text          0x0000000008006730       0x24 /usr/lib/gcc/arm-none-eabi/9.2.1/../../../arm-none-eabi/lib/thumb/v6-m/nofp/libc_nano.a(lib_a-isattyr.o)
                0x0000000008006730                _isatty_r
 .text          0x0000000008006754       0x28 /usr/lib/gcc/arm-none-eabi/9.2.1/../../../arm-none-eabi/lib/thumb/v6-m/nofp/libc_nano.a(lib_a-lseekr.o)
                0x0000000008006754                _lseek_r
 .text          0x000000000800677c       0x28 /usr/lib/gcc/arm-none-eabi/9.2.1/../../../arm-none-eabi/lib/thumb/v6-m/nofp/libc_nano.a(lib_a-readr.o)
                0x000000000800677c                _read_r
 .text          0x00000000080067a4       0x10 /usr/lib/gcc/arm-none-eabi/9.2.1/../../../arm-none-eabi/lib/thumb/v6-m/nofp/libnosys.a(close.o)
                0x00000000080067a4                _close
 .text          0x00000000080067b4       0x10 /usr/lib/gcc/arm-none-eabi/9.2.1/../../../arm-none-eabi/lib/thumb/v6-m/nofp/libnosys.a(fstat.o)
                0x00000000080067b4                _fstat
 .text          0x00000000080067c4       0x10 /usr/lib/gcc/arm-none-eabi/9.2.1/../../../arm-none-eabi/lib/thumb/v6-m/nofp/libnosys.a(getpid.o)
                0x00000000080067c4                _getpid
 .text          0x00000000080067d4       0x10 /usr/lib/gcc/arm-none-eabi/9.2.1/../../../arm-none-eabi/lib/thumb/v6-m/nofp/libnosys.a(isatty.o)
                0x00000000080067d4                _isatty
 .text          0x00000000080067e4       0x10 /usr/lib/gcc/arm-none-eabi/9.2.1/../../../arm-none-eabi/lib/thumb/v6-m/nofp/libnosys.a(kill.o)
                0x00000000080067e4                _kill
 .text          0x00000000080067f4       0x10 /usr/lib/gcc/arm-none-eabi/9.2.1/../../../arm-none-eabi/lib/thumb/v6-m/nofp/libnosys.a(lseek.o)
                0x00000000080067f4                _lseek
 .text          0x0000000008006804       0x10 /usr/lib/gcc/arm-none-eabi/9.2.1/../../../arm-none-eabi/lib/thumb/v6-m/nofp/libnosys.a(read.o)
                0x0000000008006804                _read
 .text          0x0000000008006814       0x1c /usr/lib/gcc/arm-none-eabi/9.2.1/../../../arm-none-eabi/lib/thumb/v6-m/nofp/libnosys.a(sbrk.o)
                0x0000000008006814                _sbrk
 .text          0x0000000008006830       0x10 /usr/lib/gcc/arm-none-eabi/9.2.1/../../../arm-none-eabi/lib/thumb/v6-m/nofp/libnosys.a(write.o)
                0x0000000008006830                _write
 .text          0x0000000008006840        0x4 /usr/lib/gcc/arm-none-eabi/9.2.1/../../../arm-none-eabi/lib/thumb/v6-m/nofp/libnosys.a(_exit.o)
                0x0000000008006840                _exit
 .text          0x0000000008006844      0x114 /usr/lib/gcc/arm-none-eabi/9.2.1/thumb/v6-m/nofp/libgcc.a(_udivsi3.o)
                0x0000000008006844                __udivsi3
                0x0000000008006844                __aeabi_uidiv
                0x0000000008006950                __aeabi_uidivmod
 .text          0x0000000008006958      0x1d4 /usr/lib/gcc/arm-none-eabi/9.2.1/thumb/v6-m/nofp/libgcc.a(_divsi3.o)
                0x0000000008006958                __aeabi_idiv
                0x0000000008006958                __divsi3
                0x0000000008006b24                __aeabi_idivmod
 .text          0x0000000008006b2c        0x4 /usr/lib/gcc/arm-none-eabi/9.2.1/thumb/v6-m/nofp/libgcc.a(_dvmd_tls.o)
                0x0000000008006b2c                __aeabi_ldiv0
                0x0000000008006b2c                __aeabi_idiv0
 .text          0x0000000008006b30       0x7c /usr/lib/gcc/arm-none-eabi/9.2.1/thumb/v6-m/nofp/libgcc.a(_arm_cmpdf2.o)
                0x0000000008006b30                __aeabi_cdrcmple
                0x0000000008006b40                __aeabi_cdcmple
                0x0000000008006b40                __aeabi_cdcmpeq
                0x0000000008006b50                __aeabi_dcmpeq
                0x0000000008006b5c                __aeabi_dcmplt
                0x0000000008006b70                __aeabi_dcmple
                0x0000000008006b84                __aeabi_dcmpgt
                0x0000000008006b98                __aeabi_dcmpge
 .text          0x0000000008006bac       0x74 /usr/lib/gcc/arm-none-eabi/9.2.1/thumb/v6-m/nofp/libgcc.a(_arm_cmpsf2.o)
                0x0000000008006bac                __aeabi_cfrcmple
                0x0000000008006bb4                __aeabi_cfcmple
                0x0000000008006bb4                __aeabi_cfcmpeq
                0x0000000008006bc4                __aeabi_fcmpeq
                0x0000000008006bd0                __aeabi_fcmplt
                0x0000000008006be4                __aeabi_fcmple
                0x0000000008006bf8                __aeabi_fcmpgt
                0x0000000008006c0c                __aeabi_fcmpge
 .text          0x0000000008006c20       0x40 /usr/lib/gcc/arm-none-eabi/9.2.1/thumb/v6-m/nofp/libgcc.a(_aeabi_uldivmod.o)
                0x0000000008006c20                __aeabi_uldivmod
 .text          0x0000000008006c60       0x50 /usr/lib/gcc/arm-none-eabi/9.2.1/thumb/v6-m/nofp/libgcc.a(_muldi3.o)
                0x0000000008006c60                __aeabi_lmul
                0x0000000008006c60                __muldi3
 .text          0x0000000008006cb0       0x3c /usr/lib/gcc/arm-none-eabi/9.2.1/thumb/v6-m/nofp/libgcc.a(_fixunsdfsi.o)
                0x0000000008006cb0                __fixunsdfsi
                0x0000000008006cb0                __aeabi_d2uiz
 .text          0x0000000008006cec       0x3c /usr/lib/gcc/arm-none-eabi/9.2.1/thumb/v6-m/nofp/libgcc.a(_fixdfdi.o)
                0x0000000008006cec                __aeabi_d2lz
                0x0000000008006cec                __fixdfdi
 .text          0x0000000008006d28       0x3c /usr/lib/gcc/arm-none-eabi/9.2.1/thumb/v6-m/nofp/libgcc.a(_fixunsdfdi.o)
                0x0000000008006d28                __aeabi_d2ulz
                0x0000000008006d28                __fixunsdfdi
 .text          0x0000000008006d64       0x2c /usr/lib/gcc/arm-none-eabi/9.2.1/thumb/v6-m/nofp/libgcc.a(_floatdidf.o)
                0x0000000008006d64                __floatdidf
                0x0000000008006d64                __aeabi_l2d
 .text          0x0000000008006d90       0x2c /usr/lib/gcc/arm-none-eabi/9.2.1/thumb/v6-m/nofp/libgcc.a(_floatundidf.o)
                0x0000000008006d90                __aeabi_ul2d
                0x0000000008006d90                __floatundidf
 .text          0x0000000008006dbc      0x198 /usr/lib/gcc/arm-none-eabi/9.2.1/thumb/v6-m/nofp/libgcc.a(_udivmoddi4.o)
                0x0000000008006dbc                __udivmoddi4
 .text          0x0000000008006f54      0x338 /usr/lib/gcc/arm-none-eabi/9.2.1/thumb/v6-m/nofp/libgcc.a(addsf3.o)
                0x0000000008006f54                __aeabi_fadd
 .text          0x000000000800728c       0x50 /usr/lib/gcc/arm-none-eabi/9.2.1/thumb/v6-m/nofp/libgcc.a(eqsf2.o)
                0x000000000800728c                __nesf2
                0x000000000800728c                __eqsf2
 .text          0x00000000080072dc       0x98 /usr/lib/gcc/arm-none-eabi/9.2.1/thumb/v6-m/nofp/libgcc.a(gesf2.o)
                0x00000000080072dc                __gtsf2
                0x00000000080072dc                __gesf2
 .text          0x0000000008007374       0x94 /usr/lib/gcc/arm-none-eabi/9.2.1/thumb/v6-m/nofp/libgcc.a(lesf2.o)
                0x0000000008007374                __lesf2
                0x0000000008007374                __ltsf2
 .text          0x0000000008007408       0x2c /usr/lib/gcc/arm-none-eabi/9.2.1/thumb/v6-m/nofp/libgcc.a(unordsf2.o)
                0x0000000008007408                __aeabi_fcmpun
 .text          0x0000000008007434       0x78 /usr/lib/gcc/arm-none-eabi/9.2.1/thumb/v6-m/nofp/libgcc.a(floatunsisf.o)
                0x0000000008007434                __aeabi_ui2f
 .text          0x00000000080074ac      0x6d4 /usr/lib/gcc/arm-none-eabi/9.2.1/thumb/v6-m/nofp/libgcc.a(adddf3.o)
                0x00000000080074ac                __aeabi_dadd
 .text          0x0000000008007b80      0x5d0 /usr/lib/gcc/arm-none-eabi/9.2.1/thumb/v6-m/nofp/libgcc.a(divdf3.o)
                0x0000000008007b80                __aeabi_ddiv
 .text          0x0000000008008150       0x78 /usr/lib/gcc/arm-none-eabi/9.2.1/thumb/v6-m/nofp/libgcc.a(eqdf2.o)
                0x0000000008008150                __eqdf2
                0x0000000008008150                __nedf2
 .text          0x00000000080081c8       0xe4 /usr/lib/gcc/arm-none-eabi/9.2.1/thumb/v6-m/nofp/libgcc.a(gedf2.o)
                0x00000000080081c8                __gtdf2
                0x00000000080081c8                __gedf2
 .text          0x00000000080082ac       0xe0 /usr/lib/gcc/arm-none-eabi/9.2.1/thumb/v6-m/nofp/libgcc.a(ledf2.o)
                0x00000000080082ac                __ltdf2
                0x00000000080082ac                __ledf2
 .text          0x000000000800838c      0x4d8 /usr/lib/gcc/arm-none-eabi/9.2.1/thumb/v6-m/nofp/libgcc.a(muldf3.o)
                0x000000000800838c                __aeabi_dmul
 .text          0x0000000008008864      0x724 /usr/lib/gcc/arm-none-eabi/9.2.1/thumb/v6-m/nofp/libgcc.a(subdf3.o)
                0x0000000008008864                __aeabi_dsub
 .text          0x0000000008008f88       0x3c /usr/lib/gcc/arm-none-eabi/9.2.1/thumb/v6-m/nofp/libgcc.a(unorddf2.o)
                0x0000000008008f88                __aeabi_dcmpun
 .text          0x0000000008008fc4       0x6c /usr/lib/gcc/arm-none-eabi/9.2.1/thumb/v6-m/nofp/libgcc.a(fixdfsi.o)
                0x0000000008008fc4                __aeabi_d2iz
 .text          0x0000000008009030       0x60 /usr/lib/gcc/arm-none-eabi/9.2.1/thumb/v6-m/nofp/libgcc.a(floatsidf.o)
                0x0000000008009030                __aeabi_i2d
 .text          0x0000000008009090       0x4c /usr/lib/gcc/arm-none-eabi/9.2.1/thumb/v6-m/nofp/libgcc.a(floatunsidf.o)
                0x0000000008009090                __aeabi_ui2d
 .text          0x00000000080090dc       0x90 /usr/lib/gcc/arm-none-eabi/9.2.1/thumb/v6-m/nofp/libgcc.a(extendsfdf2.o)
                0x00000000080090dc                __aeabi_f2d
 .text          0x000000000800916c      0x110 /usr/lib/gcc/arm-none-eabi/9.2.1/thumb/v6-m/nofp/libgcc.a(truncdfsf2.o)
                0x000000000800916c                __aeabi_d2f
 .text          0x000000000800927c       0x3c /usr/lib/gcc/arm-none-eabi/9.2.1/thumb/v6-m/nofp/libgcc.a(_clzsi2.o)
                0x000000000800927c                __clzsi2
 .text          0x00000000080092b8       0x18 /usr/lib/gcc/arm-none-eabi/9.2.1/thumb/v6-m/nofp/libgcc.a(_clzdi2.o)
                0x00000000080092b8                __clzdi2
 *(.text*)
 .text.MX_GPIO_Init
                0x00000000080092d0       0x9c build/main.o
 .text.MX_I2C2_Init
                0x000000000800936c       0x44 build/main.o
 .text.MX_DMA_Init
                0x00000000080093b0       0x40 build/main.o
 .text.MX_ADC_Init
                0x00000000080093f0       0xb4 build/main.o
 .text.MX_TIM1_Init
                0x00000000080094a4       0x60 build/main.o
 .text.MX_TIM2_Init
                0x0000000008009504       0x64 build/main.o
 .text.SystemClock_Config
                0x0000000008009568       0x5e build/main.o
                0x0000000008009568                SystemClock_Config
 *fill*         0x00000000080095c6        0x2 
 .text.main     0x00000000080095c8      0x27c build/main.o
                0x00000000080095c8                main
 .text.Error_Handler
                0x0000000008009844        0x4 build/main.o
                0x0000000008009844                Error_Handler
 .text.MP8862_isReady
                0x0000000008009848       0x18 build/MP8862.o
                0x0000000008009848                MP8862_isReady
 .text.MP8862_init
                0x0000000008009860       0x20 build/MP8862.o
                0x0000000008009860                MP8862_init
 .text.MP8862_write
                0x0000000008009880       0x26 build/MP8862.o
                0x0000000008009880                MP8862_write
 .text.MP8862_read
                0x00000000080098a6       0x26 build/MP8862.o
                0x00000000080098a6                MP8862_read
 .text.MP8862_setEnable
                0x00000000080098cc       0x2a build/MP8862.o
                0x00000000080098cc                MP8862_setEnable
 *fill*         0x00000000080098f6        0x2 
 .text.MP8862_setCurrentLimit_mA
                0x00000000080098f8       0x4c build/MP8862.o
                0x00000000080098f8                MP8862_setCurrentLimit_mA
 .text.MP8862_setVoltageSetpoint_mV
                0x0000000008009944       0x4c build/MP8862.o
                0x0000000008009944                MP8862_setVoltageSetpoint_mV
 .text.NMI_Handler
                0x0000000008009990        0x2 build/stm32f0xx_it.o
                0x0000000008009990                NMI_Handler
 .text.HardFault_Handler
                0x0000000008009992        0x2 build/stm32f0xx_it.o
                0x0000000008009992                HardFault_Handler
 .text.SVC_Handler
                0x0000000008009994        0x2 build/stm32f0xx_it.o
                0x0000000008009994                SVC_Handler
 .text.PendSV_Handler
                0x0000000008009996        0x2 build/stm32f0xx_it.o
                0x0000000008009996                PendSV_Handler
 .text.SysTick_Handler
                0x0000000008009998        0x8 build/stm32f0xx_it.o
                0x0000000008009998                SysTick_Handler
 .text.DMA1_Channel1_IRQHandler
                0x00000000080099a0       0x18 build/stm32f0xx_it.o
                0x00000000080099a0                DMA1_Channel1_IRQHandler
 .text.DMA1_Channel4_5_6_7_IRQHandler
                0x00000000080099b8       0x18 build/stm32f0xx_it.o
                0x00000000080099b8                DMA1_Channel4_5_6_7_IRQHandler
 .text.TIM2_IRQHandler
                0x00000000080099d0       0x10 build/stm32f0xx_it.o
                0x00000000080099d0                TIM2_IRQHandler
 .text.USB_IRQHandler
                0x00000000080099e0       0x10 build/stm32f0xx_it.o
                0x00000000080099e0                USB_IRQHandler
 .text.HAL_MspInit
                0x00000000080099f0       0x30 build/stm32f0xx_hal_msp.o
                0x00000000080099f0                HAL_MspInit
 .text.HAL_ADC_MspInit
                0x0000000008009a20       0x9c build/stm32f0xx_hal_msp.o
                0x0000000008009a20                HAL_ADC_MspInit
 .text.HAL_I2C_MspInit
                0x0000000008009abc       0xe0 build/stm32f0xx_hal_msp.o
                0x0000000008009abc                HAL_I2C_MspInit
 .text.HAL_TIM_Base_MspInit
                0x0000000008009b9c       0x5c build/stm32f0xx_hal_msp.o
                0x0000000008009b9c                HAL_TIM_Base_MspInit
 .text.MX_USB_DEVICE_Init
                0x0000000008009bf8       0x5c build/usb_device.o
                0x0000000008009bf8                MX_USB_DEVICE_Init
 .text.USBD_FS_DeviceDescriptor
                0x0000000008009c54        0xc build/usbd_desc.o
                0x0000000008009c54                USBD_FS_DeviceDescriptor
 .text.USBD_FS_LangIDStrDescriptor
                0x0000000008009c60        0xc build/usbd_desc.o
                0x0000000008009c60                USBD_FS_LangIDStrDescriptor
 .text.IntToUnicode
                0x0000000008009c6c       0x30 build/usbd_desc.o
 .text.Get_SerialNum
                0x0000000008009c9c       0x40 build/usbd_desc.o
 .text.USBD_FS_SerialStrDescriptor
                0x0000000008009cdc       0x14 build/usbd_desc.o
                0x0000000008009cdc                USBD_FS_SerialStrDescriptor
 .text.USBD_FS_ProductStrDescriptor
                0x0000000008009cf0       0x28 build/usbd_desc.o
                0x0000000008009cf0                USBD_FS_ProductStrDescriptor
 .text.USBD_FS_ManufacturerStrDescriptor
                0x0000000008009d18       0x1c build/usbd_desc.o
                0x0000000008009d18                USBD_FS_ManufacturerStrDescriptor
 .text.USBD_FS_ConfigStrDescriptor
                0x0000000008009d34       0x28 build/usbd_desc.o
                0x0000000008009d34                USBD_FS_ConfigStrDescriptor
 .text.USBD_FS_InterfaceStrDescriptor
                0x0000000008009d5c       0x28 build/usbd_desc.o
                0x0000000008009d5c                USBD_FS_InterfaceStrDescriptor
 .text.CDC_DeInit_FS
                0x0000000008009d84        0x4 build/usbd_cdc_if.o
 .text.CDC_Control_FS
                0x0000000008009d88        0x4 build/usbd_cdc_if.o
 .text.CDC_Receive_FS
                0x0000000008009d8c       0x3c build/usbd_cdc_if.o
 .text.CDC_Init_FS
                0x0000000008009dc8       0x28 build/usbd_cdc_if.o
 .text.CDC_Transmit_FS
                0x0000000008009df0       0x30 build/usbd_cdc_if.o
                0x0000000008009df0                CDC_Transmit_FS
 .text.USBD_Get_USB_Status
                0x0000000008009e20       0x16 build/usbd_conf.o
 .text.SystemClockConfig_Resume
                0x0000000008009e36        0x8 build/usbd_conf.o
 *fill*         0x0000000008009e3e        0x2 
 .text.HAL_PCD_MspInit
                0x0000000008009e40       0x40 build/usbd_conf.o
                0x0000000008009e40                HAL_PCD_MspInit
 .text.HAL_PCD_SetupStageCallback
                0x0000000008009e80       0x16 build/usbd_conf.o
                0x0000000008009e80                HAL_PCD_SetupStageCallback
 .text.HAL_PCD_DataOutStageCallback
                0x0000000008009e96       0x1e build/usbd_conf.o
                0x0000000008009e96                HAL_PCD_DataOutStageCallback
 .text.HAL_PCD_DataInStageCallback
                0x0000000008009eb4       0x1a build/usbd_conf.o
                0x0000000008009eb4                HAL_PCD_DataInStageCallback
 .text.HAL_PCD_SOFCallback
                0x0000000008009ece        0xe build/usbd_conf.o
                0x0000000008009ece                HAL_PCD_SOFCallback
 .text.HAL_PCD_ResetCallback
                0x0000000008009edc       0x24 build/usbd_conf.o
                0x0000000008009edc                HAL_PCD_ResetCallback
 .text.HAL_PCD_SuspendCallback
                0x0000000008009f00       0x24 build/usbd_conf.o
                0x0000000008009f00                HAL_PCD_SuspendCallback
 .text.HAL_PCD_ResumeCallback
                0x0000000008009f24       0x2c build/usbd_conf.o
                0x0000000008009f24                HAL_PCD_ResumeCallback
 .text.USBD_LL_Init
                0x0000000008009f50       0x84 build/usbd_conf.o
                0x0000000008009f50                USBD_LL_Init
 .text.USBD_LL_Start
                0x0000000008009fd4       0x12 build/usbd_conf.o
                0x0000000008009fd4                USBD_LL_Start
 .text.USBD_LL_OpenEP
                0x0000000008009fe6       0x18 build/usbd_conf.o
                0x0000000008009fe6                USBD_LL_OpenEP
 .text.USBD_LL_CloseEP
                0x0000000008009ffe       0x12 build/usbd_conf.o
                0x0000000008009ffe                USBD_LL_CloseEP
 .text.USBD_LL_StallEP
                0x000000000800a010       0x12 build/usbd_conf.o
                0x000000000800a010                USBD_LL_StallEP
 .text.USBD_LL_ClearStallEP
                0x000000000800a022       0x12 build/usbd_conf.o
                0x000000000800a022                USBD_LL_ClearStallEP
 .text.USBD_LL_IsStallEP
                0x000000000800a034       0x32 build/usbd_conf.o
                0x000000000800a034                USBD_LL_IsStallEP
 .text.USBD_LL_SetUSBAddress
                0x000000000800a066       0x12 build/usbd_conf.o
                0x000000000800a066                USBD_LL_SetUSBAddress
 .text.USBD_LL_Transmit
                0x000000000800a078       0x12 build/usbd_conf.o
                0x000000000800a078                USBD_LL_Transmit
 .text.USBD_LL_PrepareReceive
                0x000000000800a08a       0x12 build/usbd_conf.o
                0x000000000800a08a                USBD_LL_PrepareReceive
 .text.USBD_LL_GetRxDataSize
                0x000000000800a09c        0xe build/usbd_conf.o
                0x000000000800a09c                USBD_LL_GetRxDataSize
 *fill*         0x000000000800a0aa        0x2 
 .text.USBD_static_malloc
                0x000000000800a0ac        0x8 build/usbd_conf.o
                0x000000000800a0ac                USBD_static_malloc
 .text.USBD_static_free
                0x000000000800a0b4        0x2 build/usbd_conf.o
                0x000000000800a0b4                USBD_static_free
 *fill*         0x000000000800a0b6        0x2 
 .text.USB_EnableGlobalInt
                0x000000000800a0b8       0x14 build/stm32f0xx_ll_usb.o
                0x000000000800a0b8                USB_EnableGlobalInt
 .text.USB_DisableGlobalInt
                0x000000000800a0cc       0x14 build/stm32f0xx_ll_usb.o
                0x000000000800a0cc                USB_DisableGlobalInt
 .text.USB_DevInit
                0x000000000800a0e0       0x20 build/stm32f0xx_ll_usb.o
                0x000000000800a0e0                USB_DevInit
 .text.USB_ActivateEndpoint
                0x000000000800a100      0x308 build/stm32f0xx_ll_usb.o
                0x000000000800a100                USB_ActivateEndpoint
 .text.USB_DeactivateEndpoint
                0x000000000800a408      0x170 build/stm32f0xx_ll_usb.o
                0x000000000800a408                USB_DeactivateEndpoint
 .text.USB_EPSetStall
                0x000000000800a578       0x4c build/stm32f0xx_ll_usb.o
                0x000000000800a578                USB_EPSetStall
 .text.USB_EPClearStall
                0x000000000800a5c4       0x9c build/stm32f0xx_ll_usb.o
                0x000000000800a5c4                USB_EPClearStall
 .text.USB_SetDevAddress
                0x000000000800a660        0xe build/stm32f0xx_ll_usb.o
                0x000000000800a660                USB_SetDevAddress
 *fill*         0x000000000800a66e        0x2 
 .text.USB_DevConnect
                0x000000000800a670       0x14 build/stm32f0xx_ll_usb.o
                0x000000000800a670                USB_DevConnect
 .text.USB_ReadInterrupts
                0x000000000800a684        0x8 build/stm32f0xx_ll_usb.o
                0x000000000800a684                USB_ReadInterrupts
 .text.USB_WritePMA
                0x000000000800a68c       0x28 build/stm32f0xx_ll_usb.o
                0x000000000800a68c                USB_WritePMA
 .text.USB_EPStartXfer
                0x000000000800a6b4      0x6e0 build/stm32f0xx_ll_usb.o
                0x000000000800a6b4                USB_EPStartXfer
 .text.USB_ReadPMA
                0x000000000800ad94       0x2c build/stm32f0xx_ll_usb.o
                0x000000000800ad94                USB_ReadPMA
 .text.HAL_PCD_EP_DB_Receive
                0x000000000800adc0      0x118 build/stm32f0xx_hal_pcd.o
 .text.HAL_PCD_Init
                0x000000000800aed8       0xe4 build/stm32f0xx_hal_pcd.o
                0x000000000800aed8                HAL_PCD_Init
 .text.HAL_PCD_Start
                0x000000000800afbc       0x2e build/stm32f0xx_hal_pcd.o
                0x000000000800afbc                HAL_PCD_Start
 *fill*         0x000000000800afea        0x2 
 .text.HAL_PCD_EP_DB_Transmit
                0x000000000800afec      0x3dc build/stm32f0xx_hal_pcd.o
 .text.PCD_EP_ISR_Handler
                0x000000000800b3c8      0x550 build/stm32f0xx_hal_pcd.o
 .text.HAL_PCD_SetAddress
                0x000000000800b918       0x2c build/stm32f0xx_hal_pcd.o
                0x000000000800b918                HAL_PCD_SetAddress
 .text.HAL_PCD_IRQHandler
                0x000000000800b944      0x1a8 build/stm32f0xx_hal_pcd.o
                0x000000000800b944                HAL_PCD_IRQHandler
 .text.HAL_PCD_EP_Open
                0x000000000800baec       0x7e build/stm32f0xx_hal_pcd.o
                0x000000000800baec                HAL_PCD_EP_Open
 .text.HAL_PCD_EP_Close
                0x000000000800bb6a       0x68 build/stm32f0xx_hal_pcd.o
                0x000000000800bb6a                HAL_PCD_EP_Close
 .text.HAL_PCD_EP_Receive
                0x000000000800bbd2       0x56 build/stm32f0xx_hal_pcd.o
                0x000000000800bbd2                HAL_PCD_EP_Receive
 .text.HAL_PCD_EP_GetRxCount
                0x000000000800bc28       0x14 build/stm32f0xx_hal_pcd.o
                0x000000000800bc28                HAL_PCD_EP_GetRxCount
 .text.HAL_PCD_EP_Transmit
                0x000000000800bc3c       0x5c build/stm32f0xx_hal_pcd.o
                0x000000000800bc3c                HAL_PCD_EP_Transmit
 .text.HAL_PCD_EP_SetStall
                0x000000000800bc98       0x6e build/stm32f0xx_hal_pcd.o
                0x000000000800bc98                HAL_PCD_EP_SetStall
 .text.HAL_PCD_EP_ClrStall
                0x000000000800bd06       0x7a build/stm32f0xx_hal_pcd.o
                0x000000000800bd06                HAL_PCD_EP_ClrStall
 .text.HAL_PCDEx_PMAConfig
                0x000000000800bd80       0x3a build/stm32f0xx_hal_pcd_ex.o
                0x000000000800bd80                HAL_PCDEx_PMAConfig
 .text.HAL_PCDEx_ActivateLPM
                0x000000000800bdba       0x2a build/stm32f0xx_hal_pcd_ex.o
                0x000000000800bdba                HAL_PCDEx_ActivateLPM
 .text.HAL_PCDEx_LPM_Callback
                0x000000000800bde4        0x2 build/stm32f0xx_hal_pcd_ex.o
                0x000000000800bde4                HAL_PCDEx_LPM_Callback
 *fill*         0x000000000800bde6        0x2 
 .text.HAL_RCC_OscConfig
                0x000000000800bde8      0x544 build/stm32f0xx_hal_rcc.o
                0x000000000800bde8                HAL_RCC_OscConfig
 .text.HAL_RCC_GetSysClockFreq
                0x000000000800c32c       0x94 build/stm32f0xx_hal_rcc.o
                0x000000000800c32c                HAL_RCC_GetSysClockFreq
 .text.HAL_RCC_ClockConfig
                0x000000000800c3c0      0x144 build/stm32f0xx_hal_rcc.o
                0x000000000800c3c0                HAL_RCC_ClockConfig
 .text.HAL_RCCEx_PeriphCLKConfig
                0x000000000800c504      0x15c build/stm32f0xx_hal_rcc_ex.o
                0x000000000800c504                HAL_RCCEx_PeriphCLKConfig
 .text.HAL_InitTick
                0x000000000800c660       0x50 build/stm32f0xx_hal.o
                0x000000000800c660                HAL_InitTick
 .text.HAL_Init
                0x000000000800c6b0       0x20 build/stm32f0xx_hal.o
                0x000000000800c6b0                HAL_Init
 .text.HAL_IncTick
                0x000000000800c6d0       0x18 build/stm32f0xx_hal.o
                0x000000000800c6d0                HAL_IncTick
 .text.HAL_GetTick
                0x000000000800c6e8        0xc build/stm32f0xx_hal.o
                0x000000000800c6e8                HAL_GetTick
 .text.HAL_Delay
                0x000000000800c6f4       0x24 build/stm32f0xx_hal.o
                0x000000000800c6f4                HAL_Delay
 .text.I2C_Flush_TXDR
                0x000000000800c718       0x1e build/stm32f0xx_hal_i2c.o
 *fill*         0x000000000800c736        0x2 
 .text.I2C_TransferConfig
                0x000000000800c738       0x2c build/stm32f0xx_hal_i2c.o
 .text.I2C_IsAcknowledgeFailed
                0x000000000800c764       0x90 build/stm32f0xx_hal_i2c.o
 .text.I2C_WaitOnTXISFlagUntilTimeout
                0x000000000800c7f4       0x52 build/stm32f0xx_hal_i2c.o
 .text.I2C_WaitOnFlagUntilTimeout
                0x000000000800c846       0x54 build/stm32f0xx_hal_i2c.o
 *fill*         0x000000000800c89a        0x2 
 .text.I2C_RequestMemoryWrite
                0x000000000800c89c       0x78 build/stm32f0xx_hal_i2c.o
 .text.I2C_RequestMemoryRead
                0x000000000800c914       0x74 build/stm32f0xx_hal_i2c.o
 .text.I2C_WaitOnSTOPFlagUntilTimeout
                0x000000000800c988       0x4e build/stm32f0xx_hal_i2c.o
 *fill*         0x000000000800c9d6        0x2 
 .text.HAL_I2C_Init
                0x000000000800c9d8       0xcc build/stm32f0xx_hal_i2c.o
                0x000000000800c9d8                HAL_I2C_Init
 .text.HAL_I2C_Mem_Write
                0x000000000800caa4      0x1a0 build/stm32f0xx_hal_i2c.o
                0x000000000800caa4                HAL_I2C_Mem_Write
 .text.HAL_I2C_Mem_Read
                0x000000000800cc44      0x1a8 build/stm32f0xx_hal_i2c.o
                0x000000000800cc44                HAL_I2C_Mem_Read
 .text.HAL_I2C_IsDeviceReady
                0x000000000800cdec      0x18c build/stm32f0xx_hal_i2c.o
                0x000000000800cdec                HAL_I2C_IsDeviceReady
 .text.HAL_I2CEx_ConfigAnalogFilter
                0x000000000800cf78       0x58 build/stm32f0xx_hal_i2c_ex.o
                0x000000000800cf78                HAL_I2CEx_ConfigAnalogFilter
 .text.HAL_I2CEx_ConfigDigitalFilter
                0x000000000800cfd0       0x54 build/stm32f0xx_hal_i2c_ex.o
                0x000000000800cfd0                HAL_I2CEx_ConfigDigitalFilter
 .text.HAL_GPIO_Init
                0x000000000800d024      0x19c build/stm32f0xx_hal_gpio.o
                0x000000000800d024                HAL_GPIO_Init
 .text.HAL_GPIO_WritePin
                0x000000000800d1c0        0xc build/stm32f0xx_hal_gpio.o
                0x000000000800d1c0                HAL_GPIO_WritePin
 .text.HAL_GPIO_TogglePin
                0x000000000800d1cc       0x10 build/stm32f0xx_hal_gpio.o
                0x000000000800d1cc                HAL_GPIO_TogglePin
 .text.DMA_SetConfig
                0x000000000800d1dc       0x2a build/stm32f0xx_hal_dma.o
 *fill*         0x000000000800d206        0x2 
 .text.DMA_CalcBaseAndBitshift
                0x000000000800d208       0x28 build/stm32f0xx_hal_dma.o
 .text.HAL_DMA_Init
                0x000000000800d230       0x50 build/stm32f0xx_hal_dma.o
                0x000000000800d230                HAL_DMA_Init
 .text.HAL_DMA_Start_IT
                0x000000000800d280       0x76 build/stm32f0xx_hal_dma.o
                0x000000000800d280                HAL_DMA_Start_IT
 .text.HAL_DMA_IRQHandler
                0x000000000800d2f6       0xaa build/stm32f0xx_hal_dma.o
                0x000000000800d2f6                HAL_DMA_IRQHandler
 .text.HAL_NVIC_SetPriority
                0x000000000800d3a0       0x60 build/stm32f0xx_hal_cortex.o
                0x000000000800d3a0                HAL_NVIC_SetPriority
 .text.HAL_NVIC_EnableIRQ
                0x000000000800d400       0x18 build/stm32f0xx_hal_cortex.o
                0x000000000800d400                HAL_NVIC_EnableIRQ
 .text.HAL_SYSTICK_Config
                0x000000000800d418       0x38 build/stm32f0xx_hal_cortex.o
                0x000000000800d418                HAL_SYSTICK_Config
 .text.ADC_Enable
                0x000000000800d450       0xb0 build/stm32f0xx_hal_adc.o
 .text.HAL_ADC_Init
                0x000000000800d500      0x184 build/stm32f0xx_hal_adc.o
                0x000000000800d500                HAL_ADC_Init
 .text.HAL_ADC_Start_DMA
                0x000000000800d684       0xa8 build/stm32f0xx_hal_adc.o
                0x000000000800d684                HAL_ADC_Start_DMA
 .text.HAL_ADC_ConvCpltCallback
                0x000000000800d72c        0x2 build/stm32f0xx_hal_adc.o
                0x000000000800d72c                HAL_ADC_ConvCpltCallback
 *fill*         0x000000000800d72e        0x2 
 .text.ADC_DMAConvCplt
                0x000000000800d730       0x70 build/stm32f0xx_hal_adc.o
 .text.HAL_ADC_ConvHalfCpltCallback
                0x000000000800d7a0        0x2 build/stm32f0xx_hal_adc.o
                0x000000000800d7a0                HAL_ADC_ConvHalfCpltCallback
 .text.ADC_DMAHalfConvCplt
                0x000000000800d7a2        0xa build/stm32f0xx_hal_adc.o
 .text.HAL_ADC_ErrorCallback
                0x000000000800d7ac        0x2 build/stm32f0xx_hal_adc.o
                0x000000000800d7ac                HAL_ADC_ErrorCallback
 .text.ADC_DMAError
                0x000000000800d7ae       0x1a build/stm32f0xx_hal_adc.o
 .text.HAL_ADC_ConfigChannel
                0x000000000800d7c8      0x14c build/stm32f0xx_hal_adc.o
                0x000000000800d7c8                HAL_ADC_ConfigChannel
 .text.TIM_TI1_ConfigInputStage
                0x000000000800d914       0x22 build/stm32f0xx_hal_tim.o
 *fill*         0x000000000800d936        0x2 
 .text.TIM_TI2_ConfigInputStage
                0x000000000800d938       0x28 build/stm32f0xx_hal_tim.o
 .text.TIM_ITRx_SetConfig
                0x000000000800d960       0x10 build/stm32f0xx_hal_tim.o
 .text.HAL_TIM_Base_Start_IT
                0x000000000800d970       0x6c build/stm32f0xx_hal_tim.o
                0x000000000800d970                HAL_TIM_Base_Start_IT
 .text.HAL_TIM_PeriodElapsedCallback
                0x000000000800d9dc        0x2 build/stm32f0xx_hal_tim.o
                0x000000000800d9dc                HAL_TIM_PeriodElapsedCallback
 .text.HAL_TIM_OC_DelayElapsedCallback
                0x000000000800d9de        0x2 build/stm32f0xx_hal_tim.o
                0x000000000800d9de                HAL_TIM_OC_DelayElapsedCallback
 .text.HAL_TIM_IC_CaptureCallback
                0x000000000800d9e0        0x2 build/stm32f0xx_hal_tim.o
                0x000000000800d9e0                HAL_TIM_IC_CaptureCallback
 .text.HAL_TIM_PWM_PulseFinishedCallback
                0x000000000800d9e2        0x2 build/stm32f0xx_hal_tim.o
                0x000000000800d9e2                HAL_TIM_PWM_PulseFinishedCallback
 .text.HAL_TIM_TriggerCallback
                0x000000000800d9e4        0x2 build/stm32f0xx_hal_tim.o
                0x000000000800d9e4                HAL_TIM_TriggerCallback
 .text.HAL_TIM_IRQHandler
                0x000000000800d9e6      0x15a build/stm32f0xx_hal_tim.o
                0x000000000800d9e6                HAL_TIM_IRQHandler
 .text.TIM_Base_SetConfig
                0x000000000800db40       0xa4 build/stm32f0xx_hal_tim.o
                0x000000000800db40                TIM_Base_SetConfig
 .text.HAL_TIM_Base_Init
                0x000000000800dbe4       0x58 build/stm32f0xx_hal_tim.o
                0x000000000800dbe4                HAL_TIM_Base_Init
 .text.TIM_ETR_SetConfig
                0x000000000800dc3c       0x18 build/stm32f0xx_hal_tim.o
                0x000000000800dc3c                TIM_ETR_SetConfig
 .text.HAL_TIM_ConfigClockSource
                0x000000000800dc54      0x108 build/stm32f0xx_hal_tim.o
                0x000000000800dc54                HAL_TIM_ConfigClockSource
 .text.HAL_TIMEx_MasterConfigSynchronization
                0x000000000800dd5c       0x6c build/stm32f0xx_hal_tim_ex.o
                0x000000000800dd5c                HAL_TIMEx_MasterConfigSynchronization
 .text.HAL_TIMEx_CommutCallback
                0x000000000800ddc8        0x2 build/stm32f0xx_hal_tim_ex.o
                0x000000000800ddc8                HAL_TIMEx_CommutCallback
 .text.HAL_TIMEx_BreakCallback
                0x000000000800ddca        0x2 build/stm32f0xx_hal_tim_ex.o
                0x000000000800ddca                HAL_TIMEx_BreakCallback
 .text.SystemInit
                0x000000000800ddcc        0x2 build/system_stm32f0xx.o
                0x000000000800ddcc                SystemInit
 .text.USBD_Init
                0x000000000800ddce       0x38 build/usbd_core.o
                0x000000000800ddce                USBD_Init
 .text.USBD_RegisterClass
                0x000000000800de06       0x12 build/usbd_core.o
                0x000000000800de06                USBD_RegisterClass
 .text.USBD_Start
                0x000000000800de18        0xa build/usbd_core.o
                0x000000000800de18                USBD_Start
 .text.USBD_SetClassConfig
                0x000000000800de22       0x1e build/usbd_core.o
                0x000000000800de22                USBD_SetClassConfig
 .text.USBD_ClrClassConfig
                0x000000000800de40       0x10 build/usbd_core.o
                0x000000000800de40                USBD_ClrClassConfig
 .text.USBD_LL_SetupStage
                0x000000000800de50       0x64 build/usbd_core.o
                0x000000000800de50                USBD_LL_SetupStage
 .text.USBD_LL_DataOutStage
                0x000000000800deb4       0xa4 build/usbd_core.o
                0x000000000800deb4                USBD_LL_DataOutStage
 .text.USBD_LL_DataInStage
                0x000000000800df58       0xea build/usbd_core.o
                0x000000000800df58                USBD_LL_DataInStage
 .text.USBD_LL_Reset
                0x000000000800e042       0x5e build/usbd_core.o
                0x000000000800e042                USBD_LL_Reset
 .text.USBD_LL_SetSpeed
                0x000000000800e0a0        0x6 build/usbd_core.o
                0x000000000800e0a0                USBD_LL_SetSpeed
 *fill*         0x000000000800e0a6        0x2 
 .text.USBD_LL_Suspend
                0x000000000800e0a8       0x18 build/usbd_core.o
                0x000000000800e0a8                USBD_LL_Suspend
 .text.USBD_LL_Resume
                0x000000000800e0c0       0x1c build/usbd_core.o
                0x000000000800e0c0                USBD_LL_Resume
 .text.USBD_LL_SOF
                0x000000000800e0dc       0x20 build/usbd_core.o
                0x000000000800e0dc                USBD_LL_SOF
 .text.USBD_GetLen
                0x000000000800e0fc       0x14 build/usbd_ctlreq.o
 .text.USBD_SetFeature
                0x000000000800e110       0x18 build/usbd_ctlreq.o
 .text.USBD_ParseSetupRequest
                0x000000000800e128       0x28 build/usbd_ctlreq.o
                0x000000000800e128                USBD_ParseSetupRequest
 .text.USBD_CtlError
                0x000000000800e150       0x14 build/usbd_ctlreq.o
                0x000000000800e150                USBD_CtlError
 .text.USBD_GetDescriptor
                0x000000000800e164      0x1b8 build/usbd_ctlreq.o
 .text.USBD_SetAddress
                0x000000000800e31c       0x60 build/usbd_ctlreq.o
 .text.USBD_SetConfig
                0x000000000800e37c       0xb8 build/usbd_ctlreq.o
 .text.USBD_GetConfig
                0x000000000800e434       0x40 build/usbd_ctlreq.o
 .text.USBD_GetStatus
                0x000000000800e474       0x3e build/usbd_ctlreq.o
 .text.USBD_ClrFeature
                0x000000000800e4b2       0x2a build/usbd_ctlreq.o
 .text.USBD_StdDevReq
                0x000000000800e4dc       0x6c build/usbd_ctlreq.o
                0x000000000800e4dc                USBD_StdDevReq
 .text.USBD_StdItfReq
                0x000000000800e548       0x66 build/usbd_ctlreq.o
                0x000000000800e548                USBD_StdItfReq
 .text.USBD_StdEPReq
                0x000000000800e5ae      0x210 build/usbd_ctlreq.o
                0x000000000800e5ae                USBD_StdEPReq
 .text.USBD_GetString
                0x000000000800e7be       0x3a build/usbd_ctlreq.o
                0x000000000800e7be                USBD_GetString
 .text.USBD_CtlSendData
                0x000000000800e7f8       0x1c build/usbd_ioreq.o
                0x000000000800e7f8                USBD_CtlSendData
 .text.USBD_CtlContinueSendData
                0x000000000800e814       0x10 build/usbd_ioreq.o
                0x000000000800e814                USBD_CtlContinueSendData
 .text.USBD_CtlPrepareRx
                0x000000000800e824       0x22 build/usbd_ioreq.o
                0x000000000800e824                USBD_CtlPrepareRx
 .text.USBD_CtlContinueRx
                0x000000000800e846       0x10 build/usbd_ioreq.o
                0x000000000800e846                USBD_CtlContinueRx
 .text.USBD_CtlSendStatus
                0x000000000800e856       0x18 build/usbd_ioreq.o
                0x000000000800e856                USBD_CtlSendStatus
 .text.USBD_CtlReceiveStatus
                0x000000000800e86e       0x18 build/usbd_ioreq.o
                0x000000000800e86e                USBD_CtlReceiveStatus
 *fill*         0x000000000800e886        0x2 
 .text.USBD_CDC_EP0_RxReady
                0x000000000800e888       0x34 build/usbd_cdc.o
 .text.USBD_CDC_GetFSCfgDesc
                0x000000000800e8bc        0xc build/usbd_cdc.o
 .text.USBD_CDC_GetHSCfgDesc
                0x000000000800e8c8        0xc build/usbd_cdc.o
 .text.USBD_CDC_GetOtherSpeedCfgDesc
                0x000000000800e8d4        0xc build/usbd_cdc.o
 .text.USBD_CDC_GetDeviceQualifierDescriptor
                0x000000000800e8e0        0xc build/usbd_cdc.o
                0x000000000800e8e0                USBD_CDC_GetDeviceQualifierDescriptor
 .text.USBD_CDC_DataOut
                0x000000000800e8ec       0x36 build/usbd_cdc.o
 .text.USBD_CDC_DataIn
                0x000000000800e922       0x5c build/usbd_cdc.o
 *fill*         0x000000000800e97e        0x2 
 .text.USBD_CDC_Setup
                0x000000000800e980       0xf0 build/usbd_cdc.o
 .text.USBD_CDC_DeInit
                0x000000000800ea70       0x4c build/usbd_cdc.o
 .text.USBD_CDC_Init
                0x000000000800eabc       0xbc build/usbd_cdc.o
 .text.USBD_CDC_RegisterInterface
                0x000000000800eb78       0x12 build/usbd_cdc.o
                0x000000000800eb78                USBD_CDC_RegisterInterface
 .text.USBD_CDC_SetTxBuffer
                0x000000000800eb8a       0x16 build/usbd_cdc.o
                0x000000000800eb8a                USBD_CDC_SetTxBuffer
 .text.USBD_CDC_SetRxBuffer
                0x000000000800eba0        0xe build/usbd_cdc.o
                0x000000000800eba0                USBD_CDC_SetRxBuffer
 .text.USBD_CDC_TransmitPacket
                0x000000000800ebae       0x3e build/usbd_cdc.o
                0x000000000800ebae                USBD_CDC_TransmitPacket
 .text.USBD_CDC_ReceivePacket
                0x000000000800ebec       0x3c build/usbd_cdc.o
                0x000000000800ebec                USBD_CDC_ReceivePacket
 .text.OPS_MeasureTemperatureRef
                0x000000000800ec28       0x20 build/scpi-def.o
 .text.OPS_MeasureTemperatureTc
                0x000000000800ec48       0x20 build/scpi-def.o
 .text.OPS_MeasureCurrentDc
                0x000000000800ec68       0x20 build/scpi-def.o
 .text.OPS_MeasureVoltageDc
                0x000000000800ec88       0x20 build/scpi-def.o
 .text.OPS_StatusOutputEn
                0x000000000800eca8       0x20 build/scpi-def.o
 .text.OPS_ConfigureCurrentDc
                0x000000000800ecc8       0x48 build/scpi-def.o
 .text.OPS_ConfigureOutputEn
                0x000000000800ed10       0x48 build/scpi-def.o
 .text.OPS_ConfigureVoltageDc
                0x000000000800ed58       0x3c build/scpi-def.o
 .text.My_CoreTstQ
                0x000000000800ed94        0xc build/scpi-def.o
 .text.SCPI_ErrorEmit
                0x000000000800eda0       0x22 build/error.o
 *fill*         0x000000000800edc2        0x2 
 .text.SCPI_ErrorAddInternal
                0x000000000800edc4       0x38 build/error.o
 .text.SCPI_ErrorInit
                0x000000000800edfc        0xa build/error.o
                0x000000000800edfc                SCPI_ErrorInit
 .text.SCPI_ErrorCount
                0x000000000800ee06       0x1c build/error.o
                0x000000000800ee06                SCPI_ErrorCount
 .text.SCPI_ErrorEmitEmpty
                0x000000000800ee22       0x38 build/error.o
 .text.SCPI_ErrorClear
                0x000000000800ee5a       0x12 build/error.o
                0x000000000800ee5a                SCPI_ErrorClear
 .text.SCPI_ErrorPop
                0x000000000800ee6c       0x28 build/error.o
                0x000000000800ee6c                SCPI_ErrorPop
 .text.SCPI_ErrorPushEx
                0x000000000800ee94       0x94 build/error.o
                0x000000000800ee94                SCPI_ErrorPushEx
 .text.SCPI_ErrorPush
                0x000000000800ef28        0xc build/error.o
                0x000000000800ef28                SCPI_ErrorPush
 .text.SCPI_ErrorTranslate
                0x000000000800ef34       0xe4 build/error.o
                0x000000000800ef34                SCPI_ErrorTranslate
 .text.fifo_init
                0x000000000800f018        0xe build/fifo.o
                0x000000000800f018                fifo_init
 .text.fifo_clear
                0x000000000800f026        0xa build/fifo.o
                0x000000000800f026                fifo_clear
 .text.fifo_is_empty
                0x000000000800f030        0xc build/fifo.o
                0x000000000800f030                fifo_is_empty
 .text.fifo_is_full
                0x000000000800f03c       0x12 build/fifo.o
                0x000000000800f03c                fifo_is_full
 .text.fifo_add
                0x000000000800f04e       0x3c build/fifo.o
                0x000000000800f04e                fifo_add
 .text.fifo_remove
                0x000000000800f08a       0x3c build/fifo.o
                0x000000000800f08a                fifo_remove
 .text.fifo_remove_last
                0x000000000800f0c6       0x3c build/fifo.o
                0x000000000800f0c6                fifo_remove_last
 .text.fifo_count
                0x000000000800f102        0xa build/fifo.o
                0x000000000800f102                fifo_count
 .text.writeControl
                0x000000000800f10c       0x22 build/ieee488.o
 .text.SCPI_RegGet
                0x000000000800f12e       0x18 build/ieee488.o
                0x000000000800f12e                SCPI_RegGet
 .text.SCPI_RegClearBits
                0x000000000800f146       0x1c build/ieee488.o
                0x000000000800f146                SCPI_RegClearBits
 .text.regUpdateSTB
                0x000000000800f162       0x2a build/ieee488.o
 .text.SCPI_RegSet
                0x000000000800f18c       0xe4 build/ieee488.o
                0x000000000800f18c                SCPI_RegSet
 .text.regUpdate
                0x000000000800f270       0x16 build/ieee488.o
 .text.regUpdateEvent
                0x000000000800f286       0x1e build/ieee488.o
 .text.SCPI_RegSetBits
                0x000000000800f2a4       0x1c build/ieee488.o
                0x000000000800f2a4                SCPI_RegSetBits
 .text.SCPI_EventClear
                0x000000000800f2c0        0xc build/ieee488.o
                0x000000000800f2c0                SCPI_EventClear
 .text.SCPI_CoreCls
                0x000000000800f2cc       0x26 build/ieee488.o
                0x000000000800f2cc                SCPI_CoreCls
 .text.SCPI_CoreEse
                0x000000000800f2f2       0x2a build/ieee488.o
                0x000000000800f2f2                SCPI_CoreEse
 .text.SCPI_CoreEseQ
                0x000000000800f31c       0x16 build/ieee488.o
                0x000000000800f31c                SCPI_CoreEseQ
 .text.SCPI_CoreEsrQ
                0x000000000800f332       0x20 build/ieee488.o
                0x000000000800f332                SCPI_CoreEsrQ
 *fill*         0x000000000800f352        0x2 
 .text.SCPI_CoreIdnQ
                0x000000000800f354       0x40 build/ieee488.o
                0x000000000800f354                SCPI_CoreIdnQ
 .text.SCPI_CoreOpc
                0x000000000800f394        0xe build/ieee488.o
                0x000000000800f394                SCPI_CoreOpc
 .text.SCPI_CoreOpcQ
                0x000000000800f3a2        0xc build/ieee488.o
                0x000000000800f3a2                SCPI_CoreOpcQ
 .text.SCPI_CoreRst
                0x000000000800f3ae       0x22 build/ieee488.o
                0x000000000800f3ae                SCPI_CoreRst
 .text.SCPI_CoreSre
                0x000000000800f3d0       0x2a build/ieee488.o
                0x000000000800f3d0                SCPI_CoreSre
 .text.SCPI_CoreSreQ
                0x000000000800f3fa       0x16 build/ieee488.o
                0x000000000800f3fa                SCPI_CoreSreQ
 .text.SCPI_CoreStbQ
                0x000000000800f410       0x16 build/ieee488.o
                0x000000000800f410                SCPI_CoreStbQ
 .text.SCPI_CoreWai
                0x000000000800f426        0x4 build/ieee488.o
                0x000000000800f426                SCPI_CoreWai
 .text.isws     0x000000000800f42a       0x14 build/lexer.o
 .text.isbdigit
                0x000000000800f43e        0xe build/lexer.o
 .text.isqdigit
                0x000000000800f44c        0xe build/lexer.o
 .text.iseos    0x000000000800f45a       0x16 build/lexer.o
 .text.ischr    0x000000000800f470        0xc build/lexer.o
 .text.isplusmn
                0x000000000800f47c       0x14 build/lexer.o
 .text.isH      0x000000000800f490       0x14 build/lexer.o
 .text.isB      0x000000000800f4a4       0x14 build/lexer.o
 .text.isQ      0x000000000800f4b8       0x14 build/lexer.o
 .text.isE      0x000000000800f4cc       0x14 build/lexer.o
 .text.skipWs   0x000000000800f4e0       0x28 build/lexer.o
 .text.skipDigit
                0x000000000800f508       0x28 build/lexer.o
 .text.skipNumbers
                0x000000000800f530       0x2c build/lexer.o
 .text.skipPlusmn
                0x000000000800f55c       0x24 build/lexer.o
 .text.skipAlpha
                0x000000000800f580       0x2c build/lexer.o
 .text.skipChr  0x000000000800f5ac       0x28 build/lexer.o
 .text.skipSlashDot
                0x000000000800f5d4       0x30 build/lexer.o
 .text.skipStar
                0x000000000800f604       0x26 build/lexer.o
 .text.skipColon
                0x000000000800f62a       0x26 build/lexer.o
 .text.skipProgramMnemonic
                0x000000000800f650       0x60 build/lexer.o
 .text.skipCommonProgramHeader
                0x000000000800f6b0       0x3c build/lexer.o
 .text.skipCompoundProgramHeader
                0x000000000800f6ec       0x4c build/lexer.o
 .text.skipMantisa
                0x000000000800f738       0x2a build/lexer.o
 .text.skipExponent
                0x000000000800f762       0x34 build/lexer.o
 *fill*         0x000000000800f796        0x2 
 .text.skipHexNum
                0x000000000800f798       0x30 build/lexer.o
 .text.skipOctNum
                0x000000000800f7c8       0x28 build/lexer.o
 .text.skipBinNum
                0x000000000800f7f0       0x28 build/lexer.o
 .text.isascii7bit
                0x000000000800f818        0xc build/lexer.o
 .text.skipQuoteProgramData
                0x000000000800f824       0x5e build/lexer.o
 .text.skipDoubleQuoteProgramData
                0x000000000800f882        0xa build/lexer.o
 .text.skipSingleQuoteProgramData
                0x000000000800f88c        0xa build/lexer.o
 *fill*         0x000000000800f896        0x2 
 .text.isNonzeroDigit
                0x000000000800f898       0x1c build/lexer.o
 .text.isProgramExpression
                0x000000000800f8b4       0x3a build/lexer.o
 .text.skipProgramExpression
                0x000000000800f8ee       0x22 build/lexer.o
 .text.scpiLex_IsEos
                0x000000000800f910        0x8 build/lexer.o
                0x000000000800f910                scpiLex_IsEos
 .text.scpiLex_WhiteSpace
                0x000000000800f918       0x26 build/lexer.o
                0x000000000800f918                scpiLex_WhiteSpace
 .text.scpiLex_ProgramHeader
                0x000000000800f93e       0x7c build/lexer.o
                0x000000000800f93e                scpiLex_ProgramHeader
 *fill*         0x000000000800f9ba        0x2 
 .text.scpiLex_CharacterProgramData
                0x000000000800f9bc       0x64 build/lexer.o
                0x000000000800f9bc                scpiLex_CharacterProgramData
 .text.scpiLex_DecimalNumericProgramData
                0x000000000800fa20       0x44 build/lexer.o
                0x000000000800fa20                scpiLex_DecimalNumericProgramData
 .text.scpiLex_SuffixProgramData
                0x000000000800fa64       0x68 build/lexer.o
                0x000000000800fa64                scpiLex_SuffixProgramData
 .text.scpiLex_NondecimalNumericData
                0x000000000800facc       0x9a build/lexer.o
                0x000000000800facc                scpiLex_NondecimalNumericData
 .text.scpiLex_StringProgramData
                0x000000000800fb66       0xbe build/lexer.o
                0x000000000800fb66                scpiLex_StringProgramData
 .text.scpiLex_ArbitraryBlockProgramData
                0x000000000800fc24       0xf4 build/lexer.o
                0x000000000800fc24                scpiLex_ArbitraryBlockProgramData
 .text.scpiLex_ProgramExpression
                0x000000000800fd18       0x6e build/lexer.o
                0x000000000800fd18                scpiLex_ProgramExpression
 .text.scpiLex_Comma
                0x000000000800fd86       0x28 build/lexer.o
                0x000000000800fd86                scpiLex_Comma
 .text.scpiLex_Semicolon
                0x000000000800fdae       0x26 build/lexer.o
                0x000000000800fdae                scpiLex_Semicolon
 .text.scpiLex_NewLine
                0x000000000800fdd4       0x38 build/lexer.o
                0x000000000800fdd4                scpiLex_NewLine
 .text.SCPI_SystemVersionQ
                0x000000000800fe0c       0x14 build/minimal.o
                0x000000000800fe0c                SCPI_SystemVersionQ
 .text.SCPI_SystemErrorNextQ
                0x000000000800fe20       0x1a build/minimal.o
                0x000000000800fe20                SCPI_SystemErrorNextQ
 .text.SCPI_SystemErrorCountQ
                0x000000000800fe3a       0x14 build/minimal.o
                0x000000000800fe3a                SCPI_SystemErrorCountQ
 .text.SCPI_StatusQuestionableEventQ
                0x000000000800fe4e       0x20 build/minimal.o
                0x000000000800fe4e                SCPI_StatusQuestionableEventQ
 .text.SCPI_StatusQuestionableEnableQ
                0x000000000800fe6e       0x16 build/minimal.o
                0x000000000800fe6e                SCPI_StatusQuestionableEnableQ
 .text.SCPI_StatusQuestionableEnable
                0x000000000800fe84       0x26 build/minimal.o
                0x000000000800fe84                SCPI_StatusQuestionableEnable
 .text.SCPI_StatusPreset
                0x000000000800feaa        0xe build/minimal.o
                0x000000000800feaa                SCPI_StatusPreset
 .text.writeData
                0x000000000800feb8       0x12 build/parser.o
 .text.flushData
                0x000000000800feca       0x22 build/parser.o
 .text.writeDelimiter
                0x000000000800feec       0x1c build/parser.o
 .text.writeNewLine
                0x000000000800ff08       0x28 build/parser.o
 .text.writeSemicolon
                0x000000000800ff30       0x1c build/parser.o
 .text.getBasePrefix
                0x000000000800ff4c       0x28 build/parser.o
 .text.invalidateToken
                0x000000000800ff74        0xc build/parser.o
 .text.processCommand
                0x000000000800ff80       0x78 build/parser.o
 .text.findCommandHeader
                0x000000000800fff8       0x40 build/parser.o
 .text.resultUInt32BaseSign
                0x0000000008010038       0x4e build/parser.o
 *fill*         0x0000000008010086        0x2 
 .text.ParamSignToUInt32
                0x0000000008010088       0x8c build/parser.o
 .text.ParamSignToUInt64
                0x0000000008010114       0x8c build/parser.o
 .text.SCPI_Init
                0x00000000080101a0       0x5a build/parser.o
                0x00000000080101a0                SCPI_Init
 .text.SCPI_ResultCharacters
                0x00000000080101fa       0x22 build/parser.o
                0x00000000080101fa                SCPI_ResultCharacters
 .text.SCPI_ResultInt32
                0x000000000801021c        0xc build/parser.o
                0x000000000801021c                SCPI_ResultInt32
 .text.SCPI_ResultDouble
                0x0000000008010228       0x32 build/parser.o
                0x0000000008010228                SCPI_ResultDouble
 *fill*         0x000000000801025a        0x2 
 .text.SCPI_ResultError
                0x000000000801025c      0x144 build/parser.o
                0x000000000801025c                SCPI_ResultError
 .text.SCPI_ParamIsNumber
                0x00000000080103a0       0x28 build/parser.o
                0x00000000080103a0                SCPI_ParamIsNumber
 .text.SCPI_ParamToUInt64
                0x00000000080103c8        0xa build/parser.o
                0x00000000080103c8                SCPI_ParamToUInt64
 *fill*         0x00000000080103d2        0x2 
 .text.SCPI_ParamToDouble
                0x00000000080103d4       0x5c build/parser.o
                0x00000000080103d4                SCPI_ParamToDouble
 .text.scpiParser_parseProgramData
                0x0000000008010430       0xa0 build/parser.o
                0x0000000008010430                scpiParser_parseProgramData
 .text.SCPI_Parameter
                0x00000000080104d0       0xb4 build/parser.o
                0x00000000080104d0                SCPI_Parameter
 .text.SCPI_ParamDouble
                0x0000000008010584       0x64 build/parser.o
                0x0000000008010584                SCPI_ParamDouble
 .text.ParamSignUInt32
                0x00000000080105e8       0x6c build/parser.o
 .text.SCPI_ParamInt32
                0x0000000008010654        0xa build/parser.o
                0x0000000008010654                SCPI_ParamInt32
 .text.scpiParser_parseAllProgramData
                0x000000000801065e       0x7a build/parser.o
                0x000000000801065e                scpiParser_parseAllProgramData
 .text.scpiParser_detectProgramMessageUnit
                0x00000000080106d8       0xc6 build/parser.o
                0x00000000080106d8                scpiParser_detectProgramMessageUnit
 .text.SCPI_Parse
                0x000000000801079e       0xf2 build/parser.o
                0x000000000801079e                SCPI_Parse
 .text.SCPI_Input
                0x0000000008010890       0xb8 build/parser.o
                0x0000000008010890                SCPI_Input
 .text.patternSeparatorShortPos
                0x0000000008010948       0x28 build/utils.o
 .text.strnpbrk
                0x0000000008010970       0x2c build/utils.o
                0x0000000008010970                strnpbrk
 .text.cmdSeparatorPos
                0x000000000801099c       0x1c build/utils.o
 .text.patternSeparatorPos
                0x00000000080109b8       0x1c build/utils.o
 .text.UInt32ToStrBaseSign
                0x00000000080109d4       0xf8 build/utils.o
                0x00000000080109d4                UInt32ToStrBaseSign
 .text.SCPI_DoubleToStr
                0x0000000008010acc       0x24 build/utils.o
                0x0000000008010acc                SCPI_DoubleToStr
 .text.strBaseToInt32
                0x0000000008010af0       0x18 build/utils.o
                0x0000000008010af0                strBaseToInt32
 .text.strBaseToUInt32
                0x0000000008010b08       0x18 build/utils.o
                0x0000000008010b08                strBaseToUInt32
 .text.strBaseToInt64
                0x0000000008010b20       0x1a build/utils.o
                0x0000000008010b20                strBaseToInt64
 .text.strBaseToUInt64
                0x0000000008010b3a       0x1a build/utils.o
                0x0000000008010b3a                strBaseToUInt64
 .text.strToDouble
                0x0000000008010b54       0x1a build/utils.o
                0x0000000008010b54                strToDouble
 .text.compareStr
                0x0000000008010b6e       0x20 build/utils.o
                0x0000000008010b6e                compareStr
 *fill*         0x0000000008010b8e        0x2 
 .text.compareStrAndNum
                0x0000000008010b90       0x70 build/utils.o
                0x0000000008010b90                compareStrAndNum
 .text.matchPattern
                0x0000000008010c00       0x8c build/utils.o
                0x0000000008010c00                matchPattern
 .text.matchCommand
                0x0000000008010c8c      0x290 build/utils.o
                0x0000000008010c8c                matchCommand
 .text.composeCompoundCommand
                0x0000000008010f1c       0x7a build/utils.o
                0x0000000008010f1c                composeCompoundCommand
 .text.SCPI_Write
                0x0000000008010f96       0x16 build/scpi-com.o
                0x0000000008010f96                SCPI_Write
 .text.SCPI_Flush
                0x0000000008010fac        0x4 build/scpi-com.o
                0x0000000008010fac                SCPI_Flush
 .text.SCPI_Error
                0x0000000008010fb0       0x2c build/scpi-com.o
                0x0000000008010fb0                SCPI_Error
 .text.SCPI_Control
                0x0000000008010fdc       0x38 build/scpi-com.o
                0x0000000008010fdc                SCPI_Control
 .text.SCPI_Reset
                0x0000000008011014       0x24 build/scpi-com.o
                0x0000000008011014                SCPI_Reset
 .text.SCPI_SystemCommTcpipControlQ
                0x0000000008011038        0x6 build/scpi-com.o
                0x0000000008011038                SCPI_SystemCommTcpipControlQ
 *fill*         0x000000000801103e        0x2 
 .text.Reset_Handler
                0x0000000008011040       0x50 build/startup_stm32f072xb.o
                0x0000000008011040                Reset_Handler
 .text.Default_Handler
                0x0000000008011090        0x2 build/startup_stm32f072xb.o
                0x0000000008011090                TIM1_CC_IRQHandler
                0x0000000008011090                TSC_IRQHandler
                0x0000000008011090                ADC1_COMP_IRQHandler
                0x0000000008011090                I2C1_IRQHandler
                0x0000000008011090                RCC_CRS_IRQHandler
                0x0000000008011090                SPI1_IRQHandler
                0x0000000008011090                TIM6_DAC_IRQHandler
                0x0000000008011090                USART3_4_IRQHandler
                0x0000000008011090                EXTI2_3_IRQHandler
                0x0000000008011090                I2C2_IRQHandler
                0x0000000008011090                TIM17_IRQHandler
                0x0000000008011090                CEC_CAN_IRQHandler
                0x0000000008011090                RTC_IRQHandler
                0x0000000008011090                PVD_VDDIO2_IRQHandler
                0x0000000008011090                TIM16_IRQHandler
                0x0000000008011090                TIM3_IRQHandler
                0x0000000008011090                EXTI4_15_IRQHandler
                0x0000000008011090                Default_Handler
                0x0000000008011090                TIM14_IRQHandler
                0x0000000008011090                TIM7_IRQHandler
                0x0000000008011090                TIM15_IRQHandler
                0x0000000008011090                EXTI0_1_IRQHandler
                0x0000000008011090                SPI2_IRQHandler
                0x0000000008011090                WWDG_IRQHandler
                0x0000000008011090                DMA1_Channel2_3_IRQHandler
                0x0000000008011090                USART2_IRQHandler
                0x0000000008011090                FLASH_IRQHandler
                0x0000000008011090                USART1_IRQHandler
                0x0000000008011090                TIM1_BRK_UP_TRG_COM_IRQHandler
 *(.glue_7)
 .glue_7        0x0000000008011092        0x0 linker stubs
 *(.glue_7t)
 .glue_7t       0x0000000008011092        0x0 linker stubs
 *(.eh_frame)
 *fill*         0x0000000008011092        0x2 
 .eh_frame      0x0000000008011094        0x0 /usr/lib/gcc/arm-none-eabi/9.2.1/thumb/v6-m/nofp/crtbegin.o
 *(.init)
 .init          0x0000000008011094        0x4 /usr/lib/gcc/arm-none-eabi/9.2.1/thumb/v6-m/nofp/crti.o
                0x0000000008011094                _init
 .init          0x0000000008011098        0x8 /usr/lib/gcc/arm-none-eabi/9.2.1/thumb/v6-m/nofp/crtn.o
 *(.fini)
 .fini          0x00000000080110a0        0x4 /usr/lib/gcc/arm-none-eabi/9.2.1/thumb/v6-m/nofp/crti.o
                0x00000000080110a0                _fini
 .fini          0x00000000080110a4        0x8 /usr/lib/gcc/arm-none-eabi/9.2.1/thumb/v6-m/nofp/crtn.o
                0x00000000080110ac                . = ALIGN (0x4)
                0x00000000080110ac                _etext = .

.vfp11_veneer   0x00000000080110ac        0x0
 .vfp11_veneer  0x00000000080110ac        0x0 linker stubs

.v4_bx          0x00000000080110ac        0x0
 .v4_bx         0x00000000080110ac        0x0 linker stubs

.iplt           0x00000000080110ac        0x0
 .iplt          0x00000000080110ac        0x0 /usr/lib/gcc/arm-none-eabi/9.2.1/thumb/v6-m/nofp/crtbegin.o

.rodata         0x00000000080110b0     0x10ec
                0x00000000080110b0                . = ALIGN (0x4)
 *(.rodata)
 .rodata        0x00000000080110b0      0x101 /usr/lib/gcc/arm-none-eabi/9.2.1/../../../arm-none-eabi/lib/thumb/v6-m/nofp/libc_nano.a(lib_a-ctype_.o)
                0x00000000080110b0                _ctype_
 *fill*         0x00000000080111b1        0x3 
 .rodata        0x00000000080111b4        0x4 /usr/lib/gcc/arm-none-eabi/9.2.1/../../../arm-none-eabi/lib/thumb/v6-m/nofp/libc_nano.a(lib_a-impure.o)
                0x00000000080111b4                _global_impure_ptr
 .rodata        0x00000000080111b8      0x120 /usr/lib/gcc/arm-none-eabi/9.2.1/../../../arm-none-eabi/lib/thumb/v6-m/nofp/libc_nano.a(lib_a-strtod.o)
 .rodata        0x00000000080112d8      0x100 /usr/lib/gcc/arm-none-eabi/9.2.1/../../../arm-none-eabi/lib/thumb/v6-m/nofp/libc_nano.a(lib_a-gdtoa-gethex.o)
                0x00000000080112d8                __hexdig
 .rodata        0x00000000080113d8        0xc /usr/lib/gcc/arm-none-eabi/9.2.1/../../../arm-none-eabi/lib/thumb/v6-m/nofp/libc_nano.a(lib_a-lnumeric.o)
                0x00000000080113d8                _C_numeric_locale
 *fill*         0x00000000080113e4        0x4 
 .rodata        0x00000000080113e8      0x128 /usr/lib/gcc/arm-none-eabi/9.2.1/../../../arm-none-eabi/lib/thumb/v6-m/nofp/libc_nano.a(lib_a-mprec.o)
                0x00000000080113f8                __mprec_tinytens
                0x0000000008011420                __mprec_bigtens
                0x0000000008011448                __mprec_tens
 .rodata        0x0000000008011510       0x60 /usr/lib/gcc/arm-none-eabi/9.2.1/../../../arm-none-eabi/lib/thumb/v6-m/nofp/libc_nano.a(lib_a-findfp.o)
                0x0000000008011510                __sf_fake_stderr
                0x0000000008011530                __sf_fake_stdout
                0x0000000008011550                __sf_fake_stdin
 .rodata        0x0000000008011570       0x40 /usr/lib/gcc/arm-none-eabi/9.2.1/thumb/v6-m/nofp/libgcc.a(divdf3.o)
 .rodata        0x00000000080115b0       0x40 /usr/lib/gcc/arm-none-eabi/9.2.1/thumb/v6-m/nofp/libgcc.a(muldf3.o)
 *(.rodata*)
 .rodata.main.str1.4
                0x00000000080115f0       0x1c build/main.o
 .rodata.USBD_FS_ProductStrDescriptor.str1.4
                0x000000000801160c       0x1c build/usbd_desc.o
 .rodata.USBD_FS_ManufacturerStrDescriptor.str1.4
                0x0000000008011628       0x11 build/usbd_desc.o
 *fill*         0x0000000008011639        0x3 
 .rodata.USBD_FS_ConfigStrDescriptor.str1.4
                0x000000000801163c        0xb build/usbd_desc.o
 *fill*         0x0000000008011647        0x1 
 .rodata.USBD_FS_InterfaceStrDescriptor.str1.4
                0x0000000008011648        0xe build/usbd_desc.o
 *fill*         0x0000000008011656        0x2 
 .rodata.HAL_RCC_GetSysClockFreq.str1.4
                0x0000000008011658       0x25 build/stm32f0xx_hal_rcc.o
 *fill*         0x000000000801167d        0x3 
 .rodata.AHBPrescTable
                0x0000000008011680       0x10 build/system_stm32f0xx.o
                0x0000000008011680                AHBPrescTable
 .rodata.USBD_GetDescriptor
                0x0000000008011690       0x38 build/usbd_ctlreq.o
 .rodata.USBD_StdDevReq
                0x00000000080116c8       0x28 build/usbd_ctlreq.o
 .rodata.OPS_ConfigureCurrentDc.str1.4
                0x00000000080116f0       0x14 build/scpi-def.o
 .rodata.OPS_ConfigureOutputEn.str1.4
                0x0000000008011704       0x16 build/scpi-def.o
 *fill*         0x000000000801171a        0x2 
 .rodata.str1.4
                0x000000000801171c      0x1e4 build/scpi-def.o
 .rodata.scpi_commands
                0x0000000008011900      0x168 build/scpi-def.o
                0x0000000008011900                scpi_commands
 .rodata.SCPI_ErrorTranslate.str1.4
                0x0000000008011a68      0x13d build/error.o
 *fill*         0x0000000008011ba5        0x3 
 .rodata.SCPI_ErrorTranslate
                0x0000000008011ba8      0x118 build/error.o
 .rodata.errs   0x0000000008011cc0       0x36 build/error.o
 *fill*         0x0000000008011cf6        0x2 
 .rodata.SCPI_RegSet
                0x0000000008011cf8       0x28 build/ieee488.o
 .rodata.SCPI_CoreIdnQ.str1.4
                0x0000000008011d20        0x2 build/ieee488.o
 *fill*         0x0000000008011d22        0x2 
 .rodata.SCPI_SystemVersionQ.str1.4
                0x0000000008011d24        0x7 build/minimal.o
 *fill*         0x0000000008011d2b        0x1 
 .rodata.writeDelimiter.str1.4
                0x0000000008011d2c        0x2 build/parser.o
 .rodata.writeNewLine.str1.4
                0x0000000008011d2e        0x2 build/parser.o
                                          0x3 (size before relaxing)
 *fill*         0x0000000008011d2e        0x2 
 .rodata.writeSemicolon.str1.4
                0x0000000008011d30        0x2 build/parser.o
 *fill*         0x0000000008011d32        0x2 
 .rodata.getBasePrefix.str1.4
                0x0000000008011d34        0xb build/parser.o
 *fill*         0x0000000008011d3f        0x1 
 .rodata.SCPI_ResultText.str1.4
                0x0000000008011d40        0x2 build/parser.o
 *fill*         0x0000000008011d42        0x2 
 .rodata.str1.4
                0x0000000008011d44       0xb5 build/units.o
 *fill*         0x0000000008011df9        0x7 
 .rodata.scpi_units_def
                0x0000000008011e00      0x1b0 build/units.o
                0x0000000008011e00                scpi_units_def
 .rodata.cmdSeparatorPos.str1.4
                0x0000000008011fb0        0x3 build/utils.o
 *fill*         0x0000000008011fb3        0x1 
 .rodata.patternSeparatorPos.str1.4
                0x0000000008011fb4        0x5 build/utils.o
 *fill*         0x0000000008011fb9        0x3 
 .rodata.UInt32ToStrBaseSign.str1.4
                0x0000000008011fbc       0x11 build/utils.o
 *fill*         0x0000000008011fcd        0x3 
 .rodata.SCPI_DoubleToStr.str1.4
                0x0000000008011fd0        0x7 build/utils.o
 *fill*         0x0000000008011fd7        0x1 
 .rodata.SCPI_Error.str1.4
                0x0000000008011fd8       0x14 build/scpi-com.o
 .rodata.SCPI_Control.str1.4
                0x0000000008011fec       0x2d build/scpi-com.o
 *fill*         0x0000000008012019        0x3 
 .rodata.SCPI_Reset.str1.4
                0x000000000801201c        0xa build/scpi-com.o
 *fill*         0x0000000008012026        0x2 
 .rodata.str1.4
                0x0000000008012028        0xc /usr/lib/gcc/arm-none-eabi/9.2.1/../../../arm-none-eabi/lib/thumb/v6-m/nofp/libc_nano.a(lib_a-nano-vfprintf_float.o)
                                         0x12 (size before relaxing)
 .rodata.str1.4
                0x0000000008012034       0x11 /usr/lib/gcc/arm-none-eabi/9.2.1/../../../arm-none-eabi/lib/thumb/v6-m/nofp/libc_nano.a(lib_a-nano-vfprintf_i.o)
                                         0x25 (size before relaxing)
 *fill*         0x0000000008012045        0x3 
 .rodata.str1.4
                0x0000000008012048        0xf /usr/lib/gcc/arm-none-eabi/9.2.1/../../../arm-none-eabi/lib/thumb/v6-m/nofp/libc_nano.a(lib_a-strtod.o)
                                         0x11 (size before relaxing)
 *fill*         0x0000000008012057        0x1 
 .rodata.str1.4
                0x0000000008012058       0x6d /usr/lib/gcc/arm-none-eabi/9.2.1/../../../arm-none-eabi/lib/thumb/v6-m/nofp/libc_nano.a(lib_a-dtoa.o)
                                         0x71 (size before relaxing)
 *fill*         0x00000000080120c5        0x3 
 .rodata.str1.4
                0x00000000080120c8       0x3a /usr/lib/gcc/arm-none-eabi/9.2.1/../../../arm-none-eabi/lib/thumb/v6-m/nofp/libc_nano.a(lib_a-gdtoa-gethex.o)
                                         0x4e (size before relaxing)
 *fill*         0x0000000008012102        0x2 
 .rodata.str1.4
                0x0000000008012104        0x2 /usr/lib/gcc/arm-none-eabi/9.2.1/../../../arm-none-eabi/lib/thumb/v6-m/nofp/libc_nano.a(lib_a-lnumeric.o)
                                          0x5 (size before relaxing)
 *fill*         0x0000000008012106        0x2 
 .rodata.str1.4
                0x0000000008012108        0xa /usr/lib/gcc/arm-none-eabi/9.2.1/../../../arm-none-eabi/lib/thumb/v6-m/nofp/libc_nano.a(lib_a-locale.o)
                                         0x12 (size before relaxing)
 *fill*         0x0000000008012112        0x2 
 .rodata.str1.4
                0x0000000008012114       0x33 /usr/lib/gcc/arm-none-eabi/9.2.1/../../../arm-none-eabi/lib/thumb/v6-m/nofp/libc_nano.a(lib_a-mprec.o)
                                         0x5d (size before relaxing)
 *fill*         0x0000000008012147        0x1 
 .rodata.str1.4
                0x0000000008012148       0x13 /usr/lib/gcc/arm-none-eabi/9.2.1/../../../arm-none-eabi/lib/thumb/v6-m/nofp/libc_nano.a(lib_a-nano-svfprintf.o)
 *fill*         0x000000000801215b        0x1 
 .rodata.str1.4
                0x000000000801215c       0x3f /usr/lib/gcc/arm-none-eabi/9.2.1/../../../arm-none-eabi/lib/thumb/v6-m/nofp/libc_nano.a(lib_a-assert.o)
                                         0x43 (size before relaxing)
 .rodata.str1.4
                0x000000000801219b       0x13 /usr/lib/gcc/arm-none-eabi/9.2.1/../../../arm-none-eabi/lib/thumb/v6-m/nofp/libc_nano.a(lib_a-nano-vfprintf.o)
                0x00000000080121b0                . = ALIGN (0x4)
 *fill*         0x000000000801219b        0x1 

.ARM.extab
 *(.ARM.extab* .gnu.linkonce.armextab.*)

.ARM            0x000000000801219c        0x8
                0x000000000801219c                __exidx_start = .
 *(.ARM.exidx*)
 .ARM.exidx     0x000000000801219c        0x8 /usr/lib/gcc/arm-none-eabi/9.2.1/thumb/v6-m/nofp/libgcc.a(_udivmoddi4.o)
                0x00000000080121a4                __exidx_end = .

.rel.dyn        0x00000000080121a4        0x0
 .rel.iplt      0x00000000080121a4        0x0 /usr/lib/gcc/arm-none-eabi/9.2.1/thumb/v6-m/nofp/crtbegin.o

.preinit_array  0x00000000080121a4        0x0
                0x00000000080121a4                PROVIDE (__preinit_array_start = .)
 *(.preinit_array*)
                0x00000000080121a4                PROVIDE (__preinit_array_end = .)

.init_array     0x00000000080121a4        0x4
                0x00000000080121a4                PROVIDE (__init_array_start = .)
 *(SORT_BY_NAME(.init_array.*))
 *(.init_array*)
 .init_array    0x00000000080121a4        0x4 /usr/lib/gcc/arm-none-eabi/9.2.1/thumb/v6-m/nofp/crtbegin.o
                0x00000000080121a8                PROVIDE (__init_array_end = .)

.fini_array     0x00000000080121a8        0x4
                0x00000000080121a8                PROVIDE (__fini_array_start = .)
 *(SORT_BY_NAME(.fini_array.*))
 *(.fini_array*)