Archive member included to satisfy reference by file (symbol)

/usr/lib/gcc/arm-none-eabi/9.2.1/../../../arm-none-eabi/lib/thumb/v6-m/nofp/libc_nano.a(lib_a-atexit.o)
                              /usr/lib/gcc/arm-none-eabi/9.2.1/../../../arm-none-eabi/lib/thumb/v6-m/nofp/crt0.o (atexit)
/usr/lib/gcc/arm-none-eabi/9.2.1/../../../arm-none-eabi/lib/thumb/v6-m/nofp/libc_nano.a(lib_a-exit.o)
                              /usr/lib/gcc/arm-none-eabi/9.2.1/../../../arm-none-eabi/lib/thumb/v6-m/nofp/crt0.o (exit)
/usr/lib/gcc/arm-none-eabi/9.2.1/../../../arm-none-eabi/lib/thumb/v6-m/nofp/libc_nano.a(lib_a-fini.o)
                              /usr/lib/gcc/arm-none-eabi/9.2.1/../../../arm-none-eabi/lib/thumb/v6-m/nofp/crt0.o (__libc_fini_array)
/usr/lib/gcc/arm-none-eabi/9.2.1/../../../arm-none-eabi/lib/thumb/v6-m/nofp/libc_nano.a(lib_a-impure.o)
                              /usr/lib/gcc/arm-none-eabi/9.2.1/../../../arm-none-eabi/lib/thumb/v6-m/nofp/libc_nano.a(lib_a-exit.o) (_global_impure_ptr)
/usr/lib/gcc/arm-none-eabi/9.2.1/../../../arm-none-eabi/lib/thumb/v6-m/nofp/libc_nano.a(lib_a-init.o)
                              /usr/lib/gcc/arm-none-eabi/9.2.1/../../../arm-none-eabi/lib/thumb/v6-m/nofp/crt0.o (__libc_init_array)
/usr/lib/gcc/arm-none-eabi/9.2.1/../../../arm-none-eabi/lib/thumb/v6-m/nofp/libc_nano.a(lib_a-memset.o)
                              /usr/lib/gcc/arm-none-eabi/9.2.1/../../../arm-none-eabi/lib/thumb/v6-m/nofp/crt0.o (memset)
/usr/lib/gcc/arm-none-eabi/9.2.1/../../../arm-none-eabi/lib/thumb/v6-m/nofp/libc_nano.a(lib_a-__atexit.o)
                              /usr/lib/gcc/arm-none-eabi/9.2.1/../../../arm-none-eabi/lib/thumb/v6-m/nofp/libc_nano.a(lib_a-atexit.o) (__register_exitproc)
/usr/lib/gcc/arm-none-eabi/9.2.1/../../../arm-none-eabi/lib/thumb/v6-m/nofp/libc_nano.a(lib_a-__call_atexit.o)
                              /usr/lib/gcc/arm-none-eabi/9.2.1/../../../arm-none-eabi/lib/thumb/v6-m/nofp/libc_nano.a(lib_a-__atexit.o) (__call_exitprocs)
/usr/lib/gcc/arm-none-eabi/9.2.1/../../../arm-none-eabi/lib/thumb/v6-m/nofp/libnosys.a(_exit.o)
                              /usr/lib/gcc/arm-none-eabi/9.2.1/../../../arm-none-eabi/lib/thumb/v6-m/nofp/libc_nano.a(lib_a-exit.o) (_exit)
/usr/lib/gcc/arm-none-eabi/9.2.1/thumb/v6-m/nofp/libgcc.a(_udivsi3.o)
                              build/stm32f0xx_hal_rcc.o (__aeabi_uidiv)
/usr/lib/gcc/arm-none-eabi/9.2.1/thumb/v6-m/nofp/libgcc.a(_dvmd_tls.o)
                              /usr/lib/gcc/arm-none-eabi/9.2.1/thumb/v6-m/nofp/libgcc.a(_udivsi3.o) (__aeabi_idiv0)

Allocating common symbols
Common symbol       size              file

hUsbDeviceFS        0x2c4             build/usb_device.o
hi2c2               0x4c              build/main.o
uwTick              0x4               build/stm32f0xx_hal.o
pFlash              0x20              build/stm32f0xx_hal_flash.o
UserRxBufferFS      0x3e8             build/usbd_cdc_if.o
hdma_i2c2_rx        0x44              build/main.o
hdma_i2c2_tx        0x44              build/main.o
UserTxBufferFS      0x3e8             build/usbd_cdc_if.o
htim1               0x48              build/main.o
htim2               0x48              build/main.o
MP8862              0xc               build/main.o
hdma_adc            0x44              build/main.o
hpcd_USB_FS         0x2f4             build/usbd_conf.o
hadc                0x40              build/main.o
USBD_StrDesc        0x200             build/usbd_desc.o

Discarded input sections

 .text          0x0000000000000000        0x0 /usr/lib/gcc/arm-none-eabi/9.2.1/thumb/v6-m/nofp/crti.o
 .data          0x0000000000000000        0x0 /usr/lib/gcc/arm-none-eabi/9.2.1/thumb/v6-m/nofp/crti.o
 .bss           0x0000000000000000        0x0 /usr/lib/gcc/arm-none-eabi/9.2.1/thumb/v6-m/nofp/crti.o
 .data          0x0000000000000000        0x4 /usr/lib/gcc/arm-none-eabi/9.2.1/thumb/v6-m/nofp/crtbegin.o
 .text          0x0000000000000000       0x74 /usr/lib/gcc/arm-none-eabi/9.2.1/../../../arm-none-eabi/lib/thumb/v6-m/nofp/crt0.o
 .data          0x0000000000000000        0x0 /usr/lib/gcc/arm-none-eabi/9.2.1/../../../arm-none-eabi/lib/thumb/v6-m/nofp/crt0.o
 .bss           0x0000000000000000        0x0 /usr/lib/gcc/arm-none-eabi/9.2.1/../../../arm-none-eabi/lib/thumb/v6-m/nofp/crt0.o
 .ARM.extab     0x0000000000000000        0x0 /usr/lib/gcc/arm-none-eabi/9.2.1/../../../arm-none-eabi/lib/thumb/v6-m/nofp/crt0.o
 .ARM.exidx     0x0000000000000000       0x10 /usr/lib/gcc/arm-none-eabi/9.2.1/../../../arm-none-eabi/lib/thumb/v6-m/nofp/crt0.o
 .debug_line    0x0000000000000000       0x8c /usr/lib/gcc/arm-none-eabi/9.2.1/../../../arm-none-eabi/lib/thumb/v6-m/nofp/crt0.o
 .debug_info    0x0000000000000000       0x26 /usr/lib/gcc/arm-none-eabi/9.2.1/../../../arm-none-eabi/lib/thumb/v6-m/nofp/crt0.o
 .debug_abbrev  0x0000000000000000       0x14 /usr/lib/gcc/arm-none-eabi/9.2.1/../../../arm-none-eabi/lib/thumb/v6-m/nofp/crt0.o
 .debug_aranges
[...]
Memory Configuration

Name             Origin             Length             Attributes
RAM              0x0000000020000000 0x0000000000004000 xrw
FLASH            0x0000000008000000 0x0000000000020000 xr
*default*        0x0000000000000000 0xffffffffffffffff

Linker script and memory map

LOAD /usr/lib/gcc/arm-none-eabi/9.2.1/thumb/v6-m/nofp/crti.o
LOAD /usr/lib/gcc/arm-none-eabi/9.2.1/thumb/v6-m/nofp/crtbegin.o
LOAD /usr/lib/gcc/arm-none-eabi/9.2.1/../../../arm-none-eabi/lib/thumb/v6-m/nofp/crt0.o
LOAD build/main.o
LOAD build/MP8862.o
LOAD build/stm32f0xx_it.o
LOAD build/stm32f0xx_hal_msp.o
LOAD build/usb_device.o
LOAD build/usbd_desc.o
LOAD build/usbd_cdc_if.o
LOAD build/usbd_conf.o
LOAD build/stm32f0xx_ll_usb.o
LOAD build/stm32f0xx_hal_pcd.o
LOAD build/stm32f0xx_hal_pcd_ex.o
LOAD build/stm32f0xx_hal_rcc.o
LOAD build/stm32f0xx_hal_rcc_ex.o
LOAD build/stm32f0xx_hal.o
LOAD build/stm32f0xx_hal_i2c.o
LOAD build/stm32f0xx_hal_i2c_ex.o
LOAD build/stm32f0xx_hal_gpio.o
LOAD build/stm32f0xx_hal_dma.o
LOAD build/stm32f0xx_hal_cortex.o
LOAD build/stm32f0xx_hal_pwr.o
LOAD build/stm32f0xx_hal_pwr_ex.o
LOAD build/stm32f0xx_hal_flash.o
LOAD build/stm32f0xx_hal_flash_ex.o
LOAD build/stm32f0xx_hal_exti.o
LOAD build/stm32f0xx_hal_adc.o
LOAD build/stm32f0xx_hal_adc_ex.o
LOAD build/stm32f0xx_hal_tim.o
LOAD build/stm32f0xx_hal_tim_ex.o
LOAD build/system_stm32f0xx.o
LOAD build/usbd_core.o
LOAD build/usbd_ctlreq.o
LOAD build/usbd_ioreq.o
LOAD build/usbd_cdc.o
LOAD build/startup_stm32f072xb.o
LOAD /usr/lib/gcc/arm-none-eabi/9.2.1/../../../arm-none-eabi/lib/thumb/v6-m/nofp/libc_nano.a
LOAD /usr/lib/gcc/arm-none-eabi/9.2.1/../../../arm-none-eabi/lib/thumb/v6-m/nofp/libm.a
LOAD /usr/lib/gcc/arm-none-eabi/9.2.1/../../../arm-none-eabi/lib/thumb/v6-m/nofp/libnosys.a
START GROUP
LOAD /usr/lib/gcc/arm-none-eabi/9.2.1/thumb/v6-m/nofp/libgcc.a
LOAD /usr/lib/gcc/arm-none-eabi/9.2.1/../../../arm-none-eabi/lib/thumb/v6-m/nofp/libc_nano.a
END GROUP
START GROUP
LOAD /usr/lib/gcc/arm-none-eabi/9.2.1/thumb/v6-m/nofp/libgcc.a
LOAD /usr/lib/gcc/arm-none-eabi/9.2.1/../../../arm-none-eabi/lib/thumb/v6-m/nofp/libc_nano.a
END GROUP
LOAD /usr/lib/gcc/arm-none-eabi/9.2.1/thumb/v6-m/nofp/crtend.o
LOAD /usr/lib/gcc/arm-none-eabi/9.2.1/thumb/v6-m/nofp/crtn.o
                0x0000000020004000                _estack = 0x20004000
                0x0000000000000200                _Min_Heap_Size = 0x200
                0x0000000000000400                _Min_Stack_Size = 0x400

.isr_vector     0x0000000008000000       0xc0
                0x0000000008000000                . = ALIGN (0x4)
 *(.isr_vector)
 .isr_vector    0x0000000008000000       0xc0 build/startup_stm32f072xb.o
                0x0000000008000000                g_pfnVectors
                0x00000000080000c0                . = ALIGN (0x4)

.text           0x00000000080000c0     0x5a2c
                0x00000000080000c0                . = ALIGN (0x4)
 *(.text)
 .text          0x00000000080000c0       0x98 /usr/lib/gcc/arm-none-eabi/9.2.1/thumb/v6-m/nofp/crtbegin.o
 .text          0x0000000008000158       0x44 /usr/lib/gcc/arm-none-eabi/9.2.1/../../../arm-none-eabi/lib/thumb/v6-m/nofp/libc_nano.a(lib_a-init.o)
                0x0000000008000158                __libc_init_array
 .text          0x000000000800019c       0xa8 /usr/lib/gcc/arm-none-eabi/9.2.1/../../../arm-none-eabi/lib/thumb/v6-m/nofp/libc_nano.a(lib_a-memset.o)
                0x000000000800019c                memset
 .text          0x0000000008000244      0x114 /usr/lib/gcc/arm-none-eabi/9.2.1/thumb/v6-m/nofp/libgcc.a(_udivsi3.o)
                0x0000000008000244                __udivsi3
                0x0000000008000244                __aeabi_uidiv
                0x0000000008000350                __aeabi_uidivmod
 .text          0x0000000008000358        0x4 /usr/lib/gcc/arm-none-eabi/9.2.1/thumb/v6-m/nofp/libgcc.a(_dvmd_tls.o)
                0x0000000008000358                __aeabi_ldiv0
                0x0000000008000358                __aeabi_idiv0
 *(.text*)
 .text.MX_GPIO_Init
                0x000000000800035c       0x9c build/main.o
 .text.MX_I2C2_Init
                0x00000000080003f8       0x44 build/main.o
 .text.MX_DMA_Init
                0x000000000800043c       0x40 build/main.o
 .text.MX_ADC_Init
                0x000000000800047c       0xb4 build/main.o
 .text.MX_TIM1_Init
                0x0000000008000530       0x60 build/main.o
 .text.MX_TIM2_Init
                0x0000000008000590       0x64 build/main.o
 .text.SystemClock_Config
                0x00000000080005f4       0x5e build/main.o
                0x00000000080005f4                SystemClock_Config
 *fill*         0x0000000008000652        0x2 
 .text.main     0x0000000008000654       0xdc build/main.o
                0x0000000008000654                main
 .text.Error_Handler
                0x0000000008000730        0x4 build/main.o
                0x0000000008000730                Error_Handler
 .text.MP8862_isReady
                0x0000000008000734       0x18 build/MP8862.o
                0x0000000008000734                MP8862_isReady
 .text.MP8862_init
                0x000000000800074c       0x20 build/MP8862.o
                0x000000000800074c                MP8862_init
 .text.MP8862_write
                0x000000000800076c       0x26 build/MP8862.o
                0x000000000800076c                MP8862_write
 .text.MP8862_read
                0x0000000008000792       0x26 build/MP8862.o
                0x0000000008000792                MP8862_read
 .text.MP8862_setEnable
                0x00000000080007b8       0x2a build/MP8862.o
                0x00000000080007b8                MP8862_setEnable
 *fill*         0x00000000080007e2        0x2 
 .text.MP8862_setCurrentLimit_mA
                0x00000000080007e4       0x4c build/MP8862.o
                0x00000000080007e4                MP8862_setCurrentLimit_mA
 .text.MP8862_setVoltageSetpoint_mV
                0x0000000008000830       0x4c build/MP8862.o
                0x0000000008000830                MP8862_setVoltageSetpoint_mV
 .text.NMI_Handler
                0x000000000800087c        0x2 build/stm32f0xx_it.o
                0x000000000800087c                NMI_Handler
 .text.HardFault_Handler
                0x000000000800087e        0x2 build/stm32f0xx_it.o
                0x000000000800087e                HardFault_Handler
 .text.SVC_Handler
                0x0000000008000880        0x2 build/stm32f0xx_it.o
                0x0000000008000880                SVC_Handler
 .text.PendSV_Handler
                0x0000000008000882        0x2 build/stm32f0xx_it.o
                0x0000000008000882                PendSV_Handler
 .text.SysTick_Handler
                0x0000000008000884        0x8 build/stm32f0xx_it.o
                0x0000000008000884                SysTick_Handler
 .text.DMA1_Channel1_IRQHandler
                0x000000000800088c       0x10 build/stm32f0xx_it.o
                0x000000000800088c                DMA1_Channel1_IRQHandler
 .text.DMA1_Channel4_5_6_7_IRQHandler
                0x000000000800089c       0x18 build/stm32f0xx_it.o
                0x000000000800089c                DMA1_Channel4_5_6_7_IRQHandler
 .text.TIM2_IRQHandler
                0x00000000080008b4       0x10 build/stm32f0xx_it.o
                0x00000000080008b4                TIM2_IRQHandler
 .text.USB_IRQHandler
                0x00000000080008c4       0x10 build/stm32f0xx_it.o
                0x00000000080008c4                USB_IRQHandler
 .text.HAL_MspInit
                0x00000000080008d4       0x30 build/stm32f0xx_hal_msp.o
                0x00000000080008d4                HAL_MspInit
 .text.HAL_ADC_MspInit
                0x0000000008000904       0x9c build/stm32f0xx_hal_msp.o
                0x0000000008000904                HAL_ADC_MspInit
 .text.HAL_I2C_MspInit
                0x00000000080009a0       0xe0 build/stm32f0xx_hal_msp.o
                0x00000000080009a0                HAL_I2C_MspInit
 .text.HAL_TIM_Base_MspInit
                0x0000000008000a80       0x5c build/stm32f0xx_hal_msp.o
                0x0000000008000a80                HAL_TIM_Base_MspInit
 .text.MX_USB_DEVICE_Init
                0x0000000008000adc       0x5c build/usb_device.o
                0x0000000008000adc                MX_USB_DEVICE_Init
 .text.USBD_FS_DeviceDescriptor
                0x0000000008000b38        0xc build/usbd_desc.o
                0x0000000008000b38                USBD_FS_DeviceDescriptor
 .text.USBD_FS_LangIDStrDescriptor
                0x0000000008000b44        0xc build/usbd_desc.o
                0x0000000008000b44                USBD_FS_LangIDStrDescriptor
 .text.IntToUnicode
                0x0000000008000b50       0x30 build/usbd_desc.o
 .text.Get_SerialNum
                0x0000000008000b80       0x40 build/usbd_desc.o
 .text.USBD_FS_SerialStrDescriptor
                0x0000000008000bc0       0x14 build/usbd_desc.o
                0x0000000008000bc0                USBD_FS_SerialStrDescriptor
 .text.USBD_FS_ProductStrDescriptor
                0x0000000008000bd4       0x28 build/usbd_desc.o
                0x0000000008000bd4                USBD_FS_ProductStrDescriptor
 .text.USBD_FS_ManufacturerStrDescriptor
                0x0000000008000bfc       0x1c build/usbd_desc.o
                0x0000000008000bfc                USBD_FS_ManufacturerStrDescriptor
 .text.USBD_FS_ConfigStrDescriptor
                0x0000000008000c18       0x28 build/usbd_desc.o
                0x0000000008000c18                USBD_FS_ConfigStrDescriptor
 .text.USBD_FS_InterfaceStrDescriptor
                0x0000000008000c40       0x28 build/usbd_desc.o
                0x0000000008000c40                USBD_FS_InterfaceStrDescriptor
 .text.CDC_DeInit_FS
                0x0000000008000c68        0x4 build/usbd_cdc_if.o
 .text.CDC_Control_FS
                0x0000000008000c6c        0x4 build/usbd_cdc_if.o
 .text.CDC_Receive_FS
                0x0000000008000c70       0x1c build/usbd_cdc_if.o
 .text.CDC_Init_FS
                0x0000000008000c8c       0x28 build/usbd_cdc_if.o
 .text.USBD_Get_USB_Status
                0x0000000008000cb4       0x16 build/usbd_conf.o
 .text.SystemClockConfig_Resume
                0x0000000008000cca        0x8 build/usbd_conf.o
 *fill*         0x0000000008000cd2        0x2 
 .text.HAL_PCD_MspInit
                0x0000000008000cd4       0x40 build/usbd_conf.o
                0x0000000008000cd4                HAL_PCD_MspInit
 .text.HAL_PCD_SetupStageCallback
                0x0000000008000d14       0x16 build/usbd_conf.o
                0x0000000008000d14                HAL_PCD_SetupStageCallback
 .text.HAL_PCD_DataOutStageCallback
                0x0000000008000d2a       0x1e build/usbd_conf.o
                0x0000000008000d2a                HAL_PCD_DataOutStageCallback
 .text.HAL_PCD_DataInStageCallback
                0x0000000008000d48       0x1a build/usbd_conf.o
                0x0000000008000d48                HAL_PCD_DataInStageCallback
 .text.HAL_PCD_SOFCallback
                0x0000000008000d62        0xe build/usbd_conf.o
                0x0000000008000d62                HAL_PCD_SOFCallback
 .text.HAL_PCD_ResetCallback
                0x0000000008000d70       0x24 build/usbd_conf.o
                0x0000000008000d70                HAL_PCD_ResetCallback
 .text.HAL_PCD_SuspendCallback
                0x0000000008000d94       0x24 build/usbd_conf.o
                0x0000000008000d94                HAL_PCD_SuspendCallback
 .text.HAL_PCD_ResumeCallback
                0x0000000008000db8       0x2c build/usbd_conf.o
                0x0000000008000db8                HAL_PCD_ResumeCallback
 .text.USBD_LL_Init
                0x0000000008000de4       0x84 build/usbd_conf.o
                0x0000000008000de4                USBD_LL_Init
 .text.USBD_LL_Start
                0x0000000008000e68       0x12 build/usbd_conf.o
                0x0000000008000e68                USBD_LL_Start
 .text.USBD_LL_OpenEP
                0x0000000008000e7a       0x18 build/usbd_conf.o
                0x0000000008000e7a                USBD_LL_OpenEP
 .text.USBD_LL_CloseEP
                0x0000000008000e92       0x12 build/usbd_conf.o
                0x0000000008000e92                USBD_LL_CloseEP
 .text.USBD_LL_StallEP
                0x0000000008000ea4       0x12 build/usbd_conf.o
                0x0000000008000ea4                USBD_LL_StallEP
 .text.USBD_LL_ClearStallEP
                0x0000000008000eb6       0x12 build/usbd_conf.o
                0x0000000008000eb6                USBD_LL_ClearStallEP
 .text.USBD_LL_IsStallEP
                0x0000000008000ec8       0x32 build/usbd_conf.o
                0x0000000008000ec8                USBD_LL_IsStallEP
 .text.USBD_LL_SetUSBAddress
                0x0000000008000efa       0x12 build/usbd_conf.o
                0x0000000008000efa                USBD_LL_SetUSBAddress
 .text.USBD_LL_Transmit
                0x0000000008000f0c       0x12 build/usbd_conf.o
                0x0000000008000f0c                USBD_LL_Transmit
 .text.USBD_LL_PrepareReceive
                0x0000000008000f1e       0x12 build/usbd_conf.o
                0x0000000008000f1e                USBD_LL_PrepareReceive
 .text.USBD_LL_GetRxDataSize
                0x0000000008000f30        0xe build/usbd_conf.o
                0x0000000008000f30                USBD_LL_GetRxDataSize
 *fill*         0x0000000008000f3e        0x2 
 .text.USBD_static_malloc
                0x0000000008000f40        0x8 build/usbd_conf.o
                0x0000000008000f40                USBD_static_malloc
 .text.USBD_static_free
                0x0000000008000f48        0x2 build/usbd_conf.o
                0x0000000008000f48                USBD_static_free
 *fill*         0x0000000008000f4a        0x2 
 .text.USB_EnableGlobalInt
                0x0000000008000f4c       0x14 build/stm32f0xx_ll_usb.o
                0x0000000008000f4c                USB_EnableGlobalInt
 .text.USB_DisableGlobalInt
                0x0000000008000f60       0x14 build/stm32f0xx_ll_usb.o
                0x0000000008000f60                USB_DisableGlobalInt
 .text.USB_DevInit
                0x0000000008000f74       0x20 build/stm32f0xx_ll_usb.o
                0x0000000008000f74                USB_DevInit
 .text.USB_ActivateEndpoint
                0x0000000008000f94      0x308 build/stm32f0xx_ll_usb.o
                0x0000000008000f94                USB_ActivateEndpoint
 .text.USB_DeactivateEndpoint
                0x000000000800129c      0x170 build/stm32f0xx_ll_usb.o
                0x000000000800129c                USB_DeactivateEndpoint
 .text.USB_EPSetStall
                0x000000000800140c       0x4c build/stm32f0xx_ll_usb.o
                0x000000000800140c                USB_EPSetStall
 .text.USB_EPClearStall
                0x0000000008001458       0x9c build/stm32f0xx_ll_usb.o
                0x0000000008001458                USB_EPClearStall
 .text.USB_SetDevAddress
                0x00000000080014f4        0xe build/stm32f0xx_ll_usb.o
                0x00000000080014f4                USB_SetDevAddress
 *fill*         0x0000000008001502        0x2 
 .text.USB_DevConnect
                0x0000000008001504       0x14 build/stm32f0xx_ll_usb.o
                0x0000000008001504                USB_DevConnect
 .text.USB_ReadInterrupts
                0x0000000008001518        0x8 build/stm32f0xx_ll_usb.o
                0x0000000008001518                USB_ReadInterrupts
 .text.USB_WritePMA
                0x0000000008001520       0x28 build/stm32f0xx_ll_usb.o
                0x0000000008001520                USB_WritePMA
 .text.USB_EPStartXfer
                0x0000000008001548      0x6e0 build/stm32f0xx_ll_usb.o
                0x0000000008001548                USB_EPStartXfer
 .text.USB_ReadPMA
                0x0000000008001c28       0x2c build/stm32f0xx_ll_usb.o
                0x0000000008001c28                USB_ReadPMA
 .text.HAL_PCD_EP_DB_Receive
                0x0000000008001c54      0x118 build/stm32f0xx_hal_pcd.o
 .text.HAL_PCD_Init
                0x0000000008001d6c       0xe4 build/stm32f0xx_hal_pcd.o
                0x0000000008001d6c                HAL_PCD_Init
 .text.HAL_PCD_Start
                0x0000000008001e50       0x2e build/stm32f0xx_hal_pcd.o
                0x0000000008001e50                HAL_PCD_Start
 *fill*         0x0000000008001e7e        0x2 
 .text.HAL_PCD_EP_DB_Transmit
                0x0000000008001e80      0x3dc build/stm32f0xx_hal_pcd.o
 .text.PCD_EP_ISR_Handler
                0x000000000800225c      0x550 build/stm32f0xx_hal_pcd.o
 .text.HAL_PCD_SetAddress
                0x00000000080027ac       0x2c build/stm32f0xx_hal_pcd.o
                0x00000000080027ac                HAL_PCD_SetAddress
 .text.HAL_PCD_IRQHandler
                0x00000000080027d8      0x1a8 build/stm32f0xx_hal_pcd.o
                0x00000000080027d8                HAL_PCD_IRQHandler
 .text.HAL_PCD_EP_Open
                0x0000000008002980       0x7e build/stm32f0xx_hal_pcd.o
                0x0000000008002980                HAL_PCD_EP_Open
 .text.HAL_PCD_EP_Close
                0x00000000080029fe       0x68 build/stm32f0xx_hal_pcd.o
                0x00000000080029fe                HAL_PCD_EP_Close
 .text.HAL_PCD_EP_Receive
                0x0000000008002a66       0x56 build/stm32f0xx_hal_pcd.o
                0x0000000008002a66                HAL_PCD_EP_Receive
 .text.HAL_PCD_EP_GetRxCount
                0x0000000008002abc       0x14 build/stm32f0xx_hal_pcd.o
                0x0000000008002abc                HAL_PCD_EP_GetRxCount
 .text.HAL_PCD_EP_Transmit
                0x0000000008002ad0       0x5c build/stm32f0xx_hal_pcd.o
                0x0000000008002ad0                HAL_PCD_EP_Transmit
 .text.HAL_PCD_EP_SetStall
                0x0000000008002b2c       0x6e build/stm32f0xx_hal_pcd.o
                0x0000000008002b2c                HAL_PCD_EP_SetStall
 .text.HAL_PCD_EP_ClrStall
                0x0000000008002b9a       0x7a build/stm32f0xx_hal_pcd.o
                0x0000000008002b9a                HAL_PCD_EP_ClrStall
 .text.HAL_PCDEx_PMAConfig
                0x0000000008002c14       0x3a build/stm32f0xx_hal_pcd_ex.o
                0x0000000008002c14                HAL_PCDEx_PMAConfig
 .text.HAL_PCDEx_ActivateLPM
                0x0000000008002c4e       0x2a build/stm32f0xx_hal_pcd_ex.o
                0x0000000008002c4e                HAL_PCDEx_ActivateLPM
 .text.HAL_PCDEx_LPM_Callback
                0x0000000008002c78        0x2 build/stm32f0xx_hal_pcd_ex.o
                0x0000000008002c78                HAL_PCDEx_LPM_Callback
 *fill*         0x0000000008002c7a        0x2 
 .text.HAL_RCC_OscConfig
                0x0000000008002c7c      0x544 build/stm32f0xx_hal_rcc.o
                0x0000000008002c7c                HAL_RCC_OscConfig
 .text.HAL_RCC_GetSysClockFreq
                0x00000000080031c0       0x94 build/stm32f0xx_hal_rcc.o
                0x00000000080031c0                HAL_RCC_GetSysClockFreq
 .text.HAL_RCC_ClockConfig
                0x0000000008003254      0x144 build/stm32f0xx_hal_rcc.o
                0x0000000008003254                HAL_RCC_ClockConfig
 .text.HAL_RCCEx_PeriphCLKConfig
                0x0000000008003398      0x15c build/stm32f0xx_hal_rcc_ex.o
                0x0000000008003398                HAL_RCCEx_PeriphCLKConfig
 .text.HAL_InitTick
                0x00000000080034f4       0x50 build/stm32f0xx_hal.o
                0x00000000080034f4                HAL_InitTick
 .text.HAL_Init
                0x0000000008003544       0x20 build/stm32f0xx_hal.o
                0x0000000008003544                HAL_Init
 .text.HAL_IncTick
                0x0000000008003564       0x18 build/stm32f0xx_hal.o
                0x0000000008003564                HAL_IncTick
 .text.HAL_GetTick
                0x000000000800357c        0xc build/stm32f0xx_hal.o
                0x000000000800357c                HAL_GetTick
 .text.HAL_Delay
                0x0000000008003588       0x24 build/stm32f0xx_hal.o
                0x0000000008003588                HAL_Delay
 .text.I2C_Flush_TXDR
                0x00000000080035ac       0x1e build/stm32f0xx_hal_i2c.o
 *fill*         0x00000000080035ca        0x2 
 .text.I2C_TransferConfig
                0x00000000080035cc       0x2c build/stm32f0xx_hal_i2c.o
 .text.I2C_IsAcknowledgeFailed
                0x00000000080035f8       0x90 build/stm32f0xx_hal_i2c.o
 .text.I2C_WaitOnTXISFlagUntilTimeout
                0x0000000008003688       0x52 build/stm32f0xx_hal_i2c.o
 .text.I2C_WaitOnFlagUntilTimeout
                0x00000000080036da       0x54 build/stm32f0xx_hal_i2c.o
 *fill*         0x000000000800372e        0x2 
 .text.I2C_RequestMemoryWrite
                0x0000000008003730       0x78 build/stm32f0xx_hal_i2c.o
 .text.I2C_RequestMemoryRead
                0x00000000080037a8       0x74 build/stm32f0xx_hal_i2c.o
 .text.I2C_WaitOnSTOPFlagUntilTimeout
                0x000000000800381c       0x4e build/stm32f0xx_hal_i2c.o
 *fill*         0x000000000800386a        0x2 
 .text.HAL_I2C_Init
                0x000000000800386c       0xcc build/stm32f0xx_hal_i2c.o
                0x000000000800386c                HAL_I2C_Init
 .text.HAL_I2C_Mem_Write
                0x0000000008003938      0x1a0 build/stm32f0xx_hal_i2c.o
                0x0000000008003938                HAL_I2C_Mem_Write
 .text.HAL_I2C_Mem_Read
                0x0000000008003ad8      0x1a8 build/stm32f0xx_hal_i2c.o
                0x0000000008003ad8                HAL_I2C_Mem_Read
 .text.HAL_I2C_IsDeviceReady
                0x0000000008003c80      0x18c build/stm32f0xx_hal_i2c.o
                0x0000000008003c80                HAL_I2C_IsDeviceReady
 .text.HAL_I2CEx_ConfigAnalogFilter
                0x0000000008003e0c       0x58 build/stm32f0xx_hal_i2c_ex.o
                0x0000000008003e0c                HAL_I2CEx_ConfigAnalogFilter
 .text.HAL_I2CEx_ConfigDigitalFilter
                0x0000000008003e64       0x54 build/stm32f0xx_hal_i2c_ex.o
                0x0000000008003e64                HAL_I2CEx_ConfigDigitalFilter
 .text.HAL_GPIO_Init
                0x0000000008003eb8      0x19c build/stm32f0xx_hal_gpio.o
                0x0000000008003eb8                HAL_GPIO_Init
 .text.HAL_GPIO_WritePin
                0x0000000008004054        0xc build/stm32f0xx_hal_gpio.o
                0x0000000008004054                HAL_GPIO_WritePin
 .text.HAL_GPIO_TogglePin
                0x0000000008004060       0x10 build/stm32f0xx_hal_gpio.o
                0x0000000008004060                HAL_GPIO_TogglePin
 .text.DMA_SetConfig
                0x0000000008004070       0x2a build/stm32f0xx_hal_dma.o
 *fill*         0x000000000800409a        0x2 
 .text.DMA_CalcBaseAndBitshift
                0x000000000800409c       0x28 build/stm32f0xx_hal_dma.o
 .text.HAL_DMA_Init
                0x00000000080040c4       0x50 build/stm32f0xx_hal_dma.o
                0x00000000080040c4                HAL_DMA_Init
 .text.HAL_DMA_Start_IT
                0x0000000008004114       0x76 build/stm32f0xx_hal_dma.o
                0x0000000008004114                HAL_DMA_Start_IT
 .text.HAL_DMA_IRQHandler
                0x000000000800418a       0xaa build/stm32f0xx_hal_dma.o
                0x000000000800418a                HAL_DMA_IRQHandler
 .text.HAL_NVIC_SetPriority
                0x0000000008004234       0x60 build/stm32f0xx_hal_cortex.o
                0x0000000008004234                HAL_NVIC_SetPriority
 .text.HAL_NVIC_EnableIRQ
                0x0000000008004294       0x18 build/stm32f0xx_hal_cortex.o
                0x0000000008004294                HAL_NVIC_EnableIRQ
 .text.HAL_SYSTICK_Config
                0x00000000080042ac       0x38 build/stm32f0xx_hal_cortex.o
                0x00000000080042ac                HAL_SYSTICK_Config
 .text.ADC_Enable
                0x00000000080042e4       0xb0 build/stm32f0xx_hal_adc.o
 .text.HAL_ADC_Init
                0x0000000008004394      0x184 build/stm32f0xx_hal_adc.o
                0x0000000008004394                HAL_ADC_Init
 .text.HAL_ADC_Start_DMA
                0x0000000008004518       0xa8 build/stm32f0xx_hal_adc.o
                0x0000000008004518                HAL_ADC_Start_DMA
 .text.HAL_ADC_ConvCpltCallback
                0x00000000080045c0        0x2 build/stm32f0xx_hal_adc.o
                0x00000000080045c0                HAL_ADC_ConvCpltCallback
 *fill*         0x00000000080045c2        0x2 
 .text.ADC_DMAConvCplt
                0x00000000080045c4       0x70 build/stm32f0xx_hal_adc.o
 .text.HAL_ADC_ConvHalfCpltCallback
                0x0000000008004634        0x2 build/stm32f0xx_hal_adc.o
                0x0000000008004634                HAL_ADC_ConvHalfCpltCallback
 .text.ADC_DMAHalfConvCplt
                0x0000000008004636        0xa build/stm32f0xx_hal_adc.o
 .text.HAL_ADC_ErrorCallback
                0x0000000008004640        0x2 build/stm32f0xx_hal_adc.o
                0x0000000008004640                HAL_ADC_ErrorCallback
 .text.ADC_DMAError
                0x0000000008004642       0x1a build/stm32f0xx_hal_adc.o
 .text.HAL_ADC_ConfigChannel
                0x000000000800465c      0x14c build/stm32f0xx_hal_adc.o
                0x000000000800465c                HAL_ADC_ConfigChannel
 .text.TIM_TI1_ConfigInputStage
                0x00000000080047a8       0x22 build/stm32f0xx_hal_tim.o
 *fill*         0x00000000080047ca        0x2 
 .text.TIM_TI2_ConfigInputStage
                0x00000000080047cc       0x28 build/stm32f0xx_hal_tim.o
 .text.TIM_ITRx_SetConfig
                0x00000000080047f4       0x10 build/stm32f0xx_hal_tim.o
 .text.HAL_TIM_Base_Start_IT
                0x0000000008004804       0x6c build/stm32f0xx_hal_tim.o
                0x0000000008004804                HAL_TIM_Base_Start_IT
 .text.HAL_TIM_PeriodElapsedCallback
                0x0000000008004870        0x2 build/stm32f0xx_hal_tim.o
                0x0000000008004870                HAL_TIM_PeriodElapsedCallback
 .text.HAL_TIM_OC_DelayElapsedCallback
                0x0000000008004872        0x2 build/stm32f0xx_hal_tim.o
                0x0000000008004872                HAL_TIM_OC_DelayElapsedCallback
 .text.HAL_TIM_IC_CaptureCallback
                0x0000000008004874        0x2 build/stm32f0xx_hal_tim.o
                0x0000000008004874                HAL_TIM_IC_CaptureCallback
 .text.HAL_TIM_PWM_PulseFinishedCallback
                0x0000000008004876        0x2 build/stm32f0xx_hal_tim.o
                0x0000000008004876                HAL_TIM_PWM_PulseFinishedCallback
 .text.HAL_TIM_TriggerCallback
                0x0000000008004878        0x2 build/stm32f0xx_hal_tim.o
                0x0000000008004878                HAL_TIM_TriggerCallback
 .text.HAL_TIM_IRQHandler
                0x000000000800487a      0x15a build/stm32f0xx_hal_tim.o
                0x000000000800487a                HAL_TIM_IRQHandler
 .text.TIM_Base_SetConfig
                0x00000000080049d4       0xa4 build/stm32f0xx_hal_tim.o
                0x00000000080049d4                TIM_Base_SetConfig
 .text.HAL_TIM_Base_Init
                0x0000000008004a78       0x58 build/stm32f0xx_hal_tim.o
                0x0000000008004a78                HAL_TIM_Base_Init
 .text.TIM_ETR_SetConfig
                0x0000000008004ad0       0x18 build/stm32f0xx_hal_tim.o
                0x0000000008004ad0                TIM_ETR_SetConfig
 .text.HAL_TIM_ConfigClockSource
                0x0000000008004ae8      0x108 build/stm32f0xx_hal_tim.o
                0x0000000008004ae8                HAL_TIM_ConfigClockSource
 .text.HAL_TIMEx_MasterConfigSynchronization
                0x0000000008004bf0       0x6c build/stm32f0xx_hal_tim_ex.o
                0x0000000008004bf0                HAL_TIMEx_MasterConfigSynchronization
 .text.HAL_TIMEx_CommutCallback
                0x0000000008004c5c        0x2 build/stm32f0xx_hal_tim_ex.o
                0x0000000008004c5c                HAL_TIMEx_CommutCallback
 .text.HAL_TIMEx_BreakCallback
                0x0000000008004c5e        0x2 build/stm32f0xx_hal_tim_ex.o
                0x0000000008004c5e                HAL_TIMEx_BreakCallback
 .text.SystemInit
                0x0000000008004c60        0x2 build/system_stm32f0xx.o
                0x0000000008004c60                SystemInit
 .text.USBD_Init
                0x0000000008004c62       0x38 build/usbd_core.o
                0x0000000008004c62                USBD_Init
 .text.USBD_RegisterClass
                0x0000000008004c9a       0x12 build/usbd_core.o
                0x0000000008004c9a                USBD_RegisterClass
 .text.USBD_Start
                0x0000000008004cac        0xa build/usbd_core.o
                0x0000000008004cac                USBD_Start
 .text.USBD_SetClassConfig
                0x0000000008004cb6       0x1e build/usbd_core.o
                0x0000000008004cb6                USBD_SetClassConfig
 .text.USBD_ClrClassConfig
                0x0000000008004cd4       0x10 build/usbd_core.o
                0x0000000008004cd4                USBD_ClrClassConfig
 .text.USBD_LL_SetupStage
                0x0000000008004ce4       0x64 build/usbd_core.o
                0x0000000008004ce4                USBD_LL_SetupStage
 .text.USBD_LL_DataOutStage
                0x0000000008004d48       0xa4 build/usbd_core.o
                0x0000000008004d48                USBD_LL_DataOutStage
 .text.USBD_LL_DataInStage
                0x0000000008004dec       0xea build/usbd_core.o
                0x0000000008004dec                USBD_LL_DataInStage
 .text.USBD_LL_Reset
                0x0000000008004ed6       0x5e build/usbd_core.o
                0x0000000008004ed6                USBD_LL_Reset
 .text.USBD_LL_SetSpeed
                0x0000000008004f34        0x6 build/usbd_core.o
                0x0000000008004f34                USBD_LL_SetSpeed
 *fill*         0x0000000008004f3a        0x2 
 .text.USBD_LL_Suspend
                0x0000000008004f3c       0x18 build/usbd_core.o
                0x0000000008004f3c                USBD_LL_Suspend
 .text.USBD_LL_Resume
                0x0000000008004f54       0x1c build/usbd_core.o
                0x0000000008004f54                USBD_LL_Resume
 .text.USBD_LL_SOF
                0x0000000008004f70       0x20 build/usbd_core.o
                0x0000000008004f70                USBD_LL_SOF
 .text.USBD_GetLen
                0x0000000008004f90       0x14 build/usbd_ctlreq.o
 .text.USBD_SetFeature
                0x0000000008004fa4       0x18 build/usbd_ctlreq.o
 .text.USBD_ParseSetupRequest
                0x0000000008004fbc       0x28 build/usbd_ctlreq.o
                0x0000000008004fbc                USBD_ParseSetupRequest
 .text.USBD_CtlError
                0x0000000008004fe4       0x14 build/usbd_ctlreq.o
                0x0000000008004fe4                USBD_CtlError
 .text.USBD_GetDescriptor
                0x0000000008004ff8      0x1b8 build/usbd_ctlreq.o
 .text.USBD_SetAddress
                0x00000000080051b0       0x60 build/usbd_ctlreq.o
 .text.USBD_SetConfig
                0x0000000008005210       0xb8 build/usbd_ctlreq.o
 .text.USBD_GetConfig
                0x00000000080052c8       0x40 build/usbd_ctlreq.o
 .text.USBD_GetStatus
                0x0000000008005308       0x3e build/usbd_ctlreq.o
 .text.USBD_ClrFeature
                0x0000000008005346       0x2a build/usbd_ctlreq.o
 .text.USBD_StdDevReq
                0x0000000008005370       0x6c build/usbd_ctlreq.o
                0x0000000008005370                USBD_StdDevReq
 .text.USBD_StdItfReq
                0x00000000080053dc       0x66 build/usbd_ctlreq.o
                0x00000000080053dc                USBD_StdItfReq
 .text.USBD_StdEPReq
                0x0000000008005442      0x210 build/usbd_ctlreq.o
                0x0000000008005442                USBD_StdEPReq
 .text.USBD_GetString
                0x0000000008005652       0x3a build/usbd_ctlreq.o
                0x0000000008005652                USBD_GetString
 .text.USBD_CtlSendData
                0x000000000800568c       0x1c build/usbd_ioreq.o
                0x000000000800568c                USBD_CtlSendData
 .text.USBD_CtlContinueSendData
                0x00000000080056a8       0x10 build/usbd_ioreq.o
                0x00000000080056a8                USBD_CtlContinueSendData
 .text.USBD_CtlPrepareRx
                0x00000000080056b8       0x22 build/usbd_ioreq.o
                0x00000000080056b8                USBD_CtlPrepareRx
 .text.USBD_CtlContinueRx
                0x00000000080056da       0x10 build/usbd_ioreq.o
                0x00000000080056da                USBD_CtlContinueRx
 .text.USBD_CtlSendStatus
                0x00000000080056ea       0x18 build/usbd_ioreq.o
                0x00000000080056ea                USBD_CtlSendStatus
 .text.USBD_CtlReceiveStatus
                0x0000000008005702       0x18 build/usbd_ioreq.o
                0x0000000008005702                USBD_CtlReceiveStatus
 *fill*         0x000000000800571a        0x2 
 .text.USBD_CDC_EP0_RxReady
                0x000000000800571c       0x34 build/usbd_cdc.o
 .text.USBD_CDC_GetFSCfgDesc
                0x0000000008005750        0xc build/usbd_cdc.o
 .text.USBD_CDC_GetHSCfgDesc
                0x000000000800575c        0xc build/usbd_cdc.o
 .text.USBD_CDC_GetOtherSpeedCfgDesc
                0x0000000008005768        0xc build/usbd_cdc.o
 .text.USBD_CDC_GetDeviceQualifierDescriptor
                0x0000000008005774        0xc build/usbd_cdc.o
                0x0000000008005774                USBD_CDC_GetDeviceQualifierDescriptor
 .text.USBD_CDC_DataOut
                0x0000000008005780       0x36 build/usbd_cdc.o
 .text.USBD_CDC_DataIn
                0x00000000080057b6       0x5c build/usbd_cdc.o
 *fill*         0x0000000008005812        0x2 
 .text.USBD_CDC_Setup
                0x0000000008005814       0xf0 build/usbd_cdc.o
 .text.USBD_CDC_DeInit
                0x0000000008005904       0x4c build/usbd_cdc.o
 .text.USBD_CDC_Init
                0x0000000008005950       0xbc build/usbd_cdc.o
 .text.USBD_CDC_RegisterInterface
                0x0000000008005a0c       0x12 build/usbd_cdc.o
                0x0000000008005a0c                USBD_CDC_RegisterInterface
 .text.USBD_CDC_SetTxBuffer
                0x0000000008005a1e       0x16 build/usbd_cdc.o
                0x0000000008005a1e                USBD_CDC_SetTxBuffer
 .text.USBD_CDC_SetRxBuffer
                0x0000000008005a34        0xe build/usbd_cdc.o
                0x0000000008005a34                USBD_CDC_SetRxBuffer
 .text.USBD_CDC_ReceivePacket
                0x0000000008005a42       0x3c build/usbd_cdc.o
                0x0000000008005a42                USBD_CDC_ReceivePacket
 *fill*         0x0000000008005a7e        0x2 
 .text.Reset_Handler
                0x0000000008005a80       0x50 build/startup_stm32f072xb.o
                0x0000000008005a80                Reset_Handler
 .text.Default_Handler
                0x0000000008005ad0        0x2 build/startup_stm32f072xb.o
                0x0000000008005ad0                TIM1_CC_IRQHandler
                0x0000000008005ad0                TSC_IRQHandler
                0x0000000008005ad0                ADC1_COMP_IRQHandler
                0x0000000008005ad0                I2C1_IRQHandler
                0x0000000008005ad0                RCC_CRS_IRQHandler
                0x0000000008005ad0                SPI1_IRQHandler
                0x0000000008005ad0                TIM6_DAC_IRQHandler
                0x0000000008005ad0                USART3_4_IRQHandler
                0x0000000008005ad0                EXTI2_3_IRQHandler
                0x0000000008005ad0                I2C2_IRQHandler
                0x0000000008005ad0                TIM17_IRQHandler
                0x0000000008005ad0                CEC_CAN_IRQHandler
                0x0000000008005ad0                RTC_IRQHandler
                0x0000000008005ad0                PVD_VDDIO2_IRQHandler
                0x0000000008005ad0                TIM16_IRQHandler
                0x0000000008005ad0                TIM3_IRQHandler
                0x0000000008005ad0                EXTI4_15_IRQHandler
                0x0000000008005ad0                Default_Handler
                0x0000000008005ad0                TIM14_IRQHandler
                0x0000000008005ad0                TIM7_IRQHandler
                0x0000000008005ad0                TIM15_IRQHandler
                0x0000000008005ad0                EXTI0_1_IRQHandler
                0x0000000008005ad0                SPI2_IRQHandler
                0x0000000008005ad0                WWDG_IRQHandler
                0x0000000008005ad0                DMA1_Channel2_3_IRQHandler
                0x0000000008005ad0                USART2_IRQHandler
                0x0000000008005ad0                FLASH_IRQHandler
                0x0000000008005ad0                USART1_IRQHandler
                0x0000000008005ad0                TIM1_BRK_UP_TRG_COM_IRQHandler
 *(.glue_7)
 .glue_7        0x0000000008005ad2        0x0 linker stubs
 *(.glue_7t)
 .glue_7t       0x0000000008005ad2        0x0 linker stubs
 *(.eh_frame)
 *fill*         0x0000000008005ad2        0x2 
 .eh_frame      0x0000000008005ad4        0x0 /usr/lib/gcc/arm-none-eabi/9.2.1/thumb/v6-m/nofp/crtbegin.o
 *(.init)
 .init          0x0000000008005ad4        0x4 /usr/lib/gcc/arm-none-eabi/9.2.1/thumb/v6-m/nofp/crti.o
                0x0000000008005ad4                _init
 .init          0x0000000008005ad8        0x8 /usr/lib/gcc/arm-none-eabi/9.2.1/thumb/v6-m/nofp/crtn.o
 *(.fini)
 .fini          0x0000000008005ae0        0x4 /usr/lib/gcc/arm-none-eabi/9.2.1/thumb/v6-m/nofp/crti.o
                0x0000000008005ae0                _fini
 .fini          0x0000000008005ae4        0x8 /usr/lib/gcc/arm-none-eabi/9.2.1/thumb/v6-m/nofp/crtn.o
                0x0000000008005aec                . = ALIGN (0x4)
                0x0000000008005aec                _etext = .

.vfp11_veneer   0x0000000008005aec        0x0
 .vfp11_veneer  0x0000000008005aec        0x0 linker stubs

.v4_bx          0x0000000008005aec        0x0
 .v4_bx         0x0000000008005aec        0x0 linker stubs

.iplt           0x0000000008005aec        0x0
 .iplt          0x0000000008005aec        0x0 /usr/lib/gcc/arm-none-eabi/9.2.1/thumb/v6-m/nofp/crtbegin.o

.rodata         0x0000000008005aec       0xe4
                0x0000000008005aec                . = ALIGN (0x4)
 *(.rodata)
 *(.rodata*)
 .rodata.USBD_FS_ProductStrDescriptor.str1.4
                0x0000000008005aec       0x1c build/usbd_desc.o
 .rodata.USBD_FS_ManufacturerStrDescriptor.str1.4
                0x0000000008005b08       0x11 build/usbd_desc.o
 *fill*         0x0000000008005b19        0x3 
 .rodata.USBD_FS_ConfigStrDescriptor.str1.4
                0x0000000008005b1c        0xb build/usbd_desc.o
 *fill*         0x0000000008005b27        0x1 
 .rodata.USBD_FS_InterfaceStrDescriptor.str1.4
                0x0000000008005b28        0xe build/usbd_desc.o
 *fill*         0x0000000008005b36        0x2 
 .rodata.HAL_RCC_GetSysClockFreq.str1.4
                0x0000000008005b38       0x25 build/stm32f0xx_hal_rcc.o
 *fill*         0x0000000008005b5d        0x3 
 .rodata.AHBPrescTable
                0x0000000008005b60       0x10 build/system_stm32f0xx.o
                0x0000000008005b60                AHBPrescTable
 .rodata.USBD_GetDescriptor
                0x0000000008005b70       0x38 build/usbd_ctlreq.o
 .rodata.USBD_StdDevReq
                0x0000000008005ba8       0x28 build/usbd_ctlreq.o
                0x0000000008005bd0                . = ALIGN (0x4)

.rel.dyn        0x0000000008005bd0        0x0
 .rel.iplt      0x0000000008005bd0        0x0 /usr/lib/gcc/arm-none-eabi/9.2.1/thumb/v6-m/nofp/crtbegin.o

.ARM.extab
 *(.ARM.extab* .gnu.linkonce.armextab.*)

.ARM            0x0000000008005bd0        0x0
                0x0000000008005bd0                __exidx_start = .
 *(.ARM.exidx*)
                0x0000000008005bd0                __exidx_end = .

.preinit_array  0x0000000008005bd0        0x0
                0x0000000008005bd0                PROVIDE (__preinit_array_start = .)
 *(.preinit_array*)
                0x0000000008005bd0                PROVIDE (__preinit_array_end = .)

.init_array     0x0000000008005bd0        0x4
                0x0000000008005bd0                PROVIDE (__init_array_start = .)
 *(SORT_BY_NAME(.init_array.*))
 *(.init_array*)
 .init_array    0x0000000008005bd0        0x4 /usr/lib/gcc/arm-none-eabi/9.2.1/thumb/v6-m/nofp/crtbegin.o
                0x0000000008005bd4                PROVIDE (__init_array_end = .)

.fini_array     0x0000000008005bd4        0x4
                0x0000000008005bd4                PROVIDE (__fini_array_start = .)
 *(SORT_BY_NAME(.fini_array.*))
 *(.fini_array*)
 .fini_array    0x0000000008005bd4        0x4 /usr/lib/gcc/arm-none-eabi/9.2.1/thumb/v6-m/nofp/crtbegin.o
                0x0000000008005bd8                PROVIDE (__fini_array_end = .)
                0x0000000008005bd8                _sidata = LOADADDR (.data)

.data           0x0000000020000000      0x1f4 load address 0x0000000008005bd8
                0x0000000020000000                . = ALIGN (0x4)
                0x0000000020000000                _sdata = .
 *(.data)
 *(.data*)
 .data.sine     0x0000000020000000       0x78 build/main.o
                0x0000000020000000                sine
 .data.FS_Desc  0x0000000020000078       0x1c build/usbd_desc.o
                0x0000000020000078                FS_Desc
 .data.USBD_FS_DeviceDesc
                0x0000000020000094       0x12 build/usbd_desc.o
                0x0000000020000094                USBD_FS_DeviceDesc
 *fill*         0x00000000200000a6        0x2 
 .data.USBD_LangIDDesc
                0x00000000200000a8        0x4 build/usbd_desc.o
                0x00000000200000a8                USBD_LangIDDesc
 .data.USBD_StringSerial
                0x00000000200000ac       0x1a build/usbd_desc.o
                0x00000000200000ac                USBD_StringSerial
 *fill*         0x00000000200000c6        0x2 
 .data.USBD_Interface_fops_FS
                0x00000000200000c8       0x10 build/usbd_cdc_if.o
                0x00000000200000c8                USBD_Interface_fops_FS
 .data.uwTickFreq
                0x00000000200000d8        0x1 build/stm32f0xx_hal.o
                0x00000000200000d8                uwTickFreq
 *fill*         0x00000000200000d9        0x3 
 .data.uwTickPrio
                0x00000000200000dc        0x4 build/stm32f0xx_hal.o
                0x00000000200000dc                uwTickPrio
 .data.SystemCoreClock
                0x00000000200000e0        0x4 build/system_stm32f0xx.o
                0x00000000200000e0                SystemCoreClock
 .data.USBD_CDC
                0x00000000200000e4       0x38 build/usbd_cdc.o
                0x00000000200000e4                USBD_CDC
 .data.USBD_CDC_CfgFSDesc
                0x000000002000011c       0x43 build/usbd_cdc.o
                0x000000002000011c                USBD_CDC_CfgFSDesc
 *fill*         0x000000002000015f        0x1 
 .data.USBD_CDC_CfgHSDesc
                0x0000000020000160       0x43 build/usbd_cdc.o
                0x0000000020000160                USBD_CDC_CfgHSDesc
 *fill*         0x00000000200001a3        0x1 
 .data.USBD_CDC_DeviceQualifierDesc
                0x00000000200001a4        0xa build/usbd_cdc.o
 *fill*         0x00000000200001ae        0x2 
 .data.USBD_CDC_OtherSpeedCfgDesc
                0x00000000200001b0       0x43 build/usbd_cdc.o
                0x00000000200001b0                USBD_CDC_OtherSpeedCfgDesc
                0x00000000200001f4                . = ALIGN (0x4)
 *fill*         0x00000000200001f3        0x1 
                0x00000000200001f4                _edata = .

.tm_clone_table
                0x00000000200001f4        0x0 load address 0x0000000008005dcc
 .tm_clone_table
                0x00000000200001f4        0x0 /usr/lib/gcc/arm-none-eabi/9.2.1/thumb/v6-m/nofp/crtbegin.o
 .tm_clone_table
                0x00000000200001f4        0x0 /usr/lib/gcc/arm-none-eabi/9.2.1/thumb/v6-m/nofp/crtend.o

.igot.plt       0x00000000200001f4        0x0 load address 0x0000000008005dcc
 .igot.plt      0x00000000200001f4        0x0 /usr/lib/gcc/arm-none-eabi/9.2.1/thumb/v6-m/nofp/crtbegin.o
                0x00000000200001f4                . = ALIGN (0x4)

.bss            0x00000000200001f4     0x13e0 load address 0x0000000008005dcc
                0x00000000200001f4                _sbss = .
                0x00000000200001f4                __bss_start__ = _sbss
 *(.bss)
 .bss           0x00000000200001f4       0x1c /usr/lib/gcc/arm-none-eabi/9.2.1/thumb/v6-m/nofp/crtbegin.o
 *(.bss*)
 .bss.adc       0x0000000020000210       0x20 build/main.o
 .bss.mem.8467  0x0000000020000230      0x220 build/usbd_conf.o
 .bss.cfgidx.8398
                0x0000000020000450        0x1 build/usbd_ctlreq.o
 *(COMMON)
 *fill*         0x0000000020000451        0x3 
 COMMON         0x0000000020000454      0x1f4 build/main.o
                0x0000000020000454                hi2c2
                0x00000000200004a0                hdma_i2c2_rx
                0x00000000200004e4                hdma_i2c2_tx
                0x0000000020000528                htim1
                0x0000000020000570                htim2
                0x00000000200005b8                MP8862
                0x00000000200005c4                hdma_adc
                0x0000000020000608                hadc
 COMMON         0x0000000020000648      0x2c4 build/usb_device.o
                0x0000000020000648                hUsbDeviceFS
 COMMON         0x000000002000090c      0x200 build/usbd_desc.o
                0x000000002000090c                USBD_StrDesc
 COMMON         0x0000000020000b0c      0x7d0 build/usbd_cdc_if.o
                0x0000000020000b0c                UserRxBufferFS
                0x0000000020000ef4                UserTxBufferFS
 COMMON         0x00000000200012dc      0x2f4 build/usbd_conf.o
                0x00000000200012dc                hpcd_USB_FS
 COMMON         0x00000000200015d0        0x4 build/stm32f0xx_hal.o
                0x00000000200015d0                uwTick
                0x00000000200015d4                . = ALIGN (0x4)
                0x00000000200015d4                _ebss = .
                0x00000000200015d4                __bss_end__ = _ebss

._user_heap_stack
                0x00000000200015d4      0x604 load address 0x0000000008005dcc
                0x00000000200015d8                . = ALIGN (0x8)
 *fill*         0x00000000200015d4        0x4 
                [!provide]                        PROVIDE (end = .)
                [!provide]                        PROVIDE (_end = .)
                0x00000000200017d8                . = (. + _Min_Heap_Size)
 *fill*         0x00000000200015d8      0x200 
                0x0000000020001bd8                . = (. + _Min_Stack_Size)
 *fill*         0x00000000200017d8      0x400 
                0x0000000020001bd8                . = ALIGN (0x8)

/DISCARD/
 libc.a(*)
 libm.a(*)
 libgcc.a(*)

.ARM.attributes
                0x0000000000000000       0x28
 *(.ARM.attributes)
 .ARM.attributes
                0x0000000000000000       0x1e /usr/lib/gcc/arm-none-eabi/9.2.1/thumb/v6-m/nofp/crti.o
 .ARM.attributes
                0x000000000000001e       0x2c /usr/lib/gcc/arm-none-eabi/9.2.1/thumb/v6-m/nofp/crtbegin.o
 .ARM.attributes
                0x000000000000004a       0x2c build/main.o
 .ARM.attributes
                0x0000000000000076       0x2c build/MP8862.o
 .ARM.attributes
                0x00000000000000a2       0x2c build/stm32f0xx_it.o
 .ARM.attributes
                0x00000000000000ce       0x2c build/stm32f0xx_hal_msp.o
 .ARM.attributes
                0x00000000000000fa       0x2c build/usb_device.o
 .ARM.attributes
                0x0000000000000126       0x2c build/usbd_desc.o
 .ARM.attributes
                0x0000000000000152       0x2c build/usbd_cdc_if.o
 .ARM.attributes
                0x000000000000017e       0x2c build/usbd_conf.o
 .ARM.attributes
                0x00000000000001aa       0x2c build/stm32f0xx_ll_usb.o
 .ARM.attributes
                0x00000000000001d6       0x2c build/stm32f0xx_hal_pcd.o
 .ARM.attributes
                0x0000000000000202       0x2c build/stm32f0xx_hal_pcd_ex.o
 .ARM.attributes
                0x000000000000022e       0x2c build/stm32f0xx_hal_rcc.o
 .ARM.attributes
                0x000000000000025a       0x2c build/stm32f0xx_hal_rcc_ex.o
 .ARM.attributes
                0x0000000000000286       0x2c build/stm32f0xx_hal.o
 .ARM.attributes
                0x00000000000002b2       0x2c build/stm32f0xx_hal_i2c.o
 .ARM.attributes
                0x00000000000002de       0x2c build/stm32f0xx_hal_i2c_ex.o
 .ARM.attributes
                0x000000000000030a       0x2c build/stm32f0xx_hal_gpio.o
 .ARM.attributes
                0x0000000000000336       0x2c build/stm32f0xx_hal_dma.o
 .ARM.attributes
                0x0000000000000362       0x2c build/stm32f0xx_hal_cortex.o
 .ARM.attributes
                0x000000000000038e       0x2c build/stm32f0xx_hal_adc.o
 .ARM.attributes
                0x00000000000003ba       0x2c build/stm32f0xx_hal_tim.o
 .ARM.attributes
                0x00000000000003e6       0x2c build/stm32f0xx_hal_tim_ex.o
 .ARM.attributes
                0x0000000000000412       0x2c build/system_stm32f0xx.o
 .ARM.attributes
                0x000000000000043e       0x2c build/usbd_core.o
 .ARM.attributes
                0x000000000000046a       0x2c build/usbd_ctlreq.o
 .ARM.attributes
                0x0000000000000496       0x2c build/usbd_ioreq.o
 .ARM.attributes
                0x00000000000004c2       0x2c build/usbd_cdc.o
 .ARM.attributes
                0x00000000000004ee       0x21 build/startup_stm32f072xb.o
 .ARM.attributes
                0x000000000000050f       0x2c /usr/lib/gcc/arm-none-eabi/9.2.1/../../../arm-none-eabi/lib/thumb/v6-m/nofp/libc_nano.a(lib_a-init.o)
 .ARM.attributes
                0x000000000000053b       0x2c /usr/lib/gcc/arm-none-eabi/9.2.1/../../../arm-none-eabi/lib/thumb/v6-m/nofp/libc_nano.a(lib_a-memset.o)
 .ARM.attributes
                0x0000000000000567       0x1e /usr/lib/gcc/arm-none-eabi/9.2.1/thumb/v6-m/nofp/libgcc.a(_udivsi3.o)
 .ARM.attributes
                0x0000000000000585       0x1e /usr/lib/gcc/arm-none-eabi/9.2.1/thumb/v6-m/nofp/libgcc.a(_dvmd_tls.o)
 .ARM.attributes
                0x00000000000005a3       0x2c /usr/lib/gcc/arm-none-eabi/9.2.1/thumb/v6-m/nofp/crtend.o
 .ARM.attributes
                0x00000000000005cf       0x1e /usr/lib/gcc/arm-none-eabi/9.2.1/thumb/v6-m/nofp/crtn.o
OUTPUT(build/OPS_fw.elf elf32-littlearm)
LOAD linker stubs
LOAD /usr/lib/gcc/arm-none-eabi/9.2.1/../../../arm-none-eabi/lib/thumb/v6-m/nofp/libc.a
LOAD /usr/lib/gcc/arm-none-eabi/9.2.1/../../../arm-none-eabi/lib/thumb/v6-m/nofp/libm.a
LOAD /usr/lib/gcc/arm-none-eabi/9.2.1/thumb/v6-m/nofp/libgcc.a

.comment        0x0000000000000000       0xa7
 .comment       0x0000000000000000       0x59 /usr/lib/gcc/arm-none-eabi/9.2.1/thumb/v6-m/nofp/crtbegin.o
                                         0x5a (size before relaxing)
 .comment       0x0000000000000059       0x5a build/main.o
 .comment       0x0000000000000059       0x5a build/MP8862.o
 .comment       0x0000000000000059       0x5a build/stm32f0xx_it.o
 .comment       0x0000000000000059       0x5a build/stm32f0xx_hal_msp.o
 .comment       0x0000000000000059       0x5a build/usb_device.o
 .comment       0x0000000000000059       0x5a build/usbd_desc.o
 .comment       0x0000000000000059       0x5a build/usbd_cdc_if.o
 .comment       0x0000000000000059       0x5a build/usbd_conf.o
 .comment       0x0000000000000059       0x5a build/stm32f0xx_ll_usb.o
 .comment       0x0000000000000059       0x5a build/stm32f0xx_hal_pcd.o
 .comment       0x0000000000000059       0x5a build/stm32f0xx_hal_pcd_ex.o
 .comment       0x0000000000000059       0x5a build/stm32f0xx_hal_rcc.o
 .comment       0x0000000000000059       0x5a build/stm32f0xx_hal_rcc_ex.o
 .comment       0x0000000000000059       0x5a build/stm32f0xx_hal.o
 .comment       0x0000000000000059       0x5a build/stm32f0xx_hal_i2c.o
 .comment       0x0000000000000059       0x5a build/stm32f0xx_hal_i2c_ex.o
 .comment       0x0000000000000059       0x5a build/stm32f0xx_hal_gpio.o
 .comment       0x0000000000000059       0x5a build/stm32f0xx_hal_dma.o
 .comment       0x0000000000000059       0x5a build/stm32f0xx_hal_cortex.o
 .comment       0x0000000000000059       0x5a build/stm32f0xx_hal_adc.o
 .comment       0x0000000000000059       0x5a build/stm32f0xx_hal_tim.o
 .comment       0x0000000000000059       0x5a build/stm32f0xx_hal_tim_ex.o
 .comment       0x0000000000000059       0x5a build/system_stm32f0xx.o
 .comment       0x0000000000000059       0x5a build/usbd_core.o
 .comment       0x0000000000000059       0x5a build/usbd_ctlreq.o
 .comment       0x0000000000000059       0x5a build/usbd_ioreq.o
 .comment       0x0000000000000059       0x5a build/usbd_cdc.o
 .comment       0x0000000000000059       0x4e /usr/lib/gcc/arm-none-eabi/9.2.1/../../../arm-none-eabi/lib/thumb/v6-m/nofp/libc_nano.a(lib_a-init.o)
                                         0x4f (size before relaxing)
 .comment       0x00000000000000a7       0x4f /usr/lib/gcc/arm-none-eabi/9.2.1/../../../arm-none-eabi/lib/thumb/v6-m/nofp/libc_nano.a(lib_a-memset.o)
 .comment       0x00000000000000a7       0x5a /usr/lib/gcc/arm-none-eabi/9.2.1/thumb/v6-m/nofp/crtend.o

.debug_info     0x0000000000000000    0x26293
 .debug_info    0x0000000000000000     0x271b build/main.o
 .debug_info    0x000000000000271b      0xe2e build/MP8862.o
 .debug_info    0x0000000000003549      0xe48 build/stm32f0xx_it.o
 .debug_info    0x0000000000004391     0x1477 build/stm32f0xx_hal_msp.o
 .debug_info    0x0000000000005808     0x114a build/usb_device.o
 .debug_info    0x0000000000006952     0x106a build/usbd_desc.o
 .debug_info    0x00000000000079bc     0x138f build/usbd_cdc_if.o
 .debug_info    0x0000000000008d4b     0x26b3 build/usbd_conf.o
 .debug_info    0x000000000000b3fe     0x1b18 build/stm32f0xx_ll_usb.o
 .debug_info    0x000000000000cf16     0x1d08 build/stm32f0xx_hal_pcd.o
 .debug_info    0x000000000000ec1e      0xb39 build/stm32f0xx_hal_pcd_ex.o
 .debug_info    0x000000000000f757      0xb7a build/stm32f0xx_hal_rcc.o
 .debug_info    0x00000000000102d1      0x855 build/stm32f0xx_hal_rcc_ex.o
 .debug_info    0x0000000000010b26      0x851 build/stm32f0xx_hal.o
 .debug_info    0x0000000000011377     0x41ed build/stm32f0xx_hal_i2c.o
 .debug_info    0x0000000000015564      0xa14 build/stm32f0xx_hal_i2c_ex.o
 .debug_info    0x0000000000015f78      0x787 build/stm32f0xx_hal_gpio.o
 .debug_info    0x00000000000166ff      0x9ca build/stm32f0xx_hal_dma.o
 .debug_info    0x00000000000170c9      0x983 build/stm32f0xx_hal_cortex.o
 .debug_info    0x0000000000017a4c     0x1148 build/stm32f0xx_hal_adc.o
 .debug_info    0x0000000000018b94     0x4082 build/stm32f0xx_hal_tim.o
 .debug_info    0x000000000001cc16     0x1c61 build/stm32f0xx_hal_tim_ex.o
 .debug_info    0x000000000001e877      0x2f0 build/system_stm32f0xx.o
 .debug_info    0x000000000001eb67     0x1897 build/usbd_core.o
 .debug_info    0x00000000000203fe     0x1ba6 build/usbd_ctlreq.o
 .debug_info    0x0000000000021fa4     0x12bc build/usbd_ioreq.o
 .debug_info    0x0000000000023260     0x1f8a build/usbd_cdc.o
 .debug_info    0x00000000000251ea       0x22 build/startup_stm32f072xb.o
 .debug_info    0x000000000002520c      0x11a /usr/lib/gcc/arm-none-eabi/9.2.1/../../../arm-none-eabi/lib/thumb/v6-m/nofp/libc_nano.a(lib_a-init.o)
 .debug_info    0x0000000000025326      0xf21 /usr/lib/gcc/arm-none-eabi/9.2.1/../../../arm-none-eabi/lib/thumb/v6-m/nofp/libc_nano.a(lib_a-memset.o)
 .debug_info    0x0000000000026247       0x26 /usr/lib/gcc/arm-none-eabi/9.2.1/thumb/v6-m/nofp/libgcc.a(_udivsi3.o)
 .debug_info    0x000000000002626d       0x26 /usr/lib/gcc/arm-none-eabi/9.2.1/thumb/v6-m/nofp/libgcc.a(_dvmd_tls.o)

.debug_abbrev   0x0000000000000000     0x4a61
 .debug_abbrev  0x0000000000000000      0x36b build/main.o
 .debug_abbrev  0x000000000000036b      0x1f1 build/MP8862.o
 .debug_abbrev  0x000000000000055c      0x1b6 build/stm32f0xx_it.o
 .debug_abbrev  0x0000000000000712      0x265 build/stm32f0xx_hal_msp.o
 .debug_abbrev  0x0000000000000977      0x228 build/usb_device.o
 .debug_abbrev  0x0000000000000b9f      0x320 build/usbd_desc.o
 .debug_abbrev  0x0000000000000ebf      0x30c build/usbd_cdc_if.o
 .debug_abbrev  0x00000000000011cb      0x39c build/usbd_conf.o
 .debug_abbrev  0x0000000000001567      0x31a build/stm32f0xx_ll_usb.o
 .debug_abbrev  0x0000000000001881      0x2f2 build/stm32f0xx_hal_pcd.o
 .debug_abbrev  0x0000000000001b73      0x288 build/stm32f0xx_hal_pcd_ex.o
 .debug_abbrev  0x0000000000001dfb      0x290 build/stm32f0xx_hal_rcc.o
 .debug_abbrev  0x000000000000208b      0x23e build/stm32f0xx_hal_rcc_ex.o
 .debug_abbrev  0x00000000000022c9      0x23a build/stm32f0xx_hal.o
 .debug_abbrev  0x0000000000002503      0x2e8 build/stm32f0xx_hal_i2c.o
 .debug_abbrev  0x00000000000027eb      0x1e2 build/stm32f0xx_hal_i2c_ex.o
 .debug_abbrev  0x00000000000029cd      0x24f build/stm32f0xx_hal_gpio.o
 .debug_abbrev  0x0000000000002c1c      0x28c build/stm32f0xx_hal_dma.o
 .debug_abbrev  0x0000000000002ea8      0x2d1 build/stm32f0xx_hal_cortex.o
 .debug_abbrev  0x0000000000003179      0x2d3 build/stm32f0xx_hal_adc.o
 .debug_abbrev  0x000000000000344c      0x2c3 build/stm32f0xx_hal_tim.o
 .debug_abbrev  0x000000000000370f      0x2ab build/stm32f0xx_hal_tim_ex.o
 .debug_abbrev  0x00000000000039ba      0x14a build/system_stm32f0xx.o
 .debug_abbrev  0x0000000000003b04      0x334 build/usbd_core.o
 .debug_abbrev  0x0000000000003e38      0x387 build/usbd_ctlreq.o
 .debug_abbrev  0x00000000000041bf      0x229 build/usbd_ioreq.o
 .debug_abbrev  0x00000000000043e8      0x39a build/usbd_cdc.o
 .debug_abbrev  0x0000000000004782       0x12 build/startup_stm32f072xb.o
 .debug_abbrev  0x0000000000004794       0xcc /usr/lib/gcc/arm-none-eabi/9.2.1/../../../arm-none-eabi/lib/thumb/v6-m/nofp/libc_nano.a(lib_a-init.o)
 .debug_abbrev  0x0000000000004860      0x1d9 /usr/lib/gcc/arm-none-eabi/9.2.1/../../../arm-none-eabi/lib/thumb/v6-m/nofp/libc_nano.a(lib_a-memset.o)
 .debug_abbrev  0x0000000000004a39       0x14 /usr/lib/gcc/arm-none-eabi/9.2.1/thumb/v6-m/nofp/libgcc.a(_udivsi3.o)
 .debug_abbrev  0x0000000000004a4d       0x14 /usr/lib/gcc/arm-none-eabi/9.2.1/thumb/v6-m/nofp/libgcc.a(_dvmd_tls.o)

.debug_loc      0x0000000000000000    0x19ba6
 .debug_loc     0x0000000000000000      0x19b build/main.o
 .debug_loc     0x000000000000019b      0x65f build/MP8862.o
 .debug_loc     0x00000000000007fa       0xa0 build/stm32f0xx_it.o
 .debug_loc     0x000000000000089a      0x2bb build/stm32f0xx_hal_msp.o
 .debug_loc     0x0000000000000b55       0x20 build/usb_device.o
 .debug_loc     0x0000000000000b75      0x45d build/usbd_desc.o
 .debug_loc     0x0000000000000fd2      0x1cf build/usbd_cdc_if.o
 .debug_loc     0x00000000000011a1      0xfa7 build/usbd_conf.o
 .debug_loc     0x0000000000002148     0x1a3f build/stm32f0xx_ll_usb.o
 .debug_loc     0x0000000000003b87     0x17f5 build/stm32f0xx_hal_pcd.o
 .debug_loc     0x000000000000537c      0x2c8 build/stm32f0xx_hal_pcd_ex.o
 .debug_loc     0x0000000000005644      0x7d8 build/stm32f0xx_hal_rcc.o
 .debug_loc     0x0000000000005e1c      0x960 build/stm32f0xx_hal_rcc_ex.o
 .debug_loc     0x000000000000677c      0x1e1 build/stm32f0xx_hal.o
 .debug_loc     0x000000000000695d     0x52fb build/stm32f0xx_hal_i2c.o
 .debug_loc     0x000000000000bc58      0x2d0 build/stm32f0xx_hal_i2c_ex.o
 .debug_loc     0x000000000000bf28      0x420 build/stm32f0xx_hal_gpio.o
 .debug_loc     0x000000000000c348      0xa87 build/stm32f0xx_hal_dma.o
 .debug_loc     0x000000000000cdcf      0x473 build/stm32f0xx_hal_cortex.o
 .debug_loc     0x000000000000d242     0x10c9 build/stm32f0xx_hal_adc.o
 .debug_loc     0x000000000000e30b     0x601a build/stm32f0xx_hal_tim.o
 .debug_loc     0x0000000000014325     0x2698 build/stm32f0xx_hal_tim_ex.o
 .debug_loc     0x00000000000169bd      0x177 build/system_stm32f0xx.o
 .debug_loc     0x0000000000016b34      0xa5a build/usbd_core.o
 .debug_loc     0x000000000001758e     0x150f build/usbd_ctlreq.o
 .debug_loc     0x0000000000018a9d      0x364 build/usbd_ioreq.o
 .debug_loc     0x0000000000018e01      0xa2e build/usbd_cdc.o
 .debug_loc     0x000000000001982f       0x98 /usr/lib/gcc/arm-none-eabi/9.2.1/../../../arm-none-eabi/lib/thumb/v6-m/nofp/libc_nano.a(lib_a-init.o)
 .debug_loc     0x00000000000198c7      0x2df /usr/lib/gcc/arm-none-eabi/9.2.1/../../../arm-none-eabi/lib/thumb/v6-m/nofp/libc_nano.a(lib_a-memset.o)

.debug_aranges  0x0000000000000000     0x14a0
 .debug_aranges
                0x0000000000000000       0x60 build/main.o
 .debug_aranges
                0x0000000000000060       0x68 build/MP8862.o
 .debug_aranges
                0x00000000000000c8       0x60 build/stm32f0xx_it.o
 .debug_aranges
                0x0000000000000128       0x50 build/stm32f0xx_hal_msp.o
 .debug_aranges
                0x0000000000000178       0x20 build/usb_device.o
 .debug_aranges
                0x0000000000000198       0x60 build/usbd_desc.o
 .debug_aranges
                0x00000000000001f8       0x40 build/usbd_cdc_if.o
 .debug_aranges
                0x0000000000000238      0x118 build/usbd_conf.o
 .debug_aranges
                0x0000000000000350       0xb0 build/stm32f0xx_ll_usb.o
 .debug_aranges
                0x0000000000000400      0x130 build/stm32f0xx_hal_pcd.o
 .debug_aranges
                0x0000000000000530       0x58 build/stm32f0xx_hal_pcd_ex.o
 .debug_aranges
                0x0000000000000588       0x80 build/stm32f0xx_hal_rcc.o
 .debug_aranges
                0x0000000000000608       0x78 build/stm32f0xx_hal_rcc_ex.o
 .debug_aranges
                0x0000000000000680       0xd0 build/stm32f0xx_hal.o
 .debug_aranges
                0x0000000000000750      0x290 build/stm32f0xx_hal_i2c.o
 .debug_aranges
                0x00000000000009e0       0x48 build/stm32f0xx_hal_i2c_ex.o
 .debug_aranges
                0x0000000000000a28       0x58 build/stm32f0xx_hal_gpio.o
 .debug_aranges
                0x0000000000000a80       0x88 build/stm32f0xx_hal_dma.o
 .debug_aranges
                0x0000000000000b08       0x78 build/stm32f0xx_hal_cortex.o
 .debug_aranges
                0x0000000000000b80       0xf8 build/stm32f0xx_hal_adc.o
 .debug_aranges
                0x0000000000000c78      0x3d0 build/stm32f0xx_hal_tim.o
 .debug_aranges
                0x0000000000001048      0x168 build/stm32f0xx_hal_tim_ex.o
 .debug_aranges
                0x00000000000011b0       0x28 build/system_stm32f0xx.o
 .debug_aranges
                0x00000000000011d8       0xb8 build/usbd_core.o
 .debug_aranges
                0x0000000000001290       0x88 build/usbd_ctlreq.o
 .debug_aranges
                0x0000000000001318       0x50 build/usbd_ioreq.o
 .debug_aranges
                0x0000000000001368       0x90 build/usbd_cdc.o
 .debug_aranges
                0x00000000000013f8       0x28 build/startup_stm32f072xb.o
 .debug_aranges
                0x0000000000001420       0x20 /usr/lib/gcc/arm-none-eabi/9.2.1/../../../arm-none-eabi/lib/thumb/v6-m/nofp/libc_nano.a(lib_a-init.o)
 .debug_aranges
                0x0000000000001440       0x20 /usr/lib/gcc/arm-none-eabi/9.2.1/../../../arm-none-eabi/lib/thumb/v6-m/nofp/libc_nano.a(lib_a-memset.o)
 .debug_aranges
                0x0000000000001460       0x20 /usr/lib/gcc/arm-none-eabi/9.2.1/thumb/v6-m/nofp/libgcc.a(_udivsi3.o)
 .debug_aranges
                0x0000000000001480       0x20 /usr/lib/gcc/arm-none-eabi/9.2.1/thumb/v6-m/nofp/libgcc.a(_dvmd_tls.o)

.debug_ranges   0x0000000000000000     0x1628
 .debug_ranges  0x0000000000000000       0x68 build/main.o
 .debug_ranges  0x0000000000000068       0x58 build/MP8862.o
 .debug_ranges  0x00000000000000c0       0x50 build/stm32f0xx_it.o
 .debug_ranges  0x0000000000000110       0x40 build/stm32f0xx_hal_msp.o
 .debug_ranges  0x0000000000000150       0x10 build/usb_device.o
 .debug_ranges  0x0000000000000160       0x50 build/usbd_desc.o
 .debug_ranges  0x00000000000001b0       0x30 build/usbd_cdc_if.o
 .debug_ranges  0x00000000000001e0      0x108 build/usbd_conf.o
 .debug_ranges  0x00000000000002e8      0x2d8 build/stm32f0xx_ll_usb.o
 .debug_ranges  0x00000000000005c0      0x200 build/stm32f0xx_hal_pcd.o
 .debug_ranges  0x00000000000007c0       0x48 build/stm32f0xx_hal_pcd_ex.o
 .debug_ranges  0x0000000000000808       0x88 build/stm32f0xx_hal_rcc.o
 .debug_ranges  0x0000000000000890       0x80 build/stm32f0xx_hal_rcc_ex.o
 .debug_ranges  0x0000000000000910       0xc0 build/stm32f0xx_hal.o
 .debug_ranges  0x00000000000009d0      0x280 build/stm32f0xx_hal_i2c.o
 .debug_ranges  0x0000000000000c50       0x38 build/stm32f0xx_hal_i2c_ex.o
 .debug_ranges  0x0000000000000c88       0x48 build/stm32f0xx_hal_gpio.o
 .debug_ranges  0x0000000000000cd0       0x78 build/stm32f0xx_hal_dma.o
 .debug_ranges  0x0000000000000d48       0xc8 build/stm32f0xx_hal_cortex.o
 .debug_ranges  0x0000000000000e10       0xe8 build/stm32f0xx_hal_adc.o
 .debug_ranges  0x0000000000000ef8      0x3c0 build/stm32f0xx_hal_tim.o
 .debug_ranges  0x00000000000012b8      0x158 build/stm32f0xx_hal_tim_ex.o
 .debug_ranges  0x0000000000001410       0x18 build/system_stm32f0xx.o
 .debug_ranges  0x0000000000001428       0xa8 build/usbd_core.o
 .debug_ranges  0x00000000000014d0       0x78 build/usbd_ctlreq.o
 .debug_ranges  0x0000000000001548       0x40 build/usbd_ioreq.o
 .debug_ranges  0x0000000000001588       0x80 build/usbd_cdc.o
 .debug_ranges  0x0000000000001608       0x20 build/startup_stm32f072xb.o

.debug_line     0x0000000000000000    0x16ade
 .debug_line    0x0000000000000000      0x6ff build/main.o
 .debug_line    0x00000000000006ff      0x3a3 build/MP8862.o
 .debug_line    0x0000000000000aa2      0x252 build/stm32f0xx_it.o
 .debug_line    0x0000000000000cf4      0x4a0 build/stm32f0xx_hal_msp.o
 .debug_line    0x0000000000001194      0x25c build/usb_device.o
 .debug_line    0x00000000000013f0      0x3e2 build/usbd_desc.o
 .debug_line    0x00000000000017d2      0x2c6 build/usbd_cdc_if.o
 .debug_line    0x0000000000001a98      0x85e build/usbd_conf.o
 .debug_line    0x00000000000022f6     0x17f8 build/stm32f0xx_ll_usb.o
 .debug_line    0x0000000000003aee     0x18af build/stm32f0xx_hal_pcd.o
 .debug_line    0x000000000000539d      0x3a8 build/stm32f0xx_hal_pcd_ex.o
 .debug_line    0x0000000000005745      0xbaf build/stm32f0xx_hal_rcc.o
 .debug_line    0x00000000000062f4      0x8e5 build/stm32f0xx_hal_rcc_ex.o
 .debug_line    0x0000000000006bd9      0x46a build/stm32f0xx_hal.o
 .debug_line    0x0000000000007043     0x4883 build/stm32f0xx_hal_i2c.o
 .debug_line    0x000000000000b8c6      0x45e build/stm32f0xx_hal_i2c_ex.o
 .debug_line    0x000000000000bd24      0x5f5 build/stm32f0xx_hal_gpio.o
 .debug_line    0x000000000000c319      0x96d build/stm32f0xx_hal_dma.o
 .debug_line    0x000000000000cc86      0x4c0 build/stm32f0xx_hal_cortex.o
 .debug_line    0x000000000000d146      0xf78 build/stm32f0xx_hal_adc.o
 .debug_line    0x000000000000e0be     0x4a25 build/stm32f0xx_hal_tim.o
 .debug_line    0x0000000000012ae3     0x1b70 build/stm32f0xx_hal_tim_ex.o
 .debug_line    0x0000000000014653      0x1d8 build/system_stm32f0xx.o
 .debug_line    0x000000000001482b      0x796 build/usbd_core.o
 .debug_line    0x0000000000014fc1      0xb7d build/usbd_ctlreq.o
 .debug_line    0x0000000000015b3e      0x308 build/usbd_ioreq.o
 .debug_line    0x0000000000015e46      0x7d8 build/usbd_cdc.o
 .debug_line    0x000000000001661e       0x77 build/startup_stm32f072xb.o
 .debug_line    0x0000000000016695       0xfc /usr/lib/gcc/arm-none-eabi/9.2.1/../../../arm-none-eabi/lib/thumb/v6-m/nofp/libc_nano.a(lib_a-init.o)
 .debug_line    0x0000000000016791      0x281 /usr/lib/gcc/arm-none-eabi/9.2.1/../../../arm-none-eabi/lib/thumb/v6-m/nofp/libc_nano.a(lib_a-memset.o)
 .debug_line    0x0000000000016a12       0x6c /usr/lib/gcc/arm-none-eabi/9.2.1/thumb/v6-m/nofp/libgcc.a(_udivsi3.o)
 .debug_line    0x0000000000016a7e       0x60 /usr/lib/gcc/arm-none-eabi/9.2.1/thumb/v6-m/nofp/libgcc.a(_dvmd_tls.o)

.debug_str      0x0000000000000000     0x64ae
 .debug_str     0x0000000000000000     0x1687 build/main.o
                                       0x181a (size before relaxing)
 .debug_str     0x0000000000001687      0x40c build/MP8862.o
                                        0xb8c (size before relaxing)
 .debug_str     0x0000000000001a93      0x413 build/stm32f0xx_it.o
                                        0xb53 (size before relaxing)
 .debug_str     0x0000000000001ea6       0xe8 build/stm32f0xx_hal_msp.o
                                        0xf4c (size before relaxing)
 .debug_str     0x0000000000001f8e      0x3c3 build/usb_device.o
                                        0xaa8 (size before relaxing)
 .debug_str     0x0000000000002351      0x1a1 build/usbd_desc.o
                                        0x8dc (size before relaxing)
 .debug_str     0x00000000000024f2      0x137 build/usbd_cdc_if.o
                                        0xba1 (size before relaxing)
 .debug_str     0x0000000000002629      0x502 build/usbd_conf.o
                                       0x154a (size before relaxing)
 .debug_str     0x0000000000002b2b      0x24f build/stm32f0xx_ll_usb.o
                                        0x6d5 (size before relaxing)
 .debug_str     0x0000000000002d7a      0x155 build/stm32f0xx_hal_pcd.o
                                        0xb28 (size before relaxing)
 .debug_str     0x0000000000002ecf      0x193 build/stm32f0xx_hal_pcd_ex.o
                                        0x804 (size before relaxing)
 .debug_str     0x0000000000003062      0x202 build/stm32f0xx_hal_rcc.o
                                        0x69e (size before relaxing)
 .debug_str     0x0000000000003264      0x28e build/stm32f0xx_hal_rcc_ex.o
                                        0x6ac (size before relaxing)
 .debug_str     0x00000000000034f2      0x1db build/stm32f0xx_hal.o
                                        0x708 (size before relaxing)
 .debug_str     0x00000000000036cd      0x83b build/stm32f0xx_hal_i2c.o
                                        0xffd (size before relaxing)
 .debug_str     0x0000000000003f08       0xcb build/stm32f0xx_hal_i2c_ex.o
                                        0x863 (size before relaxing)
 .debug_str     0x0000000000003fd3       0xdf build/stm32f0xx_hal_gpio.o
                                        0x494 (size before relaxing)
 .debug_str     0x00000000000040b2      0x1ed build/stm32f0xx_hal_dma.o
                                        0x6b4 (size before relaxing)
 .debug_str     0x000000000000429f      0x20f build/stm32f0xx_hal_cortex.o
                                        0x6e8 (size before relaxing)
 .debug_str     0x00000000000044ae      0x2b5 build/stm32f0xx_hal_adc.o
                                        0x96f (size before relaxing)
 .debug_str     0x0000000000004763      0xe1a build/stm32f0xx_hal_tim.o
                                       0x16d3 (size before relaxing)
 .debug_str     0x000000000000557d      0x521 build/stm32f0xx_hal_tim_ex.o
                                        0xed4 (size before relaxing)
 .debug_str     0x0000000000005a9e       0x3d build/system_stm32f0xx.o
                                        0x2d0 (size before relaxing)
 .debug_str     0x0000000000005adb      0x145 build/usbd_core.o
                                        0xcbc (size before relaxing)
 .debug_str     0x0000000000005c20       0xe2 build/usbd_ctlreq.o
                                        0xbd6 (size before relaxing)
 .debug_str     0x0000000000005d02       0x60 build/usbd_ioreq.o
                                        0xb03 (size before relaxing)
 .debug_str     0x0000000000005d62      0x18f build/usbd_cdc.o
                                       0x10d4 (size before relaxing)
 .debug_str     0x0000000000005ef1       0x22 build/startup_stm32f072xb.o
                                         0x43 (size before relaxing)
 .debug_str     0x0000000000005f13      0x181 /usr/lib/gcc/arm-none-eabi/9.2.1/../../../arm-none-eabi/lib/thumb/v6-m/nofp/libc_nano.a(lib_a-init.o)
                                        0x222 (size before relaxing)
 .debug_str     0x0000000000006094      0x383 /usr/lib/gcc/arm-none-eabi/9.2.1/../../../arm-none-eabi/lib/thumb/v6-m/nofp/libc_nano.a(lib_a-memset.o)
                                        0x908 (size before relaxing)
 .debug_str     0x0000000000006417       0x97 /usr/lib/gcc/arm-none-eabi/9.2.1/thumb/v6-m/nofp/libgcc.a(_udivsi3.o)
                                         0xa3 (size before relaxing)
 .debug_str     0x00000000000064ae       0xa3 /usr/lib/gcc/arm-none-eabi/9.2.1/thumb/v6-m/nofp/libgcc.a(_dvmd_tls.o)

.debug_frame    0x0000000000000000     0x3500
 .debug_frame   0x0000000000000000       0xfc build/main.o
 .debug_frame   0x00000000000000fc      0x114 build/MP8862.o
 .debug_frame   0x0000000000000210       0xc8 build/stm32f0xx_it.o
 .debug_frame   0x00000000000002d8       0xc8 build/stm32f0xx_hal_msp.o
 .debug_frame   0x00000000000003a0       0x28 build/usb_device.o
 .debug_frame   0x00000000000003c8       0xe0 build/usbd_desc.o
 .debug_frame   0x00000000000004a8       0x78 build/usbd_cdc_if.o
 .debug_frame   0x0000000000000520      0x2f8 build/usbd_conf.o
 .debug_frame   0x0000000000000818      0x184 build/stm32f0xx_ll_usb.o
 .debug_frame   0x000000000000099c      0x338 build/stm32f0xx_hal_pcd.o
 .debug_frame   0x0000000000000cd4       0xa4 build/stm32f0xx_hal_pcd_ex.o
 .debug_frame   0x0000000000000d78      0x13c build/stm32f0xx_hal_rcc.o
 .debug_frame   0x0000000000000eb4       0xfc build/stm32f0xx_hal_rcc_ex.o
 .debug_frame   0x0000000000000fb0      0x1ac build/stm32f0xx_hal.o
 .debug_frame   0x000000000000115c      0x864 build/stm32f0xx_hal_i2c.o
 .debug_frame   0x00000000000019c0       0xb0 build/stm32f0xx_hal_i2c_ex.o
 .debug_frame   0x0000000000001a70       0xc0 build/stm32f0xx_hal_gpio.o
 .debug_frame   0x0000000000001b30      0x168 build/stm32f0xx_hal_dma.o
 .debug_frame   0x0000000000001c98       0xe4 build/stm32f0xx_hal_cortex.o
 .debug_frame   0x0000000000001d7c      0x2a0 build/stm32f0xx_hal_adc.o
 .debug_frame   0x000000000000201c      0xad4 build/stm32f0xx_hal_tim.o
 .debug_frame   0x0000000000002af0      0x420 build/stm32f0xx_hal_tim_ex.o
 .debug_frame   0x0000000000002f10       0x38 build/system_stm32f0xx.o
 .debug_frame   0x0000000000002f48      0x1c4 build/usbd_core.o
 .debug_frame   0x000000000000310c      0x168 build/usbd_ctlreq.o
 .debug_frame   0x0000000000003274       0xb8 build/usbd_ioreq.o
 .debug_frame   0x000000000000332c      0x158 build/usbd_cdc.o
 .debug_frame   0x0000000000003484       0x2c /usr/lib/gcc/arm-none-eabi/9.2.1/../../../arm-none-eabi/lib/thumb/v6-m/nofp/libc_nano.a(lib_a-init.o)
 .debug_frame   0x00000000000034b0       0x30 /usr/lib/gcc/arm-none-eabi/9.2.1/../../../arm-none-eabi/lib/thumb/v6-m/nofp/libc_nano.a(lib_a-memset.o)
 .debug_frame   0x00000000000034e0       0x20 /usr/lib/gcc/arm-none-eabi/9.2.1/thumb/v6-m/nofp/libgcc.a(_udivsi3.o)

Cross Reference Table

Symbol                                            File
ADC1_COMP_IRQHandler                              build/startup_stm32f072xb.o
AHBPrescTable                                     build/system_stm32f0xx.o
                                                  build/stm32f0xx_hal_rcc.o
APBPrescTable                                     build/system_stm32f0xx.o
                                                  build/stm32f0xx_hal_rcc.o
CDC_Transmit_FS                                   build/usbd_cdc_if.o
CEC_CAN_IRQHandler                                build/startup_stm32f072xb.o
DMA1_Channel1_IRQHandler                          build/stm32f0xx_it.o
DMA1_Channel2_3_IRQHandler                        build/startup_stm32f072xb.o
DMA1_Channel4_5_6_7_IRQHandler                    build/stm32f0xx_it.o
Default_Handler                                   build/startup_stm32f072xb.o
EXTI0_1_IRQHandler                                build/startup_stm32f072xb.o
EXTI2_3_IRQHandler                                build/startup_stm32f072xb.o
EXTI4_15_IRQHandler                               build/startup_stm32f072xb.o
Error_Handler                                     build/main.o
                                                  build/usbd_conf.o
                                                  build/usb_device.o
                                                  build/stm32f0xx_hal_msp.o
FLASH_IRQHandler                                  build/startup_stm32f072xb.o
FLASH_PageErase                                   build/stm32f0xx_hal_flash_ex.o
                                                  build/stm32f0xx_hal_flash.o
FLASH_WaitForLastOperation                        build/stm32f0xx_hal_flash.o
                                                  build/stm32f0xx_hal_flash_ex.o
FS_Desc                                           build/usbd_desc.o
                                                  build/usb_device.o
HAL_ADCEx_Calibration_Start                       build/stm32f0xx_hal_adc_ex.o
HAL_ADC_AnalogWDGConfig                           build/stm32f0xx_hal_adc.o
HAL_ADC_ConfigChannel                             build/stm32f0xx_hal_adc.o
                                                  build/main.o
HAL_ADC_ConvCpltCallback                          build/stm32f0xx_hal_adc.o
HAL_ADC_ConvHalfCpltCallback                      build/stm32f0xx_hal_adc.o
HAL_ADC_DeInit                                    build/stm32f0xx_hal_adc.o
HAL_ADC_ErrorCallback                             build/stm32f0xx_hal_adc.o
HAL_ADC_GetError                                  build/stm32f0xx_hal_adc.o
HAL_ADC_GetState                                  build/stm32f0xx_hal_adc.o
HAL_ADC_GetValue                                  build/stm32f0xx_hal_adc.o
HAL_ADC_IRQHandler                                build/stm32f0xx_hal_adc.o
HAL_ADC_Init                                      build/stm32f0xx_hal_adc.o
                                                  build/main.o
HAL_ADC_LevelOutOfWindowCallback                  build/stm32f0xx_hal_adc.o
HAL_ADC_MspDeInit                                 build/stm32f0xx_hal_msp.o
HAL_ADC_MspInit                                   build/stm32f0xx_hal_msp.o
HAL_ADC_PollForConversion                         build/stm32f0xx_hal_adc.o
HAL_ADC_PollForEvent                              build/stm32f0xx_hal_adc.o
HAL_ADC_Start                                     build/stm32f0xx_hal_adc.o
HAL_ADC_Start_DMA                                 build/stm32f0xx_hal_adc.o
                                                  build/main.o
HAL_ADC_Start_IT                                  build/stm32f0xx_hal_adc.o
HAL_ADC_Stop                                      build/stm32f0xx_hal_adc.o
HAL_ADC_Stop_DMA                                  build/stm32f0xx_hal_adc.o
HAL_ADC_Stop_IT                                   build/stm32f0xx_hal_adc.o
HAL_DBGMCU_DisableDBGStandbyMode                  build/stm32f0xx_hal.o
HAL_DBGMCU_DisableDBGStopMode                     build/stm32f0xx_hal.o
HAL_DBGMCU_EnableDBGStandbyMode                   build/stm32f0xx_hal.o
HAL_DBGMCU_EnableDBGStopMode                      build/stm32f0xx_hal.o
HAL_DMA_Abort                                     build/stm32f0xx_hal_dma.o
                                                  build/stm32f0xx_hal_adc.o
HAL_DMA_Abort_IT                                  build/stm32f0xx_hal_dma.o
                                                  build/stm32f0xx_hal_tim_ex.o
                                                  build/stm32f0xx_hal_tim.o
                                                  build/stm32f0xx_hal_i2c.o
HAL_DMA_DeInit                                    build/stm32f0xx_hal_dma.o
                                                  build/stm32f0xx_hal_msp.o
HAL_DMA_GetError                                  build/stm32f0xx_hal_dma.o
HAL_DMA_GetState                                  build/stm32f0xx_hal_dma.o
                                                  build/stm32f0xx_hal_i2c.o
HAL_DMA_IRQHandler                                build/stm32f0xx_hal_dma.o
                                                  build/stm32f0xx_it.o
HAL_DMA_Init                                      build/stm32f0xx_hal_dma.o
                                                  build/stm32f0xx_hal_msp.o
HAL_DMA_PollForTransfer                           build/stm32f0xx_hal_dma.o
HAL_DMA_RegisterCallback                          build/stm32f0xx_hal_dma.o
HAL_DMA_Start                                     build/stm32f0xx_hal_dma.o
HAL_DMA_Start_IT                                  build/stm32f0xx_hal_dma.o
                                                  build/stm32f0xx_hal_tim_ex.o
                                                  build/stm32f0xx_hal_tim.o
                                                  build/stm32f0xx_hal_adc.o
                                                  build/stm32f0xx_hal_i2c.o
HAL_DMA_UnRegisterCallback                        build/stm32f0xx_hal_dma.o
HAL_DeInit                                        build/stm32f0xx_hal.o
HAL_Delay                                         build/stm32f0xx_hal.o
                                                  build/stm32f0xx_hal_pcd_ex.o
                                                  build/usbd_conf.o
                                                  build/main.o
HAL_EXTI_ClearConfigLine                          build/stm32f0xx_hal_exti.o
HAL_EXTI_ClearPending                             build/stm32f0xx_hal_exti.o
HAL_EXTI_GenerateSWI                              build/stm32f0xx_hal_exti.o
HAL_EXTI_GetConfigLine                            build/stm32f0xx_hal_exti.o
HAL_EXTI_GetHandle                                build/stm32f0xx_hal_exti.o
HAL_EXTI_GetPending                               build/stm32f0xx_hal_exti.o
HAL_EXTI_IRQHandler                               build/stm32f0xx_hal_exti.o
HAL_EXTI_RegisterCallback                         build/stm32f0xx_hal_exti.o
HAL_EXTI_SetConfigLine                            build/stm32f0xx_hal_exti.o
HAL_FLASHEx_Erase                                 build/stm32f0xx_hal_flash_ex.o
HAL_FLASHEx_Erase_IT                              build/stm32f0xx_hal_flash_ex.o
HAL_FLASHEx_OBErase                               build/stm32f0xx_hal_flash_ex.o
HAL_FLASHEx_OBGetConfig                           build/stm32f0xx_hal_flash_ex.o
HAL_FLASHEx_OBGetUserData                         build/stm32f0xx_hal_flash_ex.o
HAL_FLASHEx_OBProgram                             build/stm32f0xx_hal_flash_ex.o
HAL_FLASH_EndOfOperationCallback                  build/stm32f0xx_hal_flash.o
HAL_FLASH_GetError                                build/stm32f0xx_hal_flash.o
HAL_FLASH_IRQHandler                              build/stm32f0xx_hal_flash.o
HAL_FLASH_Lock                                    build/stm32f0xx_hal_flash.o
HAL_FLASH_OB_Launch                               build/stm32f0xx_hal_flash.o
HAL_FLASH_OB_Lock                                 build/stm32f0xx_hal_flash.o
HAL_FLASH_OB_Unlock                               build/stm32f0xx_hal_flash.o
HAL_FLASH_OperationErrorCallback                  build/stm32f0xx_hal_flash.o
HAL_FLASH_Program                                 build/stm32f0xx_hal_flash.o
HAL_FLASH_Program_IT                              build/stm32f0xx_hal_flash.o
HAL_FLASH_Unlock                                  build/stm32f0xx_hal_flash.o
HAL_GPIO_DeInit                                   build/stm32f0xx_hal_gpio.o
                                                  build/stm32f0xx_hal_msp.o
HAL_GPIO_EXTI_Callback                            build/stm32f0xx_hal_gpio.o
HAL_GPIO_EXTI_IRQHandler                          build/stm32f0xx_hal_gpio.o
HAL_GPIO_Init                                     build/stm32f0xx_hal_gpio.o
                                                  build/stm32f0xx_hal_rcc.o
                                                  build/stm32f0xx_hal_msp.o
                                                  build/main.o
HAL_GPIO_LockPin                                  build/stm32f0xx_hal_gpio.o
HAL_GPIO_ReadPin                                  build/stm32f0xx_hal_gpio.o
HAL_GPIO_TogglePin                                build/stm32f0xx_hal_gpio.o
                                                  build/main.o
HAL_GPIO_WritePin                                 build/stm32f0xx_hal_gpio.o
                                                  build/main.o
HAL_GetDEVID                                      build/stm32f0xx_hal.o
HAL_GetHalVersion                                 build/stm32f0xx_hal.o
HAL_GetREVID                                      build/stm32f0xx_hal.o
HAL_GetTick                                       build/stm32f0xx_hal.o
                                                  build/stm32f0xx_hal_adc_ex.o
                                                  build/stm32f0xx_hal_adc.o
                                                  build/stm32f0xx_hal_flash.o
                                                  build/stm32f0xx_hal_dma.o
                                                  build/stm32f0xx_hal_i2c.o
                                                  build/stm32f0xx_hal_rcc_ex.o
                                                  build/stm32f0xx_hal_rcc.o
                                                  build/stm32f0xx_hal_pcd_ex.o
HAL_GetTickFreq                                   build/stm32f0xx_hal.o
HAL_GetTickPrio                                   build/stm32f0xx_hal.o
HAL_GetUIDw0                                      build/stm32f0xx_hal.o
HAL_GetUIDw1                                      build/stm32f0xx_hal.o
HAL_GetUIDw2                                      build/stm32f0xx_hal.o
HAL_I2CEx_ConfigAnalogFilter                      build/stm32f0xx_hal_i2c_ex.o
                                                  build/main.o
HAL_I2CEx_ConfigDigitalFilter                     build/stm32f0xx_hal_i2c_ex.o
                                                  build/main.o
HAL_I2CEx_DisableFastModePlus                     build/stm32f0xx_hal_i2c_ex.o
HAL_I2CEx_DisableWakeUp                           build/stm32f0xx_hal_i2c_ex.o
HAL_I2CEx_EnableFastModePlus                      build/stm32f0xx_hal_i2c_ex.o
HAL_I2CEx_EnableWakeUp                            build/stm32f0xx_hal_i2c_ex.o
HAL_I2C_AbortCpltCallback                         build/stm32f0xx_hal_i2c.o
HAL_I2C_AddrCallback                              build/stm32f0xx_hal_i2c.o
HAL_I2C_DeInit                                    build/stm32f0xx_hal_i2c.o
HAL_I2C_DisableListen_IT                          build/stm32f0xx_hal_i2c.o
HAL_I2C_ER_IRQHandler                             build/stm32f0xx_hal_i2c.o
HAL_I2C_EV_IRQHandler                             build/stm32f0xx_hal_i2c.o
HAL_I2C_EnableListen_IT                           build/stm32f0xx_hal_i2c.o
HAL_I2C_ErrorCallback                             build/stm32f0xx_hal_i2c.o
HAL_I2C_GetError                                  build/stm32f0xx_hal_i2c.o
HAL_I2C_GetMode                                   build/stm32f0xx_hal_i2c.o
HAL_I2C_GetState                                  build/stm32f0xx_hal_i2c.o
HAL_I2C_Init                                      build/stm32f0xx_hal_i2c.o
                                                  build/main.o
HAL_I2C_IsDeviceReady                             build/stm32f0xx_hal_i2c.o
                                                  build/MP8862.o
HAL_I2C_ListenCpltCallback                        build/stm32f0xx_hal_i2c.o
HAL_I2C_MasterRxCpltCallback                      build/stm32f0xx_hal_i2c.o
HAL_I2C_MasterTxCpltCallback                      build/stm32f0xx_hal_i2c.o
HAL_I2C_Master_Abort_IT                           build/stm32f0xx_hal_i2c.o
HAL_I2C_Master_Receive                            build/stm32f0xx_hal_i2c.o
HAL_I2C_Master_Receive_DMA                        build/stm32f0xx_hal_i2c.o
HAL_I2C_Master_Receive_IT                         build/stm32f0xx_hal_i2c.o
HAL_I2C_Master_Seq_Receive_DMA                    build/stm32f0xx_hal_i2c.o
HAL_I2C_Master_Seq_Receive_IT                     build/stm32f0xx_hal_i2c.o
HAL_I2C_Master_Seq_Transmit_DMA                   build/stm32f0xx_hal_i2c.o
HAL_I2C_Master_Seq_Transmit_IT                    build/stm32f0xx_hal_i2c.o
HAL_I2C_Master_Transmit                           build/stm32f0xx_hal_i2c.o
HAL_I2C_Master_Transmit_DMA                       build/stm32f0xx_hal_i2c.o
HAL_I2C_Master_Transmit_IT                        build/stm32f0xx_hal_i2c.o
HAL_I2C_MemRxCpltCallback                         build/stm32f0xx_hal_i2c.o
HAL_I2C_MemTxCpltCallback                         build/stm32f0xx_hal_i2c.o
HAL_I2C_Mem_Read                                  build/stm32f0xx_hal_i2c.o
                                                  build/MP8862.o
HAL_I2C_Mem_Read_DMA                              build/stm32f0xx_hal_i2c.o
HAL_I2C_Mem_Read_IT                               build/stm32f0xx_hal_i2c.o
HAL_I2C_Mem_Write                                 build/stm32f0xx_hal_i2c.o
                                                  build/MP8862.o
HAL_I2C_Mem_Write_DMA                             build/stm32f0xx_hal_i2c.o
HAL_I2C_Mem_Write_IT                              build/stm32f0xx_hal_i2c.o
HAL_I2C_MspDeInit                                 build/stm32f0xx_hal_msp.o
HAL_I2C_MspInit                                   build/stm32f0xx_hal_msp.o
HAL_I2C_SlaveRxCpltCallback                       build/stm32f0xx_hal_i2c.o
HAL_I2C_SlaveTxCpltCallback                       build/stm32f0xx_hal_i2c.o
HAL_I2C_Slave_Receive                             build/stm32f0xx_hal_i2c.o
HAL_I2C_Slave_Receive_DMA                         build/stm32f0xx_hal_i2c.o
HAL_I2C_Slave_Receive_IT                          build/stm32f0xx_hal_i2c.o
HAL_I2C_Slave_Seq_Receive_DMA                     build/stm32f0xx_hal_i2c.o
HAL_I2C_Slave_Seq_Receive_IT                      build/stm32f0xx_hal_i2c.o
HAL_I2C_Slave_Seq_Transmit_DMA                    build/stm32f0xx_hal_i2c.o
HAL_I2C_Slave_Seq_Transmit_IT                     build/stm32f0xx_hal_i2c.o
HAL_I2C_Slave_Transmit                            build/stm32f0xx_hal_i2c.o
HAL_I2C_Slave_Transmit_DMA                        build/stm32f0xx_hal_i2c.o
HAL_I2C_Slave_Transmit_IT                         build/stm32f0xx_hal_i2c.o
HAL_IncTick                                       build/stm32f0xx_hal.o
                                                  build/stm32f0xx_it.o
HAL_Init                                          build/stm32f0xx_hal.o
                                                  build/main.o
HAL_InitTick                                      build/stm32f0xx_hal.o
                                                  build/stm32f0xx_hal_rcc.o
HAL_MspDeInit                                     build/stm32f0xx_hal.o
HAL_MspInit                                       build/stm32f0xx_hal_msp.o
HAL_NVIC_ClearPendingIRQ                          build/stm32f0xx_hal_cortex.o
HAL_NVIC_DisableIRQ                               build/stm32f0xx_hal_cortex.o
                                                  build/usbd_conf.o
                                                  build/stm32f0xx_hal_msp.o
HAL_NVIC_EnableIRQ                                build/stm32f0xx_hal_cortex.o
                                                  build/usbd_conf.o
                                                  build/stm32f0xx_hal_msp.o
                                                  build/main.o
HAL_NVIC_GetPendingIRQ                            build/stm32f0xx_hal_cortex.o
HAL_NVIC_GetPriority                              build/stm32f0xx_hal_cortex.o
HAL_NVIC_SetPendingIRQ                            build/stm32f0xx_hal_cortex.o
HAL_NVIC_SetPriority                              build/stm32f0xx_hal_cortex.o
                                                  build/stm32f0xx_hal.o
                                                  build/usbd_conf.o
                                                  build/stm32f0xx_hal_msp.o
                                                  build/main.o
HAL_NVIC_SystemReset                              build/stm32f0xx_hal_cortex.o
HAL_PCDEx_ActivateBCD                             build/stm32f0xx_hal_pcd_ex.o
HAL_PCDEx_ActivateLPM                             build/stm32f0xx_hal_pcd_ex.o
                                                  build/stm32f0xx_hal_pcd.o
HAL_PCDEx_BCD_Callback                            build/stm32f0xx_hal_pcd_ex.o
HAL_PCDEx_BCD_VBUSDetect                          build/stm32f0xx_hal_pcd_ex.o
HAL_PCDEx_DeActivateBCD                           build/stm32f0xx_hal_pcd_ex.o
HAL_PCDEx_DeActivateLPM                           build/stm32f0xx_hal_pcd_ex.o
HAL_PCDEx_LPM_Callback                            build/stm32f0xx_hal_pcd_ex.o
                                                  build/stm32f0xx_hal_pcd.o
HAL_PCDEx_PMAConfig                               build/stm32f0xx_hal_pcd_ex.o
                                                  build/usbd_conf.o
HAL_PCD_ActivateRemoteWakeup                      build/stm32f0xx_hal_pcd.o
HAL_PCD_ConnectCallback                           build/usbd_conf.o
HAL_PCD_DataInStageCallback                       build/usbd_conf.o
HAL_PCD_DataOutStageCallback                      build/usbd_conf.o
HAL_PCD_DeActivateRemoteWakeup                    build/stm32f0xx_hal_pcd.o
HAL_PCD_DeInit                                    build/stm32f0xx_hal_pcd.o
                                                  build/usbd_conf.o
HAL_PCD_DevConnect                                build/stm32f0xx_hal_pcd.o
HAL_PCD_DevDisconnect                             build/stm32f0xx_hal_pcd.o
HAL_PCD_DisconnectCallback                        build/usbd_conf.o
HAL_PCD_EP_Close                                  build/stm32f0xx_hal_pcd.o
                                                  build/usbd_conf.o
HAL_PCD_EP_ClrStall                               build/stm32f0xx_hal_pcd.o
                                                  build/usbd_conf.o
HAL_PCD_EP_Flush                                  build/stm32f0xx_hal_pcd.o
                                                  build/usbd_conf.o
HAL_PCD_EP_GetRxCount                             build/stm32f0xx_hal_pcd.o
                                                  build/usbd_conf.o
HAL_PCD_EP_Open                                   build/stm32f0xx_hal_pcd.o
                                                  build/usbd_conf.o
HAL_PCD_EP_Receive                                build/stm32f0xx_hal_pcd.o
                                                  build/usbd_conf.o